# Note: This mapping format requires the complete path (not just the 
#       relative path).

# PETSc default:  
default http://www.mcs.anl.gov/petsc/onepager.html

# PDE Solvers Module
rect http://www.mcs.anl.gov/petsc/summaries.html#NodeGrid 106 92 221 133

# SNES Module
rect http://www.mcs.anl.gov/petsc/summaries.html#NodeSNES 69 142 273 191

# SLES Module
rect http://www.mcs.anl.gov/petsc/summaries.html#NodeSLES 296 168 474 216

# KSP Module
rect http://www.mcs.anl.gov/petsc/summaries.html#NodeKSP 92 200 252 252

# Draw Module
rect http://www.mcs.anl.gov/petsc/summaries.html#NodeDraw 418 227 510 270

# Vectors Module
rect http://www.mcs.anl.gov/petsc/summaries.html#NodeVectors 225 281 340 319

# Matrices Module
rect http://www.mcs.anl.gov/petsc/summaries.html#NodeMatrices 69 279 186 319

# Index Sets Module
rect http://www.mcs.anl.gov/petsc/summaries.html#Node 395 281 509 318

# Preconditioners Module
rect http://www.mcs.anl.gov/petsc/summaries.html#NodePC 266 227 400 270

# MPI Module
rect http://www.mcs.anl.gov/mpi/index.html 363 348 510 387

# Applications
rect http://www.mcs.anl.gov/petsc/petsc.html#NodeApplications 248 77 409 117

# Abstraction
rect http://www.mcs.anl.gov/petsc/summaries.html#NodeAbstractions 12 42 57 458
