# Note:  The commented decoding lines of this file denote the old
#        mapping format, which should now be obselete.  The new format 
#        requires the complete path (not just the relative path).

# PETSc default:  
default http://www.mcs.anl.gov/petsc/onepager.html

# PDE Solvers Module
rect http://www.mcs.anl.gov/petsc/summaries.html#NodeGrid 105 150 192 186 

# SNES Module
rect http://www.mcs.anl.gov/petsc/summaries.html#NodeSNES 135 201 291 243   

# SLES Module
rect http://www.mcs.anl.gov/petsc/summaries.html#NodeSLES 314 233 446  277

# KSP Module
rect http://www.mcs.anl.gov/petsc/summaries.html#NodeKSP 105 256 226  307

# Draw Module
rect http://www.mcs.anl.gov/petsc/summaries.html#NodeDraw 388 300 454 338

# Vectors Module
rect http://www.mcs.anl.gov/petsc/summaries.html#NodeVectors 274 359 361 396

# Matrices Module
rect http://www.mcs.anl.gov/petsc/summaries.html#NodeMatrices 114 354 201 391

# Index Sets Module
rect http://www.mcs.anl.gov/petsc/summaries.html#Node 428 352 516  390

# Preconditioners Module
rect http://www.mcs.anl.gov/petsc/summaries.html#NodePC 259 301 358 351

# MPI Module
rect http://www.mcs.anl.gov/mpi/index.html 301 462 348 491

# Applications
rect http://www.mcs.anl.gov/petsc/petsc.html#NodeApplications 227 115 350 171

# Abstraction
rect http://www.mcs.anl.gov/petsc/summaries.html#NodeAbstractions 43 79 87   529 
