timestep 0 time 0. norm 2.75974
0 TS dt 0.1 time 0.
    0 SNES Function norm 1.056414579566e+03
      0 KSP Residual norm 1.766239656323e+01
      1 KSP Residual norm 1.319459763507e-01
      2 KSP Residual norm 9.011833379327e-04
      3 KSP Residual norm 5.856553579515e-06
    1 SNES Function norm 3.195850756200e-04
      0 KSP Residual norm 5.837764891238e-06
      1 KSP Residual norm 5.739869497079e-08
      2 KSP Residual norm 3.977969347072e-10
      3 KSP Residual norm 2.671308160211e-12
    2 SNES Function norm 1.657510787618e-10
    0 SNES Function norm 1.373170803497e+03
      0 KSP Residual norm 1.705765589688e+01
      1 KSP Residual norm 4.268865578882e-01
      2 KSP Residual norm 3.292197215864e-03
      3 KSP Residual norm 1.762236484208e-05
    1 SNES Function norm 1.142798717725e-03
      0 KSP Residual norm 1.764037087040e-05
      1 KSP Residual norm 2.599369838012e-07
      2 KSP Residual norm 2.189938299431e-09
      3 KSP Residual norm 9.399190690601e-12
    2 SNES Function norm 4.508509834249e-10
timestep 1 time 0.1 norm 32.3728
1 TS dt 0.1 time 0.1
    0 SNES Function norm 6.564272107064e+02
      0 KSP Residual norm 2.096051571596e+00
      1 KSP Residual norm 5.912809402617e-05
      2 KSP Residual norm 1.307256056363e-10
    1 SNES Function norm 2.574215649413e-06
    0 SNES Function norm 1.630272024645e+03
      0 KSP Residual norm 5.135827612101e+00
      1 KSP Residual norm 1.352944635934e-04
      2 KSP Residual norm 2.956367369470e-10
    1 SNES Function norm 8.954662498681e-06
timestep 2 time 0.11 norm 30.2511
2 TS dt 0.01 time 0.11
