timestep 0 time 0. norm 2.75974
0 TS dt 0.1 time 0.
    0 SNES Function norm 1.056414579566e+03
      0 KSP Residual norm 1.566702117176e+01
      1 KSP Residual norm 1.410741954140e+00
      2 KSP Residual norm 1.655405412133e-01
      3 KSP Residual norm 1.919172688198e-02
      4 KSP Residual norm 2.630924936508e-03
      5 KSP Residual norm 2.790295859188e-04
      6 KSP Residual norm 2.345265746672e-05
    1 SNES Function norm 1.328409393978e-03
      0 KSP Residual norm 2.344679790518e-05
      1 KSP Residual norm 2.471284565617e-06
      2 KSP Residual norm 2.246798562272e-07
      3 KSP Residual norm 2.856803279726e-08
      4 KSP Residual norm 3.603255989528e-09
      5 KSP Residual norm 4.308458942036e-10
      6 KSP Residual norm 4.432063976057e-11
    2 SNES Function norm 2.246291010728e-09
timestep 1 time 0.1 norm 16.0687
1 TS dt 0.1 time 0.1
    0 SNES Function norm 1.608278161114e+02
      0 KSP Residual norm 8.264769623713e+00
      1 KSP Residual norm 1.236334536438e+00
      2 KSP Residual norm 1.919860062136e-01
      3 KSP Residual norm 2.136101223948e-02
      4 KSP Residual norm 2.186658939810e-03
      5 KSP Residual norm 2.289928208752e-04
      6 KSP Residual norm 1.304755567009e-05
    1 SNES Function norm 5.515998638917e-04
      0 KSP Residual norm 1.304769579405e-05
      1 KSP Residual norm 1.560640856414e-06
      2 KSP Residual norm 1.525605085241e-07
      3 KSP Residual norm 2.050170286089e-08
      4 KSP Residual norm 2.335968832694e-09
      5 KSP Residual norm 2.527662948070e-10
      6 KSP Residual norm 2.471898196168e-11
    2 SNES Function norm 8.945275748323e-10
timestep 2 time 0.2 norm 11.1557
2 TS dt 0.1 time 0.2
    0 SNES Function norm 8.296469401824e+01
      0 KSP Residual norm 7.581065714693e+00
      1 KSP Residual norm 8.579729897457e-01
      2 KSP Residual norm 7.784869134132e-02
      3 KSP Residual norm 8.739379339659e-03
      4 KSP Residual norm 8.575519666840e-04
      5 KSP Residual norm 5.583287085813e-05
    1 SNES Function norm 1.687120854732e-03
      0 KSP Residual norm 5.583117328606e-05
      1 KSP Residual norm 5.411469752300e-06
      2 KSP Residual norm 5.340589574828e-07
      3 KSP Residual norm 7.144576708835e-08
      4 KSP Residual norm 7.904650133401e-09
      5 KSP Residual norm 9.181889577165e-10
      6 KSP Residual norm 9.974524133713e-11
    2 SNES Function norm 2.331501687825e-09
timestep 3 time 0.3 norm 6.07924
3 TS dt 0.1 time 0.3
    0 SNES Function norm 7.368007008139e+01
      0 KSP Residual norm 4.824915256754e+00
      1 KSP Residual norm 7.179186797035e-01
      2 KSP Residual norm 5.776553686650e-02
      3 KSP Residual norm 3.860965288115e-03
      4 KSP Residual norm 2.748583619217e-04
      5 KSP Residual norm 2.258126921626e-05
    1 SNES Function norm 7.174205821442e-04
      0 KSP Residual norm 2.258094300598e-05
      1 KSP Residual norm 3.494103948942e-06
      2 KSP Residual norm 4.598026376775e-07
      3 KSP Residual norm 4.197565677303e-08
      4 KSP Residual norm 5.447873188056e-09
      5 KSP Residual norm 5.560394145786e-10
      6 KSP Residual norm 4.942578933910e-11
    2 SNES Function norm 1.548415745246e-09
timestep 4 time 0.4 norm 4.33464
4 TS dt 0.1 time 0.4
    0 SNES Function norm 4.659471732143e+01
      0 KSP Residual norm 2.659822247094e+00
      1 KSP Residual norm 5.427925264759e-01
      2 KSP Residual norm 5.544164832417e-02
      3 KSP Residual norm 4.567406153137e-03
      4 KSP Residual norm 4.900436310873e-04
      5 KSP Residual norm 4.546974837424e-05
      6 KSP Residual norm 1.988066191619e-06
    1 SNES Function norm 7.332249214637e-05
      0 KSP Residual norm 1.988307229546e-06
      1 KSP Residual norm 5.510354775661e-07
      2 KSP Residual norm 6.531857763360e-08
      3 KSP Residual norm 5.294028354511e-09
      4 KSP Residual norm 3.624618382183e-10
      5 KSP Residual norm 2.970794840793e-11
      6 KSP Residual norm 2.451017600502e-12
    2 SNES Function norm 6.555100828182e-11
timestep 5 time 0.5 norm 3.95738
5 TS dt 0.1 time 0.5
    0 SNES Function norm 2.416852036305e+01
      0 KSP Residual norm 1.979057707476e+00
      1 KSP Residual norm 2.479852112146e-01
      2 KSP Residual norm 2.386032886002e-02
      3 KSP Residual norm 5.025462015670e-03
      4 KSP Residual norm 4.170410115317e-04
      5 KSP Residual norm 2.268849503269e-05
      6 KSP Residual norm 1.339263230670e-06
    1 SNES Function norm 3.837586316315e-05
      0 KSP Residual norm 1.339215345750e-06
      1 KSP Residual norm 3.878878274309e-07
      2 KSP Residual norm 4.677582759927e-08
      3 KSP Residual norm 3.857944769435e-09
      4 KSP Residual norm 3.674873044289e-10
      5 KSP Residual norm 4.080871412129e-11
      6 KSP Residual norm 3.615272578955e-12
    2 SNES Function norm 9.062395681524e-11
timestep 6 time 0.6 norm 2.99849
6 TS dt 0.1 time 0.6
    0 SNES Function norm 1.562061459995e+01
      0 KSP Residual norm 1.904081688555e+00
      1 KSP Residual norm 6.840774306233e-02
      2 KSP Residual norm 1.331620624793e-02
      3 KSP Residual norm 1.500322863074e-03
      4 KSP Residual norm 1.990809945976e-04
      5 KSP Residual norm 1.077108145234e-05
    1 SNES Function norm 3.337311011853e-04
      0 KSP Residual norm 1.077116900866e-05
      1 KSP Residual norm 1.084925783064e-06
      2 KSP Residual norm 1.013103689800e-07
      3 KSP Residual norm 9.871370484350e-09
      4 KSP Residual norm 7.224184987800e-10
      5 KSP Residual norm 8.916963899496e-11
    2 SNES Function norm 2.162516166724e-09
timestep 7 time 0.7 norm 1.5749
7 TS dt 0.1 time 0.7
    0 SNES Function norm 1.699521398777e+01
      0 KSP Residual norm 1.511031842680e+00
      1 KSP Residual norm 8.867312654640e-02
      2 KSP Residual norm 9.169454174465e-03
      3 KSP Residual norm 6.413396635561e-04
      4 KSP Residual norm 4.360924340355e-05
      5 KSP Residual norm 4.207073664538e-06
    1 SNES Function norm 1.126799280799e-04
      0 KSP Residual norm 4.207072436763e-06
      1 KSP Residual norm 4.922804360399e-07
      2 KSP Residual norm 5.498705627293e-08
      3 KSP Residual norm 4.371721588087e-09
      4 KSP Residual norm 6.233063074283e-10
      5 KSP Residual norm 7.508177672276e-11
      6 KSP Residual norm 7.370301860087e-12
    2 SNES Function norm 2.110033728516e-10
timestep 8 time 0.8 norm 0.898251
8 TS dt 0.1 time 0.8
    0 SNES Function norm 1.603395305420e+01
      0 KSP Residual norm 8.238290645596e-01
      1 KSP Residual norm 2.434714003978e-01
      2 KSP Residual norm 8.930686383239e-03
      3 KSP Residual norm 1.269529969843e-03
      4 KSP Residual norm 6.761504964283e-05
      5 KSP Residual norm 4.446861351851e-06
    1 SNES Function norm 1.198401698795e-04
      0 KSP Residual norm 4.446869115383e-06
      1 KSP Residual norm 1.412816232645e-06
      2 KSP Residual norm 2.189455183998e-07
      3 KSP Residual norm 1.081607607330e-08
      4 KSP Residual norm 5.354229925947e-10
      5 KSP Residual norm 6.533594053708e-11
      6 KSP Residual norm 5.986668093160e-12
    2 SNES Function norm 1.548153407517e-10
timestep 9 time 0.9 norm 1.60634
9 TS dt 0.1 time 0.9
    0 SNES Function norm 1.143539807990e+01
      0 KSP Residual norm 2.445444694214e-01
      1 KSP Residual norm 2.205334297661e-01
      2 KSP Residual norm 9.283345171970e-03
      3 KSP Residual norm 7.769587383233e-04
      4 KSP Residual norm 8.122316912904e-05
      5 KSP Residual norm 2.963874969700e-06
      6 KSP Residual norm 2.486542434733e-07
    1 SNES Function norm 7.488927962218e-06
      0 KSP Residual norm 2.485891439656e-07
      1 KSP Residual norm 2.614760785583e-08
      2 KSP Residual norm 3.122476892001e-09
      3 KSP Residual norm 3.025981861905e-10
      4 KSP Residual norm 3.401905013591e-11
      5 KSP Residual norm 5.617475577368e-12
      6 KSP Residual norm 5.847013266105e-13
    2 SNES Function norm 1.684917201792e-11
timestep 10 time 1. norm 2.09681
10 TS dt 0.1 time 1.
    0 SNES Function norm 6.147026772328e+00
      0 KSP Residual norm 5.208427350762e-01
      1 KSP Residual norm 1.370804755502e-01
      2 KSP Residual norm 5.861220275283e-03
      3 KSP Residual norm 5.608992856743e-04
      4 KSP Residual norm 6.487539804519e-05
      5 KSP Residual norm 3.297148432525e-06
    1 SNES Function norm 1.098619688319e-04
      0 KSP Residual norm 3.297139244577e-06
      1 KSP Residual norm 8.333117117755e-07
      2 KSP Residual norm 9.994169104524e-08
      3 KSP Residual norm 8.970337264047e-09
      4 KSP Residual norm 7.457232630500e-10
      5 KSP Residual norm 7.727220655112e-11
      6 KSP Residual norm 7.943343731731e-12
    2 SNES Function norm 2.018932366707e-10
timestep 11 time 1.1 norm 2.1612
11 TS dt 0.1 time 1.1
    0 SNES Function norm 3.276385215275e+00
      0 KSP Residual norm 7.981615951537e-01
      1 KSP Residual norm 1.090133930637e-01
      2 KSP Residual norm 3.258152541947e-03
      3 KSP Residual norm 3.711190600856e-04
      4 KSP Residual norm 2.784597979000e-05
      5 KSP Residual norm 2.181160191320e-06
    1 SNES Function norm 7.085351071118e-05
      0 KSP Residual norm 2.181139086740e-06
      1 KSP Residual norm 9.050973286414e-07
      2 KSP Residual norm 8.491968845304e-08
      3 KSP Residual norm 6.099020169798e-09
      4 KSP Residual norm 4.659352251174e-10
      5 KSP Residual norm 7.005592778805e-11
      6 KSP Residual norm 7.556680631907e-12
    2 SNES Function norm 1.992302646303e-10
timestep 12 time 1.2 norm 1.89395
12 TS dt 0.1 time 1.2
    0 SNES Function norm 4.096041562560e+00
      0 KSP Residual norm 8.944959363138e-01
      1 KSP Residual norm 6.427702107390e-02
      2 KSP Residual norm 2.196907815120e-03
      3 KSP Residual norm 1.645969037707e-04
      4 KSP Residual norm 1.484604560112e-05
      5 KSP Residual norm 1.139931487136e-06
    1 SNES Function norm 3.030800561372e-05
      0 KSP Residual norm 1.139914902022e-06
      1 KSP Residual norm 6.375744914011e-07
      2 KSP Residual norm 3.714826630618e-08
      3 KSP Residual norm 2.150505874771e-09
      4 KSP Residual norm 2.478032656511e-10
      5 KSP Residual norm 3.631791061719e-11
      6 KSP Residual norm 2.851195808845e-12
    2 SNES Function norm 8.482084162998e-11
timestep 13 time 1.3 norm 1.403
13 TS dt 0.1 time 1.3
    0 SNES Function norm 5.615897326701e+00
      0 KSP Residual norm 8.452742135767e-01
      1 KSP Residual norm 2.579345834968e-02
      2 KSP Residual norm 1.935419968834e-03
      3 KSP Residual norm 1.367852377617e-04
      4 KSP Residual norm 1.130472970646e-05
      5 KSP Residual norm 1.026921185562e-06
    1 SNES Function norm 2.868312484817e-05
      0 KSP Residual norm 1.026910867575e-06
      1 KSP Residual norm 6.005346413667e-07
      2 KSP Residual norm 4.237141738974e-08
      3 KSP Residual norm 2.316771610220e-09
      4 KSP Residual norm 1.689597115614e-10
      5 KSP Residual norm 2.973624438465e-11
      6 KSP Residual norm 2.296411968443e-12
    2 SNES Function norm 6.013936848940e-11
timestep 14 time 1.4 norm 0.808289
14 TS dt 0.1 time 1.4
    0 SNES Function norm 6.600171992280e+00
      0 KSP Residual norm 6.816277349548e-01
      1 KSP Residual norm 7.916400171030e-03
      2 KSP Residual norm 6.107856323742e-04
      3 KSP Residual norm 5.684417900201e-05
      4 KSP Residual norm 9.444603647880e-06
      5 KSP Residual norm 6.456133222171e-07
    1 SNES Function norm 2.353495420197e-05
      0 KSP Residual norm 6.456337057271e-07
      1 KSP Residual norm 3.888871029011e-07
      2 KSP Residual norm 2.429710407957e-08
      3 KSP Residual norm 1.986893072280e-09
      4 KSP Residual norm 1.185615888080e-10
      5 KSP Residual norm 1.095027460358e-11
      6 KSP Residual norm 1.121593777828e-12
    2 SNES Function norm 2.964545590836e-11
timestep 15 time 1.5 norm 0.360248
15 TS dt 0.1 time 1.5
    0 SNES Function norm 6.658796952638e+00
      0 KSP Residual norm 4.400282217279e-01
      1 KSP Residual norm 2.364121587387e-02
      2 KSP Residual norm 8.490712302124e-04
      3 KSP Residual norm 6.620281511071e-05
      4 KSP Residual norm 7.063310690986e-06
      5 KSP Residual norm 5.076597513879e-07
    1 SNES Function norm 1.577650534005e-05
      0 KSP Residual norm 5.076511486069e-07
      1 KSP Residual norm 9.834559938818e-08
      2 KSP Residual norm 1.225564028210e-08
      3 KSP Residual norm 1.539613659285e-09
      4 KSP Residual norm 1.104868068454e-10
      5 KSP Residual norm 1.685717141797e-11
      6 KSP Residual norm 1.595477406987e-12
    2 SNES Function norm 4.920424423490e-11
timestep 16 time 1.6 norm 0.585332
16 TS dt 0.1 time 1.6
    0 SNES Function norm 5.715972384594e+00
      0 KSP Residual norm 1.764638492535e-01
      1 KSP Residual norm 1.712759102837e-01
      2 KSP Residual norm 1.221919442417e-03
      3 KSP Residual norm 4.910246956573e-05
      4 KSP Residual norm 4.966009588877e-06
      5 KSP Residual norm 5.169050189523e-07
    1 SNES Function norm 1.532037351608e-05
      0 KSP Residual norm 5.169071560855e-07
      1 KSP Residual norm 3.001685240491e-07
      2 KSP Residual norm 1.627675589384e-08
      3 KSP Residual norm 9.958271733005e-10
      4 KSP Residual norm 1.478530822712e-10
      5 KSP Residual norm 1.844545702585e-11
      6 KSP Residual norm 1.437213394966e-12
    2 SNES Function norm 4.762110171195e-11
timestep 17 time 1.7 norm 0.919193
17 TS dt 0.1 time 1.7
    0 SNES Function norm 4.032774263164e+00
      0 KSP Residual norm 1.313050574108e-01
      1 KSP Residual norm 6.066617298027e-02
      2 KSP Residual norm 1.492352679106e-03
      3 KSP Residual norm 7.268295703114e-05
      4 KSP Residual norm 7.482011613545e-06
      5 KSP Residual norm 7.183666412876e-07
    1 SNES Function norm 1.593509544955e-05
      0 KSP Residual norm 7.183923862446e-07
      1 KSP Residual norm 2.206041656948e-07
      2 KSP Residual norm 1.256347157230e-08
      3 KSP Residual norm 8.043970065341e-10
      4 KSP Residual norm 1.589408262750e-10
      5 KSP Residual norm 8.562957308719e-12
      6 KSP Residual norm 7.518685549386e-13
    2 SNES Function norm 3.000336323091e-11
timestep 18 time 1.8 norm 1.08072
18 TS dt 0.1 time 1.8
    0 SNES Function norm 2.101013846428e+00
      0 KSP Residual norm 3.108317736794e-01
      1 KSP Residual norm 4.324286055524e-02
      2 KSP Residual norm 1.440529420727e-03
      3 KSP Residual norm 7.155353783348e-05
      4 KSP Residual norm 7.531755163071e-06
      5 KSP Residual norm 7.079366970320e-07
    1 SNES Function norm 1.557492668309e-05
      0 KSP Residual norm 7.079342585879e-07
      1 KSP Residual norm 1.040669648224e-07
      2 KSP Residual norm 1.119547949609e-08
      3 KSP Residual norm 7.495109321562e-10
      4 KSP Residual norm 1.351430284684e-10
      5 KSP Residual norm 1.269088912772e-11
      6 KSP Residual norm 7.748398959184e-13
    2 SNES Function norm 3.099517793758e-11
timestep 19 time 1.9 norm 1.05053
19 TS dt 0.1 time 1.9
    0 SNES Function norm 1.087610315535e+00
      0 KSP Residual norm 4.226367219782e-01
      1 KSP Residual norm 3.009615973391e-02
      2 KSP Residual norm 1.166239938704e-03
      3 KSP Residual norm 5.522531120540e-05
      4 KSP Residual norm 6.062132441958e-06
      5 KSP Residual norm 5.423522030099e-07
    1 SNES Function norm 1.266513351992e-05
      0 KSP Residual norm 5.423589238838e-07
      1 KSP Residual norm 7.224917008470e-08
      2 KSP Residual norm 9.198487358235e-09
      3 KSP Residual norm 6.356506019136e-10
      4 KSP Residual norm 1.089303370172e-10
      5 KSP Residual norm 1.469520452673e-11
      6 KSP Residual norm 1.077233194347e-12
    2 SNES Function norm 3.593584985841e-11
timestep 20 time 2. norm 0.862208
20 TS dt 0.1 time 2.
    0 SNES Function norm 2.124825999393e+00
      0 KSP Residual norm 4.489885226342e-01
      1 KSP Residual norm 1.687117866406e-02
      2 KSP Residual norm 7.808389731785e-04
      3 KSP Residual norm 3.564212826825e-05
      4 KSP Residual norm 3.958073567986e-06
    1 SNES Function norm 1.093765610155e-04
      0 KSP Residual norm 3.958089468237e-06
      1 KSP Residual norm 1.229835177212e-06
      2 KSP Residual norm 1.293442109318e-07
      3 KSP Residual norm 4.821033051041e-09
      4 KSP Residual norm 8.721721722831e-10
      5 KSP Residual norm 1.299432387698e-10
      6 KSP Residual norm 7.369502731086e-12
    2 SNES Function norm 2.873691992460e-10
timestep 21 time 2.1 norm 0.575531
21 TS dt 0.1 time 2.1
    0 SNES Function norm 3.074256302824e+00
      0 KSP Residual norm 3.987963753881e-01
      1 KSP Residual norm 5.344450506441e-03
      2 KSP Residual norm 3.510556085740e-04
      3 KSP Residual norm 1.934003633132e-05
      4 KSP Residual norm 1.969298225115e-06
    1 SNES Function norm 5.337557000202e-05
      0 KSP Residual norm 1.969300001479e-06
      1 KSP Residual norm 2.696120940694e-07
      2 KSP Residual norm 3.151390115041e-08
      3 KSP Residual norm 2.442311008643e-09
      4 KSP Residual norm 4.270902825093e-10
      5 KSP Residual norm 4.703612579834e-11
      6 KSP Residual norm 3.522466821116e-12
    2 SNES Function norm 1.123125791706e-10
timestep 22 time 2.2 norm 0.274742
22 TS dt 0.1 time 2.2
    0 SNES Function norm 3.440081095994e+00
      0 KSP Residual norm 2.929119592447e-01
      1 KSP Residual norm 2.091128030210e-03
      2 KSP Residual norm 1.787324377631e-04
      3 KSP Residual norm 8.587903520101e-06
      4 KSP Residual norm 5.687254829803e-07
    1 SNES Function norm 1.457135572796e-05
      0 KSP Residual norm 5.687224927974e-07
      1 KSP Residual norm 1.438090636816e-07
      2 KSP Residual norm 1.614879320627e-08
      3 KSP Residual norm 8.089317968310e-10
      4 KSP Residual norm 8.166282427707e-11
      5 KSP Residual norm 1.138016040383e-11
      6 KSP Residual norm 1.253123191766e-12
    2 SNES Function norm 3.319851102727e-11
timestep 23 time 2.3 norm 0.198399
23 TS dt 0.1 time 2.3
    0 SNES Function norm 3.218673784104e+00
      0 KSP Residual norm 1.588967873141e-01
      1 KSP Residual norm 1.154537058860e-02
      2 KSP Residual norm 4.294918917719e-04
      3 KSP Residual norm 2.125616702793e-05
      4 KSP Residual norm 2.502448963226e-06
      5 KSP Residual norm 2.224433523393e-07
    1 SNES Function norm 5.481059043672e-06
      0 KSP Residual norm 2.224411760852e-07
      1 KSP Residual norm 4.986991380819e-08
      2 KSP Residual norm 5.422294392179e-09
      3 KSP Residual norm 2.903010359984e-10
      4 KSP Residual norm 6.078328719525e-11
      5 KSP Residual norm 6.732446999310e-12
      6 KSP Residual norm 5.314388609360e-13
    2 SNES Function norm 1.792984943872e-11
timestep 24 time 2.4 norm 0.383674
24 TS dt 0.1 time 2.4
    0 SNES Function norm 2.536089646749e+00
      0 KSP Residual norm 4.195524561421e-02
      1 KSP Residual norm 4.183532441880e-02
      2 KSP Residual norm 7.017740062085e-04
      3 KSP Residual norm 3.279157681001e-05
      4 KSP Residual norm 3.605082422235e-06
      5 KSP Residual norm 2.848355918158e-07
    1 SNES Function norm 7.865135614638e-06
      0 KSP Residual norm 2.848354417086e-07
      1 KSP Residual norm 4.523864633657e-08
      2 KSP Residual norm 6.074852417552e-09
      3 KSP Residual norm 4.576351371143e-10
      4 KSP Residual norm 6.793434695042e-11
      5 KSP Residual norm 8.279165910656e-12
      6 KSP Residual norm 8.471750818417e-13
    2 SNES Function norm 2.327541714620e-11
timestep 25 time 2.5 norm 0.518116
25 TS dt 0.1 time 2.5
    0 SNES Function norm 1.593256938979e+00
      0 KSP Residual norm 1.105855896239e-01
      1 KSP Residual norm 2.593173095279e-02
      2 KSP Residual norm 7.748459964963e-04
      3 KSP Residual norm 3.673963390930e-05
      4 KSP Residual norm 3.923125621140e-06
      5 KSP Residual norm 3.007351913197e-07
    1 SNES Function norm 8.741283817606e-06
      0 KSP Residual norm 3.007391493643e-07
      1 KSP Residual norm 4.182414722709e-08
      2 KSP Residual norm 5.061784645943e-09
      3 KSP Residual norm 4.628334282398e-10
      4 KSP Residual norm 5.273706478760e-11
      5 KSP Residual norm 7.549182388672e-12
      6 KSP Residual norm 8.824156127284e-13
    2 SNES Function norm 2.341264557027e-11
timestep 26 time 2.6 norm 0.555118
26 TS dt 0.1 time 2.6
    0 SNES Function norm 6.982733147340e-01
      0 KSP Residual norm 1.894463253769e-01
      1 KSP Residual norm 1.885825502394e-02
      2 KSP Residual norm 7.006665627106e-04
      3 KSP Residual norm 3.350918775385e-05
      4 KSP Residual norm 3.525372499559e-06
      5 KSP Residual norm 2.699546918018e-07
    1 SNES Function norm 7.933291413686e-06
      0 KSP Residual norm 2.699535328096e-07
      1 KSP Residual norm 3.626992899917e-08
      2 KSP Residual norm 4.099579546131e-09
      3 KSP Residual norm 3.900205057823e-10
      4 KSP Residual norm 3.500971892680e-11
      5 KSP Residual norm 4.472866857284e-12
      6 KSP Residual norm 6.556783187165e-13
    2 SNES Function norm 1.597958517524e-11
timestep 27 time 2.7 norm 0.500202
27 TS dt 0.1 time 2.7
    0 SNES Function norm 7.451168444294e-01
      0 KSP Residual norm 2.266690894294e-01
      1 KSP Residual norm 1.206249651527e-02
      2 KSP Residual norm 5.199301363809e-04
      3 KSP Residual norm 2.483176228955e-05
      4 KSP Residual norm 2.601895187759e-06
      5 KSP Residual norm 2.012034870426e-07
    1 SNES Function norm 5.868760476390e-06
      0 KSP Residual norm 2.012032307405e-07
      1 KSP Residual norm 2.675598213559e-08
      2 KSP Residual norm 2.994043171989e-09
      3 KSP Residual norm 2.822088597483e-10
      4 KSP Residual norm 2.321315076881e-11
      5 KSP Residual norm 1.974812548582e-12
    2 SNES Function norm 6.086031406405e-11
timestep 28 time 2.8 norm 0.377193
28 TS dt 0.1 time 2.8
    0 SNES Function norm 1.332133405356e+00
      0 KSP Residual norm 2.215009628964e-01
      1 KSP Residual norm 5.649165820282e-03
      2 KSP Residual norm 2.828808278638e-04
      3 KSP Residual norm 1.337874486663e-05
      4 KSP Residual norm 1.409420172367e-06
    1 SNES Function norm 3.745656288863e-05
      0 KSP Residual norm 1.409419197379e-06
      1 KSP Residual norm 2.024261347854e-07
      2 KSP Residual norm 2.164070744765e-08
      3 KSP Residual norm 1.441349786481e-09
      4 KSP Residual norm 2.660419515479e-10
      5 KSP Residual norm 3.721673828307e-11
      6 KSP Residual norm 1.884290005752e-12
    2 SNES Function norm 7.411272607739e-11
timestep 29 time 2.9 norm 0.221048
29 TS dt 0.1 time 2.9
    0 SNES Function norm 1.689918959471e+00
      0 KSP Residual norm 1.815110931461e-01
      1 KSP Residual norm 6.555680230756e-04
      2 KSP Residual norm 4.066387846102e-05
      3 KSP Residual norm 1.831334731991e-06
      4 KSP Residual norm 1.984879183889e-07
    1 SNES Function norm 4.966426018919e-06
      0 KSP Residual norm 1.984895152005e-07
      1 KSP Residual norm 3.031458669462e-08
      2 KSP Residual norm 3.122463710728e-09
      3 KSP Residual norm 2.126316484223e-10
      4 KSP Residual norm 3.771251517805e-11
      5 KSP Residual norm 4.516728670423e-12
      6 KSP Residual norm 2.875344844883e-13
    2 SNES Function norm 9.333941357441e-12
timestep 30 time 3. norm 0.0937645
30 TS dt 0.1 time 3.
