  0 t=0.0000e+00  dt=1.0000e-05  f=2.0108e+06  df=2.5821e+05  it=( 0,  0)
  1 t=1.0000e-05  dt=1.1000e-05  f=1.5219e+06  df=2.0956e+05  it=( 3,  3)
  2 t=2.1000e-05  dt=1.4791e-05  f=1.1634e+06  df=1.7144e+05  it=( 3,  3)
  3 t=3.5791e-05  dt=2.0483e-05  f=8.5455e+05  df=1.3618e+05  it=( 3,  3)
  4 t=5.6273e-05  dt=2.9384e-05  f=5.9826e+05  df=1.0442e+05  it=( 3,  3)
  5 t=8.5657e-05  dt=4.3992e-05  f=3.9516e+05  df=7.6720e+04  it=( 3,  3)
  6 t=1.2965e-04  dt=6.9393e-05  f=2.4300e+05  df=5.3500e+04  it=( 3,  3)
  7 t=1.9904e-04  dt=1.1677e-04  f=1.3669e+05  df=3.4971e+04  it=( 3,  3)
  8 t=3.1582e-04  dt=2.1316e-04  f=6.8663e+04  df=2.1074e+04  it=( 3,  3)
  9 t=5.2898e-04  dt=4.3182e-04  f=2.9771e+04  df=1.1443e+04  it=( 4,  4)
 10 t=9.6079e-04  dt=1.0029e-03  f=1.0590e+04  df=5.4200e+03  it=( 4,  4)
 11 t=1.9637e-03  dt=2.8060e-03  f=2.8532e+03  df=2.1308e+03  it=( 4,  4)
 12 t=4.7696e-03  dt=1.0322e-02  f=5.2609e+02  df=6.3717e+02  it=( 4,  4)
 13 t=1.5092e-02  dt=6.0824e-02  f=9.8754e+01  df=1.1894e+02  it=( 5,  5)
 14 t=7.5916e-02  dt=9.2727e-01  f=6.9307e+01  df=8.5823e+00  it=( 5,  5)
 15 t=3.0773e-01  dt=2.4026e+00  f=6.8745e+01  df=9.1089e-01  it=( 5,  5)
 16 t=4.5790e-01  dt=2.1341e-01  f=6.8664e+01  df=7.0501e-01  it=( 5,  5)
 17 t=5.1125e-01  dt=5.9612e-02  f=6.8638e+01  df=6.9409e-01  it=( 3,  3)
 18 t=5.7086e-01  dt=6.4945e-02  f=6.8609e+01  df=7.0080e-01  it=( 4,  4)
 19 t=6.3581e-01  dt=6.6133e-02  f=6.8574e+01  df=7.5704e-01  it=( 4,  4)
 20 t=7.0194e-01  dt=4.0606e-02  f=6.8487e+01  df=1.3562e+00  it=( 5,  5)
 21 t=7.4255e-01  dt=2.3721e-02  f=6.8285e+01  df=2.5538e+00  it=( 4,  4)
 22 t=7.6627e-01  dt=2.1091e-02  f=6.8068e+01  df=3.1595e+00  it=( 4,  4)
 23 t=7.8736e-01  dt=2.0391e-02  f=6.7815e+01  df=3.5948e+00  it=( 4,  4)
 24 t=7.9245e-01  dt=5.3387e-03  f=6.7745e+01  df=3.7757e+00  it=( 3,  3)
 25 t=7.9779e-01  dt=5.3704e-03  f=6.7658e+01  df=4.1288e+00  it=( 3,  3)
 26 t=8.0316e-01  dt=5.0987e-03  f=6.7544e+01  df=4.7837e+00  it=( 3,  3)
 27 t=8.0826e-01  dt=4.5538e-03  f=6.7385e+01  df=5.8918e+00  it=( 3,  3)
 28 t=8.1282e-01  dt=3.8950e-03  f=6.7154e+01  df=7.5770e+00  it=( 3,  3)
 29 t=8.1671e-01  dt=3.2759e-03  f=6.6818e+01  df=9.9100e+00  it=( 3,  3)
 30 t=8.1999e-01  dt=2.7624e-03  f=6.6336e+01  df=1.2927e+01  it=( 3,  3)
 31 t=8.2275e-01  dt=2.3589e-03  f=6.5657e+01  df=1.6652e+01  it=( 3,  3)
 32 t=8.2511e-01  dt=2.0478e-03  f=6.4719e+01  df=2.1101e+01  it=( 3,  3)
 33 t=8.2716e-01  dt=1.8095e-03  f=6.3447e+01  df=2.6267e+01  it=( 3,  3)
 34 t=8.2897e-01  dt=1.6282e-03  f=6.1752e+01  df=3.2111e+01  it=( 3,  3)
 35 t=8.3059e-01  dt=1.4923e-03  f=5.9535e+01  df=3.8539e+01  it=( 3,  3)
 36 t=8.3209e-01  dt=1.3940e-03  f=5.6693e+01  df=4.5382e+01  it=( 3,  3)
 37 t=8.3348e-01  dt=1.3288e-03  f=5.3121e+01  df=5.2370e+01  it=( 3,  3)
 38 t=8.3481e-01  dt=1.2952e-03  f=4.8738e+01  df=5.9102e+01  it=( 3,  3)
 39 t=8.3610e-01  dt=1.2949e-03  f=4.3501e+01  df=6.5027e+01  it=( 3,  3)
 40 t=8.3740e-01  dt=1.3341e-03  f=3.7441e+01  df=6.9427e+01  it=( 3,  3)
 41 t=8.3873e-01  dt=1.4264e-03  f=3.0707e+01  df=7.1428e+01  it=( 3,  3)
 42 t=8.4016e-01  dt=1.5995e-03  f=2.3606e+01  df=7.0069e+01  it=( 3,  3)
 43 t=8.4176e-01  dt=1.9125e-03  f=1.6634e+01  df=6.4461e+01  it=( 3,  3)
 44 t=8.4367e-01  dt=2.5055e-03  f=1.0456e+01  df=5.4125e+01  it=( 3,  3)
 45 t=8.4618e-01  dt=3.7700e-03  f=5.7765e+00  df=3.9568e+01  it=( 3,  3)
 46 t=8.4995e-01  dt=7.1185e-03  f=3.0330e+00  df=2.3051e+01  it=( 3,  3)
 47 t=8.5707e-01  dt=2.0194e-02  f=2.0090e+00  df=8.9383e+00  it=( 3,  3)
 48 t=8.7726e-01  dt=1.1975e-01  f=1.8389e+00  df=1.6580e+00  it=( 3,  3)
 49 t=9.9701e-01  dt=3.4939e-01  f=1.7874e+00  df=6.2510e-01  it=( 3,  3)
 50 t=1.0844e+00  dt=9.6807e-02  f=1.7537e+00  df=6.2041e-01  it=( 3,  3)
 51 t=1.1812e+00  dt=1.0698e-01  f=1.7167e+00  df=6.1756e-01  it=( 3,  3)
 52 t=1.2881e+00  dt=1.1829e-01  f=1.6762e+00  df=6.1437e-01  it=( 3,  3)
 53 t=1.4064e+00  dt=1.3088e-01  f=1.6320e+00  df=6.1078e-01  it=( 3,  3)
 54 t=1.5373e+00  dt=1.4493e-01  f=1.5836e+00  df=6.0673e-01  it=( 3,  3)
 55 t=1.6822e+00  dt=1.6064e-01  f=1.5309e+00  df=6.0216e-01  it=( 3,  3)
 56 t=1.8429e+00  dt=1.7823e-01  f=1.4734e+00  df=5.9697e-01  it=( 3,  3)
 57 t=2.0211e+00  dt=1.9802e-01  f=1.4108e+00  df=5.9106e-01  it=( 3,  3)
 58 t=2.2191e+00  dt=2.2033e-01  f=1.3428e+00  df=5.8432e-01  it=( 4,  4)
 59 t=2.4395e+00  dt=2.4562e-01  f=1.2690e+00  df=5.7657e-01  it=( 4,  4)
 60 t=2.6851e+00  dt=2.7444e-01  f=1.1893e+00  df=5.6763e-01  it=( 5,  5)
 61 t=2.7537e+00  dt=7.5815e-02  f=1.1673e+00  df=5.6506e-01  it=( 3,  3)
 62 t=2.8295e+00  dt=8.3823e-02  f=1.1433e+00  df=5.6218e-01  it=( 3,  3)
 63 t=2.9133e+00  dt=9.2735e-02  f=1.1170e+00  df=5.5897e-01  it=( 3,  3)
 64 t=3.0061e+00  dt=1.0267e-01  f=1.0883e+00  df=5.5536e-01  it=( 3,  3)
 65 t=3.1087e+00  dt=1.1377e-01  f=1.0570e+00  df=5.5132e-01  it=( 3,  3)
 66 t=3.2225e+00  dt=1.2619e-01  f=1.0229e+00  df=5.4676e-01  it=( 3,  3)
 67 t=3.3487e+00  dt=1.4013e-01  f=9.8566e-01  df=5.4161e-01  it=( 3,  3)
 68 t=3.4888e+00  dt=1.5582e-01  f=9.4522e-01  df=5.3578e-01  it=( 3,  3)
 69 t=3.6446e+00  dt=1.7354e-01  f=9.0131e-01  df=5.2916e-01  it=( 3,  3)
 70 t=3.8182e+00  dt=1.9366e-01  f=8.5375e-01  df=5.2161e-01  it=( 3,  3)
 71 t=4.0118e+00  dt=2.1662e-01  f=8.0236e-01  df=5.1296e-01  it=( 3,  3)
 72 t=4.2285e+00  dt=2.4300e-01  f=7.4701e-01  df=5.0300e-01  it=( 4,  4)
 73 t=4.4715e+00  dt=2.7356e-01  f=6.8762e-01  df=4.9148e-01  it=( 4,  4)
 74 t=4.7450e+00  dt=3.0936e-01  f=6.2421e-01  df=4.7807e-01  it=( 5,  5)
 75 t=4.8224e+00  dt=8.5778e-02  f=6.0675e-01  df=4.7414e-01  it=( 3,  3)
 76 t=4.9081e+00  dt=9.5239e-02  f=5.8773e-01  df=4.6975e-01  it=( 3,  3)
 77 t=5.0034e+00  dt=1.0588e-01  f=5.6705e-01  df=4.6481e-01  it=( 3,  3)
 78 t=5.1092e+00  dt=1.1787e-01  f=5.4458e-01  df=4.5925e-01  it=( 3,  3)
 79 t=5.2271e+00  dt=1.3145e-01  f=5.2023e-01  df=4.5298e-01  it=( 3,  3)
 80 t=5.3586e+00  dt=1.4690e-01  f=4.9388e-01  df=4.4589e-01  it=( 3,  3)
 81 t=5.5055e+00  dt=1.6456e-01  f=4.6546e-01  df=4.3783e-01  it=( 3,  3)
 82 t=5.6700e+00  dt=1.8489e-01  f=4.3490e-01  df=4.2866e-01  it=( 3,  3)
 83 t=5.8549e+00  dt=2.0849e-01  f=4.0216e-01  df=4.1816e-01  it=( 3,  3)
 84 t=6.0634e+00  dt=2.3614e-01  f=3.6726e-01  df=4.0611e-01  it=( 3,  3)
 85 t=6.2996e+00  dt=2.6897e-01  f=3.3029e-01  df=3.9219e-01  it=( 4,  4)
 86 t=6.5685e+00  dt=3.0858e-01  f=2.9142e-01  df=3.7605e-01  it=( 5,  5)
 87 t=6.8771e+00  dt=3.5734e-01  f=2.5100e-01  df=3.5721e-01  it=( 5,  5)
 88 t=6.9664e+00  dt=9.9841e-02  f=2.3987e-01  df=3.5158e-01  it=( 3,  3)
 89 t=7.0663e+00  dt=1.1183e-01  f=2.2786e-01  df=3.4526e-01  it=( 3,  3)
 90 t=7.1781e+00  dt=1.2560e-01  f=2.1494e-01  df=3.3816e-01  it=( 3,  3)
 91 t=7.3037e+00  dt=1.4151e-01  f=2.0108e-01  df=3.3015e-01  it=( 3,  3)
 92 t=7.4452e+00  dt=1.6005e-01  f=1.8628e-01  df=3.2110e-01  it=( 3,  3)
 93 t=7.6053e+00  dt=1.8186e-01  f=1.7056e-01  df=3.1085e-01  it=( 3,  3)
 94 t=7.7872e+00  dt=2.0784e-01  f=1.5396e-01  df=2.9920e-01  it=( 3,  3)
 95 t=7.9950e+00  dt=2.3924e-01  f=1.3657e-01  df=2.8592e-01  it=( 3,  3)
 96 t=8.2342e+00  dt=2.7792e-01  f=1.1854e-01  df=2.7074e-01  it=( 3,  3)
 97 t=8.5122e+00  dt=3.2672e-01  f=1.0008e-01  df=2.5333e-01  it=( 4,  4)
 98 t=8.8389e+00  dt=3.9019e-01  f=8.1526e-02  df=2.3334e-01  it=( 5,  5)
 99 t=8.9364e+00  dt=1.1016e-01  f=7.6420e-02  df=2.2728e-01  it=( 3,  3)
100 t=9.0466e+00  dt=1.2490e-01  f=7.0981e-02  df=2.2051e-01  it=( 3,  3)
101 t=9.1715e+00  dt=1.4228e-01  f=6.5217e-02  df=2.1293e-01  it=( 3,  3)
102 t=9.3138e+00  dt=1.6300e-01  f=5.9146e-02  df=2.0445e-01  it=( 3,  3)
103 t=9.4767e+00  dt=1.8805e-01  f=5.2800e-02  df=1.9493e-01  it=( 3,  3)
104 t=9.6648e+00  dt=2.1885e-01  f=4.6230e-02  df=1.8425e-01  it=( 3,  3)
105 t=9.8836e+00  dt=2.5752e-01  f=3.9510e-02  df=1.7224e-01  it=( 3,  3)
106 t=1.0141e+01  dt=3.0737e-01  f=3.2744e-02  df=1.5874e-01  it=( 3,  3)
107 t=1.0449e+01  dt=3.7382e-01  f=2.6071e-02  df=1.4357e-01  it=( 3,  3)
108 t=1.0822e+01  dt=4.6635e-01  f=1.9676e-02  df=1.2659e-01  it=( 4,  4)
109 t=1.1289e+01  dt=6.0298e-01  f=1.3788e-02  df=1.0770e-01  it=( 4,  4)
110 t=1.1892e+01  dt=8.2159e-01  f=8.6809e-03  df=8.6947e-02  it=( 5,  5)
111 t=1.2097e+01  dt=2.4495e-01  f=7.3041e-03  df=8.0197e-02  it=( 3,  3)
112 t=1.2342e+01  dt=2.9697e-01  f=5.9408e-03  df=7.2764e-02  it=( 3,  3)
113 t=1.2639e+01  dt=3.6791e-01  f=4.6226e-03  df=6.4608e-02  it=( 3,  3)
114 t=1.3007e+01  dt=4.6931e-01  f=3.3892e-03  df=5.5714e-02  it=( 3,  3)
115 t=1.3476e+01  dt=6.2371e-01  f=2.2869e-03  df=4.6113e-02  it=( 3,  3)
116 t=1.4100e+01  dt=8.8041e-01  f=1.3670e-03  df=3.5935e-02  it=( 3,  3)
117 t=1.4980e+01  dt=1.3651e+00  f=6.7709e-04  df=2.5495e-02  it=( 4,  4)
118 t=1.6345e+01  dt=2.4777e+00  f=2.4491e-04  df=1.5450e-02  it=( 4,  4)
119 t=1.8823e+01  dt=6.0098e+00  f=4.9735e-05  df=7.0069e-03  it=( 5,  5)
120 t=2.4833e+01  dt=2.6233e+01  f=3.1339e-06  df=1.7658e-03  it=( 4,  4)
121 t=5.1066e+01  dt=4.0561e+02  f=1.5823e-08  df=1.2562e-04  it=( 3,  3)
122 t=4.5667e+02  dt=9.0693e+04  f=3.8288e-13  df=6.1800e-07  it=( 2,  2)
123 t=9.1149e+04  dt=4.5111e+09  f=1.8712e-22  df=1.3667e-11  it=( 2,  2)
Time integrator took (123,466,466) iterations to reach final time 91149.3
