13x13 grid, lid velocity = 100., prandtl # = 1., grashof # = 1000.
0 TS dt 0.0384615 time 0.
    0 SNES Function norm 3.315937308683e+03
    1 SNES Function norm 2.380114257788e+00
    2 SNES Function norm 3.271610718827e-04
    3 SNES Function norm 2.565413807438e-09
1 TS dt 0.0384615 time 0.0384615
    0 SNES Function norm 9.720200558856e+01
    1 SNES Function norm 2.236362454171e-01
    2 SNES Function norm 1.596428615740e-06
    3 SNES Function norm 2.445239247489e-12
2 TS dt 0.0384615 time 0.0769231
    0 SNES Function norm 9.192150415819e+01
    1 SNES Function norm 3.235453073978e-02
    2 SNES Function norm 2.346640457076e-07
3 TS dt 0.0384615 time 0.115385
    0 SNES Function norm 8.738079309694e+01
    1 SNES Function norm 1.534669622089e-02
    2 SNES Function norm 6.225574661690e-08
4 TS dt 0.0384615 time 0.153846
    0 SNES Function norm 8.340232907363e+01
    1 SNES Function norm 1.166630893822e-01
    2 SNES Function norm 3.562072137104e-07
5 TS dt 0.0384615 time 0.192308
    0 SNES Function norm 7.985945403126e+01
    1 SNES Function norm 6.884379953177e-02
    2 SNES Function norm 2.208984174221e-07
6 TS dt 0.0384615 time 0.230769
    0 SNES Function norm 7.666671845821e+01
    1 SNES Function norm 1.656385808384e-02
    2 SNES Function norm 9.897920998563e-08
7 TS dt 0.0384615 time 0.269231
    0 SNES Function norm 7.377980074275e+01
    1 SNES Function norm 1.804014571743e-02
    2 SNES Function norm 5.526688485969e-08
8 TS dt 0.0384615 time 0.307692
    0 SNES Function norm 7.111747924443e+01
    1 SNES Function norm 8.615859633937e-02
    2 SNES Function norm 8.556914357892e-07
    3 SNES Function norm 7.024629942332e-12
9 TS dt 0.0384615 time 0.346154
    0 SNES Function norm 6.864912609358e+01
    1 SNES Function norm 5.463556966668e-02
    2 SNES Function norm 1.312454216707e-07
10 TS dt 0.0384615 time 0.384615
CONVERGED_ITS at time 0.384615 after 10 steps
