L_2 Error: [2.78681e-16, 1.11806e-16]
L_2 Residual: 4.78378e-16
Taylor approximation converging at order 2.00
Timestep: 0000 time = 0        	 L_2 Error: [2.79e-16, 1.12e-16]
0 TS dt 0.1 time 0.
    0 SNES Function norm 9.440406889586e-02
      0 KSP Residual norm 2.410474015984e+00
      1 KSP Residual norm 1.142137232759e-15
      Linear solve converged due to CONVERGED_RTOL iterations 1
    1 SNES Function norm 4.037116172199e-03
      0 KSP Residual norm 4.820312278531e-02
      1 KSP Residual norm 6.340792888512e-17
      Linear solve converged due to CONVERGED_RTOL iterations 1
    2 SNES Function norm 3.728060829041e-06
      0 KSP Residual norm 2.676114537470e-05
      1 KSP Residual norm 3.342297598052e-20
      Linear solve converged due to CONVERGED_RTOL iterations 1
    3 SNES Function norm 2.182936232355e-12
    Nonlinear solve converged due to CONVERGED_FNORM_RELATIVE iterations 3
Timestep: 0001 time = 0.1      	 L_2 Error: [0.0117, 0.37]
1 TS dt 0.1 time 0.1
    0 SNES Function norm 2.250994121754e-01
      0 KSP Residual norm 9.877320039995e-01
      1 KSP Residual norm 1.331056433719e-15
      Linear solve converged due to CONVERGED_RTOL iterations 1
    1 SNES Function norm 4.255068478801e-03
      0 KSP Residual norm 4.947704849939e-02
      1 KSP Residual norm 6.168847687734e-17
      Linear solve converged due to CONVERGED_RTOL iterations 1
    2 SNES Function norm 3.994357384801e-06
      0 KSP Residual norm 3.098894264759e-05
      1 KSP Residual norm 8.761691623195e-20
      Linear solve converged due to CONVERGED_RTOL iterations 1
    3 SNES Function norm 3.437683894071e-12
    Nonlinear solve converged due to CONVERGED_FNORM_RELATIVE iterations 3
Timestep: 0002 time = 0.2      	 L_2 Error: [0.0215, 0.351]
2 TS dt 0.1 time 0.2
    0 SNES Function norm 2.257335974555e-01
      0 KSP Residual norm 9.974158149185e-01
      1 KSP Residual norm 1.323762432568e-15
      Linear solve converged due to CONVERGED_RTOL iterations 1
    1 SNES Function norm 4.423024449662e-03
      0 KSP Residual norm 5.000741082934e-02
      1 KSP Residual norm 5.255875368422e-17
      Linear solve converged due to CONVERGED_RTOL iterations 1
    2 SNES Function norm 4.039451801581e-06
      0 KSP Residual norm 3.323325279407e-05
      1 KSP Residual norm 6.589304576157e-20
      Linear solve converged due to CONVERGED_RTOL iterations 1
    3 SNES Function norm 4.523702644294e-12
    Nonlinear solve converged due to CONVERGED_FNORM_RELATIVE iterations 3
Timestep: 0003 time = 0.3      	 L_2 Error: [0.0297, 0.334]
3 TS dt 0.1 time 0.3
    0 SNES Function norm 2.265866517632e-01
      0 KSP Residual norm 1.002459999797e+00
      1 KSP Residual norm 9.019044547343e-16
      Linear solve converged due to CONVERGED_RTOL iterations 1
    1 SNES Function norm 4.506518640949e-03
      0 KSP Residual norm 4.988876824123e-02
      1 KSP Residual norm 3.584182658985e-17
      Linear solve converged due to CONVERGED_RTOL iterations 1
    2 SNES Function norm 3.758565295542e-06
      0 KSP Residual norm 3.173400780806e-05
      1 KSP Residual norm 4.687388199122e-20
      Linear solve converged due to CONVERGED_RTOL iterations 1
    3 SNES Function norm 3.857763003228e-12
    Nonlinear solve converged due to CONVERGED_FNORM_RELATIVE iterations 3
Timestep: 0004 time = 0.4      	 L_2 Error: [0.0367, 0.319]
4 TS dt 0.1 time 0.4
    0 SNES Function norm 2.276811683368e-01
      0 KSP Residual norm 1.004004665147e+00
      1 KSP Residual norm 1.052039604279e-15
      Linear solve converged due to CONVERGED_RTOL iterations 1
    1 SNES Function norm 4.520334968461e-03
      0 KSP Residual norm 4.949876159269e-02
      1 KSP Residual norm 1.038177563312e-16
      Linear solve converged due to CONVERGED_RTOL iterations 1
    2 SNES Function norm 3.287038541040e-06
      0 KSP Residual norm 2.777635655282e-05
      1 KSP Residual norm 5.307509717242e-20
      Linear solve converged due to CONVERGED_RTOL iterations 1
    3 SNES Function norm 2.455681421059e-12
    Nonlinear solve converged due to CONVERGED_FNORM_RELATIVE iterations 3
Timestep: 0005 time = 0.5      	 L_2 Error: [0.0425, 0.307]
5 TS dt 0.1 time 0.5
    0 SNES Function norm 2.290324163654e-01
      0 KSP Residual norm 1.003787800587e+00
      1 KSP Residual norm 8.207335182435e-16
      Linear solve converged due to CONVERGED_RTOL iterations 1
    1 SNES Function norm 4.500064156276e-03
      0 KSP Residual norm 4.902531870000e-02
      1 KSP Residual norm 7.236041117310e-17
      Linear solve converged due to CONVERGED_RTOL iterations 1
    2 SNES Function norm 2.834962334451e-06
      0 KSP Residual norm 2.374818195613e-05
      1 KSP Residual norm 2.050430399359e-20
      Linear solve converged due to CONVERGED_RTOL iterations 1
    3 SNES Function norm 1.571713329131e-12
    Nonlinear solve converged due to CONVERGED_FNORM_RELATIVE iterations 3
Timestep: 0006 time = 0.6      	 L_2 Error: [0.0473, 0.298]
6 TS dt 0.1 time 0.6
    0 SNES Function norm 2.306335633822e-01
      0 KSP Residual norm 1.003273618015e+00
      1 KSP Residual norm 1.273197959481e-15
      Linear solve converged due to CONVERGED_RTOL iterations 1
    1 SNES Function norm 4.478569757350e-03
      0 KSP Residual norm 4.847763440138e-02
      1 KSP Residual norm 4.646640607350e-17
      Linear solve converged due to CONVERGED_RTOL iterations 1
    2 SNES Function norm 2.489433887014e-06
      0 KSP Residual norm 2.076293338816e-05
      1 KSP Residual norm 2.905198183093e-20
      Linear solve converged due to CONVERGED_RTOL iterations 1
    3 SNES Function norm 1.113945107828e-12
    Nonlinear solve converged due to CONVERGED_FNORM_RELATIVE iterations 3
Timestep: 0007 time = 0.7      	 L_2 Error: [0.051, 0.293]
7 TS dt 0.1 time 0.7
    0 SNES Function norm 2.324548593958e-01
      0 KSP Residual norm 1.003393221397e+00
      1 KSP Residual norm 1.167692208469e-15
      Linear solve converged due to CONVERGED_RTOL iterations 1
    1 SNES Function norm 4.474547162141e-03
      0 KSP Residual norm 4.786801931131e-02
      1 KSP Residual norm 8.533631759559e-17
      Linear solve converged due to CONVERGED_RTOL iterations 1
    2 SNES Function norm 2.250041334494e-06
      0 KSP Residual norm 1.895766248660e-05
      1 KSP Residual norm 5.364829796412e-20
      Linear solve converged due to CONVERGED_RTOL iterations 1
    3 SNES Function norm 8.811477752177e-13
    Nonlinear solve converged due to CONVERGED_FNORM_RELATIVE iterations 3
Timestep: 0008 time = 0.8      	 L_2 Error: [0.0538, 0.291]
8 TS dt 0.1 time 0.8
    0 SNES Function norm 2.344521611647e-01
      0 KSP Residual norm 1.004477081194e+00
      1 KSP Residual norm 9.251126342055e-16
      Linear solve converged due to CONVERGED_RTOL iterations 1
    1 SNES Function norm 4.488750596118e-03
      0 KSP Residual norm 4.727597040956e-02
      1 KSP Residual norm 9.051349779433e-17
      Linear solve converged due to CONVERGED_RTOL iterations 1
    2 SNES Function norm 2.088235699662e-06
      0 KSP Residual norm 1.806541227017e-05
      1 KSP Residual norm 3.116741135994e-20
      Linear solve converged due to CONVERGED_RTOL iterations 1
    3 SNES Function norm 7.595287808197e-13
    Nonlinear solve converged due to CONVERGED_FNORM_RELATIVE iterations 3
Timestep: 0009 time = 0.9      	 L_2 Error: [0.0557, 0.293]
9 TS dt 0.1 time 0.9
    0 SNES Function norm 2.365875900940e-01
      0 KSP Residual norm 1.006270239853e+00
      1 KSP Residual norm 9.488447304079e-16
      Linear solve converged due to CONVERGED_RTOL iterations 1
    1 SNES Function norm 4.511622458592e-03
      0 KSP Residual norm 4.678493276154e-02
      1 KSP Residual norm 7.683060151802e-17
      Linear solve converged due to CONVERGED_RTOL iterations 1
    2 SNES Function norm 1.968736554826e-06
      0 KSP Residual norm 1.759358972861e-05
      1 KSP Residual norm 2.186749789190e-20
      Linear solve converged due to CONVERGED_RTOL iterations 1
    3 SNES Function norm 6.684552770847e-13
    Nonlinear solve converged due to CONVERGED_FNORM_RELATIVE iterations 3
Timestep: 0010 time = 1        	 L_2 Error: [0.0571, 0.297]
10 TS dt 0.1 time 1.
