Timestep: 0000 time = 0        	 L_2 Error: 1.3267e-16
0 TS dt 0.1 time 0.
    0 SNES Function norm 3.848701079585e-01
    1 SNES Function norm 1.454573085649e-16
    Nonlinear solve converged due to CONVERGED_FNORM_RELATIVE iterations 1
Timestep: 0001 time = 0.1      	 L_2 Error: 0.042609
1 TS dt 0.1 time 0.1
    0 SNES Function norm 3.836491353030e-01
    1 SNES Function norm 2.022273934531e-16
    Nonlinear solve converged due to CONVERGED_FNORM_RELATIVE iterations 1
Timestep: 0002 time = 0.2      	 L_2 Error: 0.084372
2 TS dt 0.1 time 0.2
    0 SNES Function norm 3.809222270506e-01
    1 SNES Function norm 1.614504818545e-16
    Nonlinear solve converged due to CONVERGED_FNORM_RELATIVE iterations 1
Timestep: 0003 time = 0.3      	 L_2 Error: 0.12562
3 TS dt 0.1 time 0.3
    0 SNES Function norm 3.774573494090e-01
    1 SNES Function norm 9.843695968841e-17
    Nonlinear solve converged due to CONVERGED_FNORM_RELATIVE iterations 1
Timestep: 0004 time = 0.4      	 L_2 Error: 0.16664
4 TS dt 0.1 time 0.4
    0 SNES Function norm 3.744902213595e-01
    1 SNES Function norm 1.410576610396e-16
    Nonlinear solve converged due to CONVERGED_FNORM_RELATIVE iterations 1
Timestep: 0005 time = 0.5      	 L_2 Error: 0.2076
5 TS dt 0.1 time 0.5
    0 SNES Function norm 3.729281667952e-01
    1 SNES Function norm 1.869964319253e-16
    Nonlinear solve converged due to CONVERGED_FNORM_RELATIVE iterations 1
Timestep: 0006 time = 0.6      	 L_2 Error: 0.24859
6 TS dt 0.1 time 0.6
    0 SNES Function norm 3.729860798731e-01
    1 SNES Function norm 1.138063217752e-16
    Nonlinear solve converged due to CONVERGED_FNORM_RELATIVE iterations 1
Timestep: 0007 time = 0.7      	 L_2 Error: 0.28962
7 TS dt 0.1 time 0.7
    0 SNES Function norm 3.742759385302e-01
    1 SNES Function norm 1.264326640486e-16
    Nonlinear solve converged due to CONVERGED_FNORM_RELATIVE iterations 1
Timestep: 0008 time = 0.8      	 L_2 Error: 0.33068
8 TS dt 0.1 time 0.8
    0 SNES Function norm 3.761327824894e-01
    1 SNES Function norm 2.404704692477e-16
    Nonlinear solve converged due to CONVERGED_FNORM_RELATIVE iterations 1
Timestep: 0009 time = 0.9      	 L_2 Error: 0.37179
9 TS dt 0.1 time 0.9
    0 SNES Function norm 3.779274613481e-01
    1 SNES Function norm 1.475229079553e-16
    Nonlinear solve converged due to CONVERGED_FNORM_RELATIVE iterations 1
Timestep: 0010 time = 1        	 L_2 Error: 0.41293
10 TS dt 0.1 time 1.
