0 TS dt 0.125 time 0.
      0 KSP Residual norm 9.022455912974e-02
      1 KSP Residual norm 7.248297545340e-02
      2 KSP Residual norm 7.230507489398e-02
      3 KSP Residual norm 5.493746920672e-12
KSP final norm of residual 1.8186e-09
1 TS dt 0.125 time 0.125
      0 KSP Residual norm 1.056760106756e-11
KSP final norm of residual 3.54919e-09
2 TS dt 0.125 time 0.25
      0 KSP Residual norm 1.367899955515e-11
KSP final norm of residual 4.61122e-09
3 TS dt 0.125 time 0.375
      0 KSP Residual norm 1.558206046995e-11
KSP final norm of residual 5.26089e-09
4 TS dt 0.125 time 0.5
      0 KSP Residual norm 1.674552229041e-11
KSP final norm of residual 5.6581e-09
5 TS dt 0.125 time 0.625
L2 norm of the numerical error = 0.000304732 (time=0.625)
