  0 TAO,  Function value: 4575.71,  Residual: 1815.3 
  1 TAO,  Function value: 4575.71,  Residual: 415.142 
  2 TAO,  Function value: 4575.71,  Residual: 4965.29 
  3 TAO,  Function value: 4575.71,  Residual: 781.869 
  4 TAO,  Function value: 4429.37,  Residual: 3332.6 
  5 TAO,  Function value: 4429.37,  Residual: 630.625 
  6 TAO,  Function value: 4429.37,  Residual: 206.472 
  7 TAO,  Function value: 3264.31,  Residual: 286.5 
  8 TAO,  Function value: 3264.31,  Residual: 89.9126 
  9 TAO,  Function value: 2455.18,  Residual: 61.6188 
 10 TAO,  Function value: 2449.91,  Residual: 223.226 
 11 TAO,  Function value: 2449.91,  Residual: 48.546 
 12 TAO,  Function value: 2445.86,  Residual: 142.195 
 13 TAO,  Function value: 2409.91,  Residual: 2226.77 
 14 TAO,  Function value: 2409.91,  Residual: 260.583 
 15 TAO,  Function value: 2391.42,  Residual: 247.234 
 16 TAO,  Function value: 2385.17,  Residual: 1421.39 
 17 TAO,  Function value: 2384.73,  Residual: 113.275 
 18 TAO,  Function value: 2384.5,  Residual: 28.9932 
 19 TAO,  Function value: 2384.5,  Residual: 3.30949 
 20 TAO,  Function value: 2384.48,  Residual: 0.144579 
 21 TAO,  Function value: 2384.48,  Residual: 0.0523328 
 22 TAO,  Function value: 2384.48,  Residual: 0.00410567 
 23 TAO,  Function value: 2384.48,  Residual: 0.499829 
 24 TAO,  Function value: 2384.48,  Residual: 0.0125533 
 25 TAO,  Function value: 2384.48,  Residual: 0.00062701 
 26 TAO,  Function value: 2384.48,  Residual: 4.42226e-05 
 27 TAO,  Function value: 2384.48,  Residual: 2.28259e-05 
Vec Object: 1 MPI process
  type: seq
0.190261
0.00613116
0.0105315
