  0 TAO,  Function value: 1.05503,  Residual: 0.0225435 
  1 TAO,  Function value: 0.391065,  Residual: 0.0360531 
  2 TAO,  Function value: 0.114254,  Residual: 0.0366085 
  3 TAO,  Function value: 4.766e-29,  Residual: 1.11671e-14 
-------- result x, residual f=A*x-b, and Jacobian=A. -------- 
Vec Object: 1 MPI process
  type: seq
0.261434
-0.458727
0.8
-0.0834167
0.356001
Vec Object: 1 MPI process
  type: seq
4.68138e-15
3.72386e-15
3.4464e-15
Mat Object: 1 MPI process
  type: seqdense
0.0000000000000000e+00 0.0000000000000000e+00 0.0000000000000000e+00 0.0000000000000000e+00 0.0000000000000000e+00 
0.0000000000000000e+00 0.0000000000000000e+00 0.0000000000000000e+00 0.0000000000000000e+00 0.0000000000000000e+00 
0.0000000000000000e+00 0.0000000000000000e+00 0.0000000000000000e+00 0.0000000000000000e+00 0.0000000000000000e+00 
Mat Object: 1 MPI process
  type: seqdense
-1.0000000000000000e+00 1.0000000000000000e+00 0.0000000000000000e+00 0.0000000000000000e+00 0.0000000000000000e+00 
0.0000000000000000e+00 -1.0000000000000000e+00 1.0000000000000000e+00 0.0000000000000000e+00 0.0000000000000000e+00 
0.0000000000000000e+00 0.0000000000000000e+00 -1.0000000000000000e+00 1.0000000000000000e+00 0.0000000000000000e+00 
0.0000000000000000e+00 0.0000000000000000e+00 0.0000000000000000e+00 -1.0000000000000000e+00 1.0000000000000000e+00 
