
---- Minimum Surface Area With Plate Problem -----
mx:8, my:12, bmx:4, bmy:10, height:0.1
  0 TAO,  Function value: 1.58854,  Residual: 0.311154 
  1 TAO,  Function value: 1.53676,  Residual: 0.224993 
  2 TAO,  Function value: 1.51111,  Residual: 0.173006 
  3 TAO,  Function value: 1.50514,  Residual: 0.201147 
  4 TAO,  Function value: 1.50047,  Residual: 0.112089 
  5 TAO,  Function value: 1.49849,  Residual: 0.0680446 
  6 TAO,  Function value: 1.49667,  Residual: 0.0587404 
  7 TAO,  Function value: 1.49606,  Residual: 0.123834 
  8 TAO,  Function value: 1.49479,  Residual: 0.0403637 
  9 TAO,  Function value: 1.49453,  Residual: 0.0284402 
 10 TAO,  Function value: 1.4943,  Residual: 0.0235433 
 11 TAO,  Function value: 1.49422,  Residual: 0.0222582 
 12 TAO,  Function value: 1.49416,  Residual: 0.0127717 
 13 TAO,  Function value: 1.49412,  Residual: 0.00948284 
 14 TAO,  Function value: 1.49409,  Residual: 0.00822312 
 15 TAO,  Function value: 1.49408,  Residual: 0.00779293 
 16 TAO,  Function value: 1.49407,  Residual: 0.00405662 
 17 TAO,  Function value: 1.49407,  Residual: 0.00265281 
 18 TAO,  Function value: 1.49407,  Residual: 0.00217985 
 19 TAO,  Function value: 1.49406,  Residual: 0.00318261 
 20 TAO,  Function value: 1.49406,  Residual: 0.00162122 
 21 TAO,  Function value: 1.49406,  Residual: 0.00103879 
 22 TAO,  Function value: 1.49406,  Residual: 0.00083479 
 23 TAO,  Function value: 1.49406,  Residual: 0.000735835 
 24 TAO,  Function value: 1.49406,  Residual: 0.000455623 
 25 TAO,  Function value: 1.49406,  Residual: 0.000373856 
 26 TAO,  Function value: 1.49406,  Residual: 0.000400978 
 27 TAO,  Function value: 1.49406,  Residual: 0.000220465 
 28 TAO,  Function value: 1.49406,  Residual: 0.000161589 
 29 TAO,  Function value: 1.49406,  Residual: 0.000154728 
 30 TAO,  Function value: 1.49406,  Residual: 0.000120383 
 31 TAO,  Function value: 1.49406,  Residual: 4.48211e-05 
Tao Object: 3 MPI processes
  type: blmvm
  Gradient steps: 0
  Mat Object: (tao_blmvm_) 3 MPI processes
    type: lmvmbfgs
    rows=96, cols=96
      Max. storage: 5
      Used storage: 5
      Number of updates: 30
      Number of rejects: 0
      Number of resets: 1
      J0:
        Mat Object: (tao_blmvm_mat_lmvm_J0_) 3 MPI processes
          type: diagonal
          rows=96, cols=96
            Vec Object: 3 MPI processes
              type: mpi
      Rescale type: diagonal
      Rescale history: 1
      Rescale params: alpha=1., beta=0.5, rho=1.
      Rescale convex factor: theta=0.125
  TaoLineSearch Object: 3 MPI processes
    type: more-thuente
    maximum function evaluations=30
    tolerances: ftol=0.0001, rtol=1e-10, gtol=0.9
    total number of function evaluations=0
    total number of gradient evaluations=0
    total number of function/gradient evaluations=1
    using variable bounds
    Termination reason: SUCCESS
  Active Set subset type: matrixfree
  convergence tolerances: gatol=0.0001,   grtol=1e-08,   steptol=0.,   gttol=0.
  Residual in Function/Gradient:=4.48211e-05
  Objective value=1.49406
  total number of iterations=31,                          (max: 2000)
  total number of function/gradient evaluations=35,      (max: 4000)
  Solution converged:    ||g(X)|| <= gatol
