
---- Minimum Surface Area With Plate Problem -----
mx:8, my:6, bmx:3, bmy:3, height:0.2
  0 TAO,  Function value: 1.67039,  Residual: 0.47529 
  0 TAO,  Function value: 1.58436,  Residual: 0.551899 
  1 TAO,  Function value: 1.52951,  Residual: 0.184763 
  2 TAO,  Function value: 1.51894,  Residual: 0.301819 
  3 TAO,  Function value: 1.51123,  Residual: 0.112218 
  4 TAO,  Function value: 1.50982,  Residual: 0.0929645 
  5 TAO,  Function value: 1.50903,  Residual: 0.0692067 
  6 TAO,  Function value: 1.50882,  Residual: 0.153327 
  7 TAO,  Function value: 1.50811,  Residual: 0.117845 
  8 TAO,  Function value: 1.50762,  Residual: 0.0977029 
  9 TAO,  Function value: 1.50726,  Residual: 0.0787403 
 10 TAO,  Function value: 1.50697,  Residual: 0.064851 
 11 TAO,  Function value: 1.50675,  Residual: 0.0527147 
 12 TAO,  Function value: 1.50657,  Residual: 0.0436322 
 13 TAO,  Function value: 1.50642,  Residual: 0.0383386 
 14 TAO,  Function value: 1.5063,  Residual: 0.0334914 
 15 TAO,  Function value: 1.5062,  Residual: 0.0303921 
 16 TAO,  Function value: 1.50611,  Residual: 0.0268841 
 17 TAO,  Function value: 1.50604,  Residual: 0.0240955 
 18 TAO,  Function value: 1.50598,  Residual: 0.021272 
 19 TAO,  Function value: 1.50593,  Residual: 0.0189403 
 20 TAO,  Function value: 1.50589,  Residual: 0.0175742 
 21 TAO,  Function value: 1.50585,  Residual: 0.0157372 
 22 TAO,  Function value: 1.50582,  Residual: 0.0146013 
 23 TAO,  Function value: 1.5058,  Residual: 0.013093 
 24 TAO,  Function value: 1.50577,  Residual: 0.0121483 
 25 TAO,  Function value: 1.50576,  Residual: 0.0109073 
 26 TAO,  Function value: 1.50574,  Residual: 0.0101209 
 27 TAO,  Function value: 1.50573,  Residual: 0.00909719 
 28 TAO,  Function value: 1.50572,  Residual: 0.00844177 
 29 TAO,  Function value: 1.50571,  Residual: 0.00759479 
 30 TAO,  Function value: 1.5057,  Residual: 0.00704786 
 31 TAO,  Function value: 1.5057,  Residual: 0.00634527 
 32 TAO,  Function value: 1.50569,  Residual: 0.00588837 
 33 TAO,  Function value: 1.50569,  Residual: 0.00530425 
 34 TAO,  Function value: 1.50568,  Residual: 0.00492224 
 35 TAO,  Function value: 1.50568,  Residual: 0.00443575 
 36 TAO,  Function value: 1.50568,  Residual: 0.00411615 
 37 TAO,  Function value: 1.50567,  Residual: 0.00371042 
 38 TAO,  Function value: 1.50567,  Residual: 0.00344294 
 39 TAO,  Function value: 1.50567,  Residual: 0.00310423 
 40 TAO,  Function value: 1.50567,  Residual: 0.0028803 
 41 TAO,  Function value: 1.50567,  Residual: 0.00259734 
 42 TAO,  Function value: 1.50567,  Residual: 0.00240986 
 43 TAO,  Function value: 1.50567,  Residual: 0.00217335 
 44 TAO,  Function value: 1.50567,  Residual: 0.00201637 
 45 TAO,  Function value: 1.50567,  Residual: 0.00181862 
 46 TAO,  Function value: 1.50567,  Residual: 0.00168719 
 47 TAO,  Function value: 1.50566,  Residual: 0.0015218 
 48 TAO,  Function value: 1.50566,  Residual: 0.00141176 
 49 TAO,  Function value: 1.50566,  Residual: 0.00127343 
 50 TAO,  Function value: 1.50566,  Residual: 0.0011813 
 51 TAO,  Function value: 1.50566,  Residual: 0.00106558 
 52 TAO,  Function value: 1.50566,  Residual: 0.000988455 
 53 TAO,  Function value: 1.50566,  Residual: 0.00089165 
 54 TAO,  Function value: 1.50566,  Residual: 0.000827084 
 55 TAO,  Function value: 1.50566,  Residual: 0.000746097 
 56 TAO,  Function value: 1.50566,  Residual: 0.000692051 
 57 TAO,  Function value: 1.50566,  Residual: 0.000624294 
 58 TAO,  Function value: 1.50566,  Residual: 0.000579057 
 59 TAO,  Function value: 1.50566,  Residual: 0.000522369 
 60 TAO,  Function value: 1.50566,  Residual: 0.000484508 
 61 TAO,  Function value: 1.50566,  Residual: 0.000437079 
 62 TAO,  Function value: 1.50566,  Residual: 0.000405392 
 63 TAO,  Function value: 1.50566,  Residual: 0.00036571 
 64 TAO,  Function value: 1.50566,  Residual: 0.000339193 
 65 TAO,  Function value: 1.50566,  Residual: 0.000305992 
 66 TAO,  Function value: 1.50566,  Residual: 0.000283801 
 67 TAO,  Function value: 1.50566,  Residual: 0.000256023 
 68 TAO,  Function value: 1.50566,  Residual: 0.000237453 
 69 TAO,  Function value: 1.50566,  Residual: 0.000214213 
 70 TAO,  Function value: 1.50566,  Residual: 0.000198673 
 71 TAO,  Function value: 1.50566,  Residual: 0.000179229 
 72 TAO,  Function value: 1.50566,  Residual: 0.000166226 
 73 TAO,  Function value: 1.50566,  Residual: 0.000149957 
 74 TAO,  Function value: 1.50566,  Residual: 0.000139077 
 75 TAO,  Function value: 1.50566,  Residual: 0.000125466 
 76 TAO,  Function value: 1.50566,  Residual: 0.000116362 
 77 TAO,  Function value: 1.50566,  Residual: 0.000104974 
 78 TAO,  Function value: 1.50566,  Residual: 9.73568e-05 
Tao Object: 1 MPI process
  type: bncg
    CG Type: pcgd
    Skipped Stepdirection Updates: 0
    Scaled gradient steps: 0
    Pure gradient steps: 1
    Not a descent direction: 0
    Line search fails: 0
  TaoLineSearch Object: 1 MPI process
    type: more-thuente
    maximum function evaluations=30
    tolerances: ftol=0.0001, rtol=1e-10, gtol=0.9
    total number of function evaluations=0
    total number of gradient evaluations=0
    total number of function/gradient evaluations=2
    using variable bounds
    Termination reason: SUCCESS
  Active Set subset type: subvec
  convergence tolerances: gatol=0.0001,   grtol=1e-08,   steptol=0.,   gttol=0.
  Residual in Function/Gradient:=9.73568e-05
  Objective value=1.50566
  total number of iterations=78,                          (max: 2000)
  total number of function/gradient evaluations=165,      (max: 4000)
  Solution converged:    ||g(X)|| <= gatol
