0 TS dt 0.01 time 0.
    0 SNES Function norm 4.707639194688e-11
1 TS dt 0.01 time 0.01
    0 SNES Function norm 4.707639194688e-11
2 TS dt 0.01 time 0.02
    0 SNES Function norm 4.707639194688e-11
3 TS dt 0.01 time 0.03
    0 SNES Function norm 4.707639194688e-11
4 TS dt 0.01 time 0.04
    0 SNES Function norm 4.707639194688e-11
5 TS dt 0.01 time 0.05
    0 SNES Function norm 4.707639194688e-11
6 TS dt 0.01 time 0.06
    0 SNES Function norm 4.707639194688e-11
7 TS dt 0.01 time 0.07
    0 SNES Function norm 4.707639194688e-11
8 TS dt 0.01 time 0.08
    0 SNES Function norm 4.707639194688e-11
9 TS dt 0.01 time 0.09
    0 SNES Function norm 4.707639194688e-11
10 TS dt 0.01 time 0.1
    0 SNES Function norm 4.707639194688e-11
11 TS dt 0.01 time 0.11
    0 SNES Function norm 4.707639194688e-11
12 TS dt 0.01 time 0.12
    0 SNES Function norm 4.707639194688e-11
13 TS dt 0.01 time 0.13
    0 SNES Function norm 4.707639194688e-11
14 TS dt 0.01 time 0.14
    0 SNES Function norm 4.707639194688e-11
15 TS dt 0.01 time 0.15
    0 SNES Function norm 4.707639194688e-11
16 TS dt 0.01 time 0.16
    0 SNES Function norm 4.707639194688e-11
17 TS dt 0.01 time 0.17
    0 SNES Function norm 4.707639194688e-11
18 TS dt 0.01 time 0.18
    0 SNES Function norm 4.707639194688e-11
19 TS dt 0.01 time 0.19
    0 SNES Function norm 4.707639194688e-11
20 TS dt 0.01 time 0.2
    0 SNES Function norm 4.707639194688e-11
21 TS dt 0.01 time 0.21
    0 SNES Function norm 4.707639194688e-11
22 TS dt 0.01 time 0.22
    0 SNES Function norm 4.707639194688e-11
23 TS dt 0.01 time 0.23
    0 SNES Function norm 4.707639194688e-11
24 TS dt 0.01 time 0.24
    0 SNES Function norm 4.707639194688e-11
25 TS dt 0.01 time 0.25
    0 SNES Function norm 4.707639194688e-11
26 TS dt 0.01 time 0.26
    0 SNES Function norm 4.707639194688e-11
27 TS dt 0.01 time 0.27
    0 SNES Function norm 4.707639194688e-11
28 TS dt 0.01 time 0.28
    0 SNES Function norm 4.707639194688e-11
29 TS dt 0.01 time 0.29
    0 SNES Function norm 4.707639194688e-11
30 TS dt 0.01 time 0.3
    0 SNES Function norm 4.707639194688e-11
31 TS dt 0.01 time 0.31
    0 SNES Function norm 4.707639194688e-11
32 TS dt 0.01 time 0.32
    0 SNES Function norm 4.707639194688e-11
33 TS dt 0.01 time 0.33
    0 SNES Function norm 4.707639194688e-11
34 TS dt 0.01 time 0.34
    0 SNES Function norm 4.707639194688e-11
35 TS dt 0.01 time 0.35
    0 SNES Function norm 4.707639194688e-11
36 TS dt 0.01 time 0.36
    0 SNES Function norm 4.707639194688e-11
37 TS dt 0.01 time 0.37
    0 SNES Function norm 4.707639194688e-11
38 TS dt 0.01 time 0.38
    0 SNES Function norm 4.707639194688e-11
39 TS dt 0.01 time 0.39
    0 SNES Function norm 4.707639194688e-11
40 TS dt 0.01 time 0.4
    0 SNES Function norm 4.707639194688e-11
41 TS dt 0.01 time 0.41
    0 SNES Function norm 4.707639194688e-11
42 TS dt 0.01 time 0.42
    0 SNES Function norm 4.707639194688e-11
43 TS dt 0.01 time 0.43
    0 SNES Function norm 4.707639194688e-11
44 TS dt 0.01 time 0.44
    0 SNES Function norm 4.707639194688e-11
45 TS dt 0.01 time 0.45
    0 SNES Function norm 4.707639194688e-11
46 TS dt 0.01 time 0.46
    0 SNES Function norm 4.707639194688e-11
47 TS dt 0.01 time 0.47
    0 SNES Function norm 4.707639194688e-11
48 TS dt 0.01 time 0.48
    0 SNES Function norm 4.707639194688e-11
49 TS dt 0.01 time 0.49
    0 SNES Function norm 4.707639194688e-11
50 TS dt 0.01 time 0.5
    0 SNES Function norm 4.707639194688e-11
51 TS dt 0.01 time 0.51
    0 SNES Function norm 4.707639194688e-11
52 TS dt 0.01 time 0.52
    0 SNES Function norm 4.707639194688e-11
53 TS dt 0.01 time 0.53
    0 SNES Function norm 4.707639194688e-11
54 TS dt 0.01 time 0.54
    0 SNES Function norm 4.707639194688e-11
55 TS dt 0.01 time 0.55
    0 SNES Function norm 4.707639194688e-11
56 TS dt 0.01 time 0.56
    0 SNES Function norm 4.707639194688e-11
57 TS dt 0.01 time 0.57
    0 SNES Function norm 4.707639194688e-11
58 TS dt 0.01 time 0.58
    0 SNES Function norm 4.707639194688e-11
59 TS dt 0.01 time 0.59
    0 SNES Function norm 4.707639194688e-11
60 TS dt 0.01 time 0.6
    0 SNES Function norm 4.707639194688e-11
61 TS dt 0.01 time 0.61
    0 SNES Function norm 4.707639194688e-11
62 TS dt 0.01 time 0.62
    0 SNES Function norm 4.707639194688e-11
63 TS dt 0.01 time 0.63
    0 SNES Function norm 4.707639194688e-11
64 TS dt 0.01 time 0.64
    0 SNES Function norm 4.707639194688e-11
65 TS dt 0.01 time 0.65
    0 SNES Function norm 4.707639194688e-11
66 TS dt 0.01 time 0.66
    0 SNES Function norm 4.707639194688e-11
67 TS dt 0.01 time 0.67
    0 SNES Function norm 4.707639194688e-11
68 TS dt 0.01 time 0.68
    0 SNES Function norm 4.707639194688e-11
69 TS dt 0.01 time 0.69
    0 SNES Function norm 4.707639194688e-11
70 TS dt 0.01 time 0.7
    0 SNES Function norm 4.707639194688e-11
71 TS dt 0.01 time 0.71
    0 SNES Function norm 4.707639194688e-11
72 TS dt 0.01 time 0.72
    0 SNES Function norm 4.707639194688e-11
73 TS dt 0.01 time 0.73
    0 SNES Function norm 4.707639194688e-11
74 TS dt 0.01 time 0.74
    0 SNES Function norm 4.707639194688e-11
75 TS dt 0.01 time 0.75
    0 SNES Function norm 4.707639194688e-11
76 TS dt 0.01 time 0.76
    0 SNES Function norm 4.707639194688e-11
77 TS dt 0.01 time 0.77
    0 SNES Function norm 4.707639194688e-11
78 TS dt 0.01 time 0.78
    0 SNES Function norm 4.707639194688e-11
79 TS dt 0.01 time 0.79
    0 SNES Function norm 4.707639194688e-11
80 TS dt 0.01 time 0.8
    0 SNES Function norm 4.707639194688e-11
81 TS dt 0.01 time 0.81
    0 SNES Function norm 4.707639194688e-11
82 TS dt 0.01 time 0.82
    0 SNES Function norm 4.707639194688e-11
83 TS dt 0.01 time 0.83
    0 SNES Function norm 4.707639194688e-11
84 TS dt 0.01 time 0.84
    0 SNES Function norm 4.707639194688e-11
85 TS dt 0.01 time 0.85
    0 SNES Function norm 4.707639194688e-11
86 TS dt 0.01 time 0.86
    0 SNES Function norm 4.707639194688e-11
87 TS dt 0.01 time 0.87
    0 SNES Function norm 4.707639194688e-11
88 TS dt 0.01 time 0.88
    0 SNES Function norm 4.707639194688e-11
89 TS dt 0.01 time 0.89
    0 SNES Function norm 4.707639194688e-11
90 TS dt 0.01 time 0.9
    0 SNES Function norm 4.707639194688e-11
91 TS dt 0.01 time 0.91
    0 SNES Function norm 4.707639194688e-11
92 TS dt 0.01 time 0.92
    0 SNES Function norm 4.707639194688e-11
93 TS dt 0.01 time 0.93
    0 SNES Function norm 4.707639194688e-11
94 TS dt 0.01 time 0.94
    0 SNES Function norm 4.707639194688e-11
95 TS dt 0.01 time 0.95
    0 SNES Function norm 4.707639194688e-11
96 TS dt 0.01 time 0.96
    0 SNES Function norm 4.707639194688e-11
97 TS dt 0.01 time 0.97
    0 SNES Function norm 4.707639194688e-11
98 TS dt 0.01 time 0.98
    0 SNES Function norm 4.707639194688e-11
99 TS dt 0.01 time 0.99
    0 SNES Function norm 4.707639194688e-11
  0 SNES Function norm 1.032256483425e+04
  1 SNES Function norm 1.655614988193e-11
100 TS dt 0.01 time 1.
    0 SNES Function norm 2.168277532764e+02
    1 SNES Function norm 1.329238648608e-02
    2 SNES Function norm 4.450267035737e-08
101 TS dt 0.01 time 1.01
    0 SNES Function norm 2.105465131406e+02
    1 SNES Function norm 1.640324425542e-02
    2 SNES Function norm 3.345781832416e-07
102 TS dt 0.01 time 1.02
    0 SNES Function norm 2.039471770865e+02
    1 SNES Function norm 2.019660131270e-02
    2 SNES Function norm 7.714712479817e-07
103 TS dt 0.01 time 1.03
    0 SNES Function norm 1.971579931309e+02
    1 SNES Function norm 2.449229591233e-02
    2 SNES Function norm 1.245964341939e-06
104 TS dt 0.01 time 1.04
    0 SNES Function norm 1.902988947596e+02
    1 SNES Function norm 2.920270663030e-02
    2 SNES Function norm 1.683035419255e-06
105 TS dt 0.01 time 1.05
    0 SNES Function norm 1.834804237484e+02
    1 SNES Function norm 3.429253531196e-02
    2 SNES Function norm 2.034993661996e-06
    3 SNES Function norm 9.301508464472e-12
106 TS dt 0.01 time 1.06
    0 SNES Function norm 1.768026854780e+02
    1 SNES Function norm 3.975907553289e-02
    2 SNES Function norm 2.275883991097e-06
    3 SNES Function norm 6.575121797594e-12
107 TS dt 0.01 time 1.07
    0 SNES Function norm 1.703543050380e+02
    1 SNES Function norm 4.562543025760e-02
    2 SNES Function norm 2.397039843124e-06
    3 SNES Function norm 1.473295130609e-11
108 TS dt 0.01 time 1.08
    0 SNES Function norm 1.642113830148e+02
    1 SNES Function norm 5.194125609388e-02
    2 SNES Function norm 2.403684657999e-06
    3 SNES Function norm 4.163360837611e-12
108 TS dt 0.00951669 time 1.08 (r)
    0 SNES Function norm 1.642113830148e+02
    1 SNES Function norm 4.688080396226e-02
    2 SNES Function norm 2.002020643068e-06
    3 SNES Function norm 9.296173049134e-12
108 TS dt 0.00949403 time 1.08 (r)
    0 SNES Function norm 1.642113830148e+02
    1 SNES Function norm 4.665028136719e-02
    2 SNES Function norm 1.984428499188e-06
    3 SNES Function norm 1.588696126322e-11
VR[2]: hit upper limit at time 1.08949
109 TS dt 0.000505968 time 1.08949
    0 SNES Function norm 1.335106197049e+02
    1 SNES Function norm 8.395380808537e-05
    2 SNES Function norm 2.886713362205e-10
110 TS dt 0.01 time 1.09
    0 SNES Function norm 1.334188785909e+02
    1 SNES Function norm 3.509827012440e-02
    2 SNES Function norm 1.087812854753e-06
111 TS dt 0.01 time 1.1
    0 SNES Function norm 1.316616167618e+02
    1 SNES Function norm 3.947979229314e-02
    2 SNES Function norm 1.182963435182e-06
112 TS dt 0.01 time 1.11
    0 SNES Function norm 1.300148763936e+02
    1 SNES Function norm 4.408356848386e-02
    2 SNES Function norm 1.267966759499e-06
113 TS dt 0.01 time 1.12
    0 SNES Function norm 1.284849903321e+02
    1 SNES Function norm 4.889901350054e-02
    2 SNES Function norm 1.345419718927e-06
    3 SNES Function norm 7.820779535847e-12
114 TS dt 0.01 time 1.13
    0 SNES Function norm 1.270751838929e+02
    1 SNES Function norm 5.391125364258e-02
    2 SNES Function norm 1.418539536257e-06
    3 SNES Function norm 1.309726930789e-11
115 TS dt 0.01 time 1.14
    0 SNES Function norm 1.257861168757e+02
    1 SNES Function norm 5.910188723014e-02
    2 SNES Function norm 1.490982337895e-06
    3 SNES Function norm 1.489568991345e-11
116 TS dt 0.01 time 1.15
    0 SNES Function norm 1.246164622456e+02
    1 SNES Function norm 6.445110988965e-02
    2 SNES Function norm 1.566724191059e-06
    3 SNES Function norm 7.434966457707e-12
117 TS dt 0.01 time 1.16
    0 SNES Function norm 1.235634885258e+02
    1 SNES Function norm 6.994119390098e-02
    2 SNES Function norm 1.650016688226e-06
    3 SNES Function norm 8.006370211456e-12
118 TS dt 0.01 time 1.17
    0 SNES Function norm 1.226236144012e+02
    1 SNES Function norm 7.556102781005e-02
    2 SNES Function norm 1.745403398048e-06
    3 SNES Function norm 8.446261408754e-12
119 TS dt 0.01 time 1.18
    0 SNES Function norm 1.217929054688e+02
    1 SNES Function norm 8.131089887892e-02
    2 SNES Function norm 1.857825747777e-06
    3 SNES Function norm 1.511057380032e-11
120 TS dt 0.01 time 1.19
    0 SNES Function norm 1.210674909371e+02
    1 SNES Function norm 8.720642582588e-02
    2 SNES Function norm 1.992764145539e-06
    3 SNES Function norm 1.484801393643e-11
  0 SNES Function norm 6.142634877505e+00
  1 SNES Function norm 9.087537420184e-15
VR[2]: dVR_dt went negative on fault clearing at time 1.2
121 TS dt 0.01 time 1.2
    0 SNES Function norm 1.219381093718e+02
    1 SNES Function norm 2.547809329005e-01
    2 SNES Function norm 1.977465167397e-05
    3 SNES Function norm 1.230749228912e-11
122 TS dt 0.01 time 1.21
    0 SNES Function norm 1.234603353565e+02
    1 SNES Function norm 2.309726827640e-01
    2 SNES Function norm 1.925483069178e-05
    3 SNES Function norm 1.350590537641e-11
123 TS dt 0.01 time 1.22
    0 SNES Function norm 1.244766486157e+02
    1 SNES Function norm 2.113081953389e-01
    2 SNES Function norm 1.630238625154e-05
    3 SNES Function norm 1.295639259623e-11
124 TS dt 0.01 time 1.23
    0 SNES Function norm 1.250318124492e+02
    1 SNES Function norm 1.954101899858e-01
    2 SNES Function norm 1.249319106869e-05
    3 SNES Function norm 1.348022549105e-11
125 TS dt 0.01 time 1.24
    0 SNES Function norm 1.251862887519e+02
    1 SNES Function norm 1.826454280625e-01
    2 SNES Function norm 8.831252729845e-06
    3 SNES Function norm 1.505566501307e-11
126 TS dt 0.01 time 1.25
    0 SNES Function norm 1.250102396937e+02
    1 SNES Function norm 1.723226492422e-01
    2 SNES Function norm 5.834425610357e-06
    3 SNES Function norm 1.526700840090e-11
127 TS dt 0.01 time 1.26
    0 SNES Function norm 1.245774167984e+02
    1 SNES Function norm 1.638287155040e-01
    2 SNES Function norm 3.664327585446e-06
    3 SNES Function norm 7.461393386664e-12
128 TS dt 0.01 time 1.27
    0 SNES Function norm 1.239594801694e+02
    1 SNES Function norm 1.566902426030e-01
    2 SNES Function norm 2.250483253490e-06
    3 SNES Function norm 6.007256477704e-12
129 TS dt 0.01 time 1.28
    0 SNES Function norm 1.232211346102e+02
    1 SNES Function norm 1.505779354831e-01
    2 SNES Function norm 1.421773891107e-06
    3 SNES Function norm 1.709217703551e-11
130 TS dt 0.01 time 1.29
    0 SNES Function norm 1.224162970564e+02
    1 SNES Function norm 1.452810691966e-01
    2 SNES Function norm 1.136288928973e-06
131 TS dt 0.01 time 1.3
    0 SNES Function norm 1.215853488164e+02
    1 SNES Function norm 1.406742639819e-01
    2 SNES Function norm 1.489163248505e-06
    3 SNES Function norm 1.004960411964e-11
132 TS dt 0.01 time 1.31
    0 SNES Function norm 1.207533969423e+02
    1 SNES Function norm 1.366886848169e-01
    2 SNES Function norm 2.249950288539e-06
    3 SNES Function norm 1.041156562493e-11
133 TS dt 0.01 time 1.32
    0 SNES Function norm 1.199293874982e+02
    1 SNES Function norm 1.332915129986e-01
    2 SNES Function norm 3.169975913721e-06
    3 SNES Function norm 8.631916129661e-12
134 TS dt 0.01 time 1.33
    0 SNES Function norm 1.191058807408e+02
    1 SNES Function norm 1.304730012886e-01
    2 SNES Function norm 4.107406439539e-06
    3 SNES Function norm 4.030021965072e-12
135 TS dt 0.01 time 1.34
    0 SNES Function norm 1.182593278151e+02
    1 SNES Function norm 1.282378064292e-01
    2 SNES Function norm 4.964313143886e-06
    3 SNES Function norm 1.030121033724e-11
136 TS dt 0.01 time 1.35
    0 SNES Function norm 1.173507565359e+02
    1 SNES Function norm 1.265973163092e-01
    2 SNES Function norm 5.682678352698e-06
    3 SNES Function norm 1.377788561996e-11
137 TS dt 0.01 time 1.36
    0 SNES Function norm 1.163268970869e+02
    1 SNES Function norm 1.255595509138e-01
    2 SNES Function norm 6.268320408384e-06
    3 SNES Function norm 1.778801226895e-11
138 TS dt 0.01 time 1.37
    0 SNES Function norm 1.151219176271e+02
    1 SNES Function norm 1.251152665280e-01
    2 SNES Function norm 6.824450336530e-06
    3 SNES Function norm 1.094778706746e-11
139 TS dt 0.01 time 1.38
    0 SNES Function norm 1.136601101904e+02
    1 SNES Function norm 1.252205907806e-01
    2 SNES Function norm 7.559341378734e-06
    3 SNES Function norm 7.138490284178e-12
140 TS dt 0.01 time 1.39
    0 SNES Function norm 1.118600246860e+02
    1 SNES Function norm 1.257799233451e-01
    2 SNES Function norm 8.696433591279e-06
    3 SNES Function norm 5.312978102484e-12
141 TS dt 0.01 time 1.4
    0 SNES Function norm 1.096407037509e+02
    1 SNES Function norm 1.266349165613e-01
    2 SNES Function norm 1.028613086608e-05
    3 SNES Function norm 6.930864829937e-12
142 TS dt 0.01 time 1.41
    0 SNES Function norm 1.069307744293e+02
    1 SNES Function norm 1.275670593709e-01
    2 SNES Function norm 1.208814497382e-05
    3 SNES Function norm 7.498105134040e-12
143 TS dt 0.01 time 1.42
    0 SNES Function norm 1.036812063968e+02
    1 SNES Function norm 1.283199119674e-01
    2 SNES Function norm 1.363788427522e-05
    3 SNES Function norm 1.271559164442e-11
144 TS dt 0.01 time 1.43
    0 SNES Function norm 9.988248067759e+01
    1 SNES Function norm 1.286437252880e-01
    2 SNES Function norm 1.446844995863e-05
    3 SNES Function norm 1.636191516873e-11
145 TS dt 0.01 time 1.44
    0 SNES Function norm 9.558665258463e+01
    1 SNES Function norm 1.283584674647e-01
    2 SNES Function norm 1.456032325834e-05
    3 SNES Function norm 1.652212357789e-11
146 TS dt 0.01 time 1.45
    0 SNES Function norm 9.093400159216e+01
    1 SNES Function norm 1.274227157385e-01
    2 SNES Function norm 1.516668526067e-05
    3 SNES Function norm 6.822620667671e-12
147 TS dt 0.01 time 1.46
    0 SNES Function norm 8.618182451670e+01
    1 SNES Function norm 1.259851519564e-01
    2 SNES Function norm 1.891303370772e-05
    3 SNES Function norm 9.420029332471e-12
148 TS dt 0.01 time 1.47
    0 SNES Function norm 8.172756828453e+01
    1 SNES Function norm 1.243874554431e-01
    2 SNES Function norm 2.691140000808e-05
    3 SNES Function norm 9.332825018539e-12
149 TS dt 0.01 time 1.48
    0 SNES Function norm 7.810764236324e+01
    1 SNES Function norm 1.230906582304e-01
    2 SNES Function norm 3.765467845012e-05
    3 SNES Function norm 8.615404353901e-12
150 TS dt 0.01 time 1.49
    0 SNES Function norm 7.593971501922e+01
    1 SNES Function norm 1.225256922064e-01
    2 SNES Function norm 4.894302591827e-05
    3 SNES Function norm 1.185756255309e-11
151 TS dt 0.01 time 1.5
    0 SNES Function norm 7.578168390513e+01
    1 SNES Function norm 1.229223414767e-01
    2 SNES Function norm 5.872931741209e-05
    3 SNES Function norm 8.519734108268e-12
152 TS dt 0.01 time 1.51
    0 SNES Function norm 7.793987855184e+01
    1 SNES Function norm 1.242112956159e-01
    2 SNES Function norm 6.540139675378e-05
    3 SNES Function norm 8.630745909015e-12
153 TS dt 0.01 time 1.52
    0 SNES Function norm 8.234354453733e+01
    1 SNES Function norm 1.260634778595e-01
    2 SNES Function norm 6.801449332625e-05
    3 SNES Function norm 1.786401216606e-11
154 TS dt 0.01 time 1.53
    0 SNES Function norm 8.858212896893e+01
    1 SNES Function norm 1.280384127359e-01
    2 SNES Function norm 6.640246882145e-05
    3 SNES Function norm 2.045129240644e-11
155 TS dt 0.01 time 1.54
    0 SNES Function norm 9.606089945237e+01
    1 SNES Function norm 1.297474800943e-01
    2 SNES Function norm 6.111027129099e-05
    3 SNES Function norm 3.305356761159e-12
156 TS dt 0.01 time 1.55
    0 SNES Function norm 1.041553658409e+02
    1 SNES Function norm 1.309528393809e-01
    2 SNES Function norm 5.318040056976e-05
    3 SNES Function norm 9.403880811253e-12
157 TS dt 0.01 time 1.56
    0 SNES Function norm 1.123009526292e+02
    1 SNES Function norm 1.315806713044e-01
    2 SNES Function norm 4.387366345554e-05
    3 SNES Function norm 8.750530279314e-12
158 TS dt 0.01 time 1.57
    0 SNES Function norm 1.200244575074e+02
    1 SNES Function norm 1.316731091271e-01
    2 SNES Function norm 3.440676455564e-05
    3 SNES Function norm 7.626914318420e-12
159 TS dt 0.01 time 1.58
    0 SNES Function norm 1.269443891301e+02
    1 SNES Function norm 1.313187880545e-01
    2 SNES Function norm 2.576155983104e-05
    3 SNES Function norm 5.281172546330e-12
160 TS dt 0.01 time 1.59
    0 SNES Function norm 1.327598533502e+02
    1 SNES Function norm 1.305956944617e-01
    2 SNES Function norm 1.858558937787e-05
    3 SNES Function norm 1.316189064430e-11
161 TS dt 0.01 time 1.6
    0 SNES Function norm 1.372376329995e+02
    1 SNES Function norm 1.295437397619e-01
    2 SNES Function norm 1.317680866438e-05
    3 SNES Function norm 1.306194493198e-11
162 TS dt 0.01 time 1.61
    0 SNES Function norm 1.402013181009e+02
    1 SNES Function norm 1.281680683979e-01
    2 SNES Function norm 9.528414390210e-06
    3 SNES Function norm 7.182528995059e-12
163 TS dt 0.01 time 1.62
    0 SNES Function norm 1.415238101850e+02
    1 SNES Function norm 1.264637378865e-01
    2 SNES Function norm 7.415753420161e-06
    3 SNES Function norm 1.035518326396e-11
164 TS dt 0.01 time 1.63
    0 SNES Function norm 1.411234932184e+02
    1 SNES Function norm 1.244500327962e-01
    2 SNES Function norm 6.552611800938e-06
    3 SNES Function norm 1.149515710193e-11
165 TS dt 0.01 time 1.64
    0 SNES Function norm 1.389639254858e+02
    1 SNES Function norm 1.222052530048e-01
    2 SNES Function norm 6.803122558641e-06
    3 SNES Function norm 1.510656618160e-12
166 TS dt 0.01 time 1.65
    0 SNES Function norm 1.350567030068e+02
    1 SNES Function norm 1.198962458603e-01
    2 SNES Function norm 8.218575534397e-06
    3 SNES Function norm 1.244427552865e-11
167 TS dt 0.01 time 1.66
    0 SNES Function norm 1.294671474512e+02
    1 SNES Function norm 1.177976644410e-01
    2 SNES Function norm 1.087125282872e-05
    3 SNES Function norm 1.305322552379e-11
168 TS dt 0.01 time 1.67
    0 SNES Function norm 1.223227391720e+02
    1 SNES Function norm 1.162927299319e-01
    2 SNES Function norm 1.481136983141e-05
    3 SNES Function norm 8.517494561507e-12
169 TS dt 0.01 time 1.68
    0 SNES Function norm 1.138249014141e+02
    1 SNES Function norm 1.158403631944e-01
    2 SNES Function norm 2.008757216607e-05
    3 SNES Function norm 7.915364190173e-12
170 TS dt 0.01 time 1.69
    0 SNES Function norm 1.042659844652e+02
    1 SNES Function norm 1.168907700051e-01
    2 SNES Function norm 2.661867323937e-05
    3 SNES Function norm 1.084422629716e-11
171 TS dt 0.01 time 1.7
    0 SNES Function norm 9.405511288333e+01
    1 SNES Function norm 1.197488422222e-01
    2 SNES Function norm 3.397344005881e-05
    3 SNES Function norm 6.421550476134e-12
172 TS dt 0.01 time 1.71
    0 SNES Function norm 8.375790990095e+01
    1 SNES Function norm 1.244297465654e-01
    2 SNES Function norm 4.126318150178e-05
    3 SNES Function norm 1.445717488030e-11
173 TS dt 0.01 time 1.72
    0 SNES Function norm 7.415050422501e+01
    1 SNES Function norm 1.305878053147e-01
    2 SNES Function norm 4.728251062891e-05
    3 SNES Function norm 6.239754796246e-12
174 TS dt 0.01 time 1.73
    0 SNES Function norm 6.625868982507e+01
    1 SNES Function norm 1.375741730941e-01
    2 SNES Function norm 5.085896675301e-05
    3 SNES Function norm 8.974128899789e-12
175 TS dt 0.01 time 1.74
    0 SNES Function norm 6.126770793447e+01
    1 SNES Function norm 1.446011746977e-01
    2 SNES Function norm 5.124271927013e-05
    3 SNES Function norm 1.705500890184e-11
176 TS dt 0.01 time 1.75
    0 SNES Function norm 6.012031732176e+01
    1 SNES Function norm 1.509367659377e-01
    2 SNES Function norm 4.835032524209e-05
    3 SNES Function norm 1.821060224155e-11
177 TS dt 0.01 time 1.76
    0 SNES Function norm 6.293160412278e+01
    1 SNES Function norm 1.560563453769e-01
    2 SNES Function norm 4.276121261158e-05
    3 SNES Function norm 1.387577098573e-11
178 TS dt 0.01 time 1.77
    0 SNES Function norm 6.888520927849e+01
    1 SNES Function norm 1.597149289797e-01
    2 SNES Function norm 3.549456827435e-05
    3 SNES Function norm 6.359499810324e-12
179 TS dt 0.01 time 1.78
    0 SNES Function norm 7.677532342186e+01
    1 SNES Function norm 1.619378906224e-01
    2 SNES Function norm 2.769006939356e-05
    3 SNES Function norm 1.748055016777e-11
180 TS dt 0.01 time 1.79
    0 SNES Function norm 8.552368379241e+01
    1 SNES Function norm 1.629530070982e-01
    2 SNES Function norm 2.032946756866e-05
    3 SNES Function norm 1.730304976930e-11
181 TS dt 0.01 time 1.8
    0 SNES Function norm 9.434192259169e+01
    1 SNES Function norm 1.630977412493e-01
    2 SNES Function norm 1.407970941852e-05
    3 SNES Function norm 7.337332613031e-12
182 TS dt 0.01 time 1.81
    0 SNES Function norm 1.026968907065e+02
    1 SNES Function norm 1.627343528081e-01
    2 SNES Function norm 9.265455551264e-06
    3 SNES Function norm 1.147918797729e-11
183 TS dt 0.01 time 1.82
    0 SNES Function norm 1.102378101593e+02
    1 SNES Function norm 1.621927639588e-01
    2 SNES Function norm 5.929093092048e-06
    3 SNES Function norm 8.564091530550e-12
184 TS dt 0.01 time 1.83
    0 SNES Function norm 1.167369935958e+02
    1 SNES Function norm 1.617448276418e-01
    2 SNES Function norm 3.913959782342e-06
    3 SNES Function norm 1.383462395978e-11
185 TS dt 0.01 time 1.84
    0 SNES Function norm 1.220489949239e+02
    1 SNES Function norm 1.616004937226e-01
    2 SNES Function norm 2.907621089466e-06
    3 SNES Function norm 6.901881934279e-12
186 TS dt 0.01 time 1.85
    0 SNES Function norm 1.260832957717e+02
    1 SNES Function norm 1.619128264105e-01
    2 SNES Function norm 2.502635259691e-06
    3 SNES Function norm 1.217485127489e-11
187 TS dt 0.01 time 1.86
    0 SNES Function norm 1.287860253778e+02
    1 SNES Function norm 1.627825670435e-01
    2 SNES Function norm 2.387666027247e-06
    3 SNES Function norm 1.506936542794e-11
188 TS dt 0.01 time 1.87
    0 SNES Function norm 1.301278891775e+02
    1 SNES Function norm 1.642605796365e-01
    2 SNES Function norm 2.439187150577e-06
    3 SNES Function norm 8.597315822649e-12
189 TS dt 0.01 time 1.88
    0 SNES Function norm 1.300966583509e+02
    1 SNES Function norm 1.663511743461e-01
    2 SNES Function norm 2.639896130625e-06
    3 SNES Function norm 1.119210407306e-11
190 TS dt 0.01 time 1.89
    0 SNES Function norm 1.286932346361e+02
    1 SNES Function norm 1.690206212849e-01
    2 SNES Function norm 3.014914926553e-06
    3 SNES Function norm 1.193200709443e-11
191 TS dt 0.01 time 1.9
    0 SNES Function norm 1.259306396462e+02
    1 SNES Function norm 1.722122465241e-01
    2 SNES Function norm 3.614241166359e-06
    3 SNES Function norm 1.016963996219e-11
192 TS dt 0.01 time 1.91
    0 SNES Function norm 1.218354688296e+02
    1 SNES Function norm 1.758667713158e-01
    2 SNES Function norm 4.494872989608e-06
    3 SNES Function norm 5.084549071970e-12
193 TS dt 0.01 time 1.92
    0 SNES Function norm 1.164514910075e+02
    1 SNES Function norm 1.799436961436e-01
    2 SNES Function norm 5.711149357425e-06
    3 SNES Function norm 1.488897817192e-11
194 TS dt 0.01 time 1.93
    0 SNES Function norm 1.098452695355e+02
    1 SNES Function norm 1.844389889033e-01
    2 SNES Function norm 7.339592045546e-06
    3 SNES Function norm 8.421539455131e-12
195 TS dt 0.01 time 1.94
    0 SNES Function norm 1.021140231461e+02
    1 SNES Function norm 1.893933767430e-01
    2 SNES Function norm 9.511937890483e-06
    3 SNES Function norm 9.299735534999e-12
196 TS dt 0.01 time 1.95
    0 SNES Function norm 9.339662860291e+01
    1 SNES Function norm 1.948864504203e-01
    2 SNES Function norm 1.238957962077e-05
    3 SNES Function norm 1.005624152313e-11
197 TS dt 0.01 time 1.96
    0 SNES Function norm 8.389003343648e+01
    1 SNES Function norm 2.010132733534e-01
    2 SNES Function norm 1.605077710154e-05
    3 SNES Function norm 1.315214683956e-11
198 TS dt 0.01 time 1.97
    0 SNES Function norm 7.387609977053e+01
    1 SNES Function norm 2.078459653353e-01
    2 SNES Function norm 2.035792834392e-05
    3 SNES Function norm 1.040686997187e-11
199 TS dt 0.01 time 1.98
    0 SNES Function norm 6.376903331415e+01
    1 SNES Function norm 2.153896547569e-01
    2 SNES Function norm 2.490345958507e-05
    3 SNES Function norm 1.937578826817e-11
200 TS dt 0.01 time 1.99
    0 SNES Function norm 5.420009801566e+01
    1 SNES Function norm 2.235489298730e-01
    2 SNES Function norm 2.907009401575e-05
    3 SNES Function norm 1.005838771736e-11
201 TS dt 0.01 time 2.
    0 SNES Function norm 4.614508694664e+01
    1 SNES Function norm 2.321194966017e-01
    2 SNES Function norm 3.217853735198e-05
    3 SNES Function norm 1.749995574109e-11
202 TS dt 0.01 time 2.01
    0 SNES Function norm 4.097676096798e+01
    1 SNES Function norm 2.408111116552e-01
    2 SNES Function norm 3.366842049547e-05
    3 SNES Function norm 4.925966415579e-12
203 TS dt 0.01 time 2.02
    0 SNES Function norm 3.999639045097e+01
    1 SNES Function norm 2.492938264563e-01
    2 SNES Function norm 3.325130793747e-05
    3 SNES Function norm 3.251908376628e-12
204 TS dt 0.01 time 2.03
    0 SNES Function norm 4.333424297476e+01
    1 SNES Function norm 2.572510037104e-01
    2 SNES Function norm 3.098486724803e-05
    3 SNES Function norm 1.699398314112e-11
205 TS dt 0.01 time 2.04
    0 SNES Function norm 4.974719325226e+01
    1 SNES Function norm 2.644214271530e-01
    2 SNES Function norm 2.724669676013e-05
    3 SNES Function norm 4.536442907798e-12
206 TS dt 0.01 time 2.05
    0 SNES Function norm 5.770428726791e+01
    1 SNES Function norm 2.706210173900e-01
    2 SNES Function norm 2.262311976757e-05
    3 SNES Function norm 9.111350657744e-12
207 TS dt 0.01 time 2.06
    0 SNES Function norm 6.607433225217e+01
    1 SNES Function norm 2.757438415263e-01
    2 SNES Function norm 1.775684840670e-05
    3 SNES Function norm 1.425237455680e-11
208 TS dt 0.01 time 2.07
    0 SNES Function norm 7.413895510334e+01
    1 SNES Function norm 2.797501203685e-01
    2 SNES Function norm 1.320556584614e-05
    3 SNES Function norm 3.847097624146e-12
209 TS dt 0.01 time 2.08
    0 SNES Function norm 8.145031277961e+01
    1 SNES Function norm 2.826499302122e-01
    2 SNES Function norm 9.350655848729e-06
    3 SNES Function norm 9.500356541410e-12
210 TS dt 0.01 time 2.09
    0 SNES Function norm 8.772775697255e+01
    1 SNES Function norm 2.844892882389e-01
    2 SNES Function norm 6.370952784397e-06
    3 SNES Function norm 8.599751139376e-12
211 TS dt 0.01 time 2.1
    0 SNES Function norm 9.279996071134e+01
    1 SNES Function norm 2.853398530970e-01
    2 SNES Function norm 4.270932455665e-06
    3 SNES Function norm 5.527127197706e-12
212 TS dt 0.01 time 2.11
    0 SNES Function norm 9.657309421112e+01
    1 SNES Function norm 2.852908983453e-01
    2 SNES Function norm 2.935766003091e-06
    3 SNES Function norm 1.163738107837e-11
213 TS dt 0.01 time 2.12
    0 SNES Function norm 9.901228188420e+01
    1 SNES Function norm 2.844405635888e-01
    2 SNES Function norm 2.185720835510e-06
    3 SNES Function norm 5.983148768264e-12
214 TS dt 0.01 time 2.13
    0 SNES Function norm 1.001300567089e+02
    1 SNES Function norm 2.828855813167e-01
    2 SNES Function norm 1.829243138390e-06
    3 SNES Function norm 6.959049039034e-12
215 TS dt 0.01 time 2.14
    0 SNES Function norm 9.997904146860e+01
    1 SNES Function norm 2.807098867409e-01
    2 SNES Function norm 1.725712449202e-06
    3 SNES Function norm 6.944676271456e-12
216 TS dt 0.01 time 2.15
    0 SNES Function norm 9.864776053323e+01
    1 SNES Function norm 2.779747309088e-01
    2 SNES Function norm 1.816045328974e-06
    3 SNES Function norm 1.256602396371e-11
217 TS dt 0.01 time 2.16
    0 SNES Function norm 9.625926613309e+01
    1 SNES Function norm 2.747122318304e-01
    2 SNES Function norm 2.091253836863e-06
    3 SNES Function norm 4.830146376037e-12
218 TS dt 0.01 time 2.17
    0 SNES Function norm 9.297258182024e+01
    1 SNES Function norm 2.709241235148e-01
    2 SNES Function norm 2.547765870382e-06
    3 SNES Function norm 1.072223007296e-11
219 TS dt 0.01 time 2.18
    0 SNES Function norm 8.898701012898e+01
    1 SNES Function norm 2.665852074659e-01
    2 SNES Function norm 3.170637042161e-06
    3 SNES Function norm 6.266481719143e-12
220 TS dt 0.01 time 2.19
    0 SNES Function norm 8.454899166897e+01
    1 SNES Function norm 2.616504580403e-01
    2 SNES Function norm 3.933338203112e-06
    3 SNES Function norm 4.983769992914e-12
221 TS dt 0.01 time 2.2
    0 SNES Function norm 7.996007459055e+01
    1 SNES Function norm 2.560633355734e-01
    2 SNES Function norm 4.794929282560e-06
    3 SNES Function norm 1.290257411831e-11
222 TS dt 0.01 time 2.21
    0 SNES Function norm 7.558186095535e+01
    1 SNES Function norm 2.497637830241e-01
    2 SNES Function norm 5.692784830042e-06
    3 SNES Function norm 7.712752562379e-12
223 TS dt 0.01 time 2.22
    0 SNES Function norm 7.182895353345e+01
    1 SNES Function norm 2.426946322377e-01
    2 SNES Function norm 6.538440629335e-06
    3 SNES Function norm 1.336060888759e-11
224 TS dt 0.01 time 2.23
    0 SNES Function norm 6.913562130899e+01
    1 SNES Function norm 2.348071051870e-01
    2 SNES Function norm 7.223483641718e-06
    3 SNES Function norm 9.884432509582e-12
225 TS dt 0.01 time 2.24
    0 SNES Function norm 6.788450336733e+01
    1 SNES Function norm 2.260664645829e-01
    2 SNES Function norm 7.637810252337e-06
    3 SNES Function norm 1.601760867540e-11
226 TS dt 0.01 time 2.25
    0 SNES Function norm 6.830880894342e+01
    1 SNES Function norm 2.164596957927e-01
    2 SNES Function norm 7.696660182276e-06
    3 SNES Function norm 1.821129004067e-11
227 TS dt 0.01 time 2.26
    0 SNES Function norm 7.041607560584e+01
    1 SNES Function norm 2.060056196261e-01
    2 SNES Function norm 7.367153838413e-06
    3 SNES Function norm 9.553079742887e-12
228 TS dt 0.01 time 2.27
    0 SNES Function norm 7.398592656537e+01
    1 SNES Function norm 1.947667673025e-01
    2 SNES Function norm 6.683806509300e-06
    3 SNES Function norm 1.375123470738e-11
229 TS dt 0.01 time 2.28
    0 SNES Function norm 7.864185043588e+01
    1 SNES Function norm 1.828600981469e-01
    2 SNES Function norm 5.745500553429e-06
    3 SNES Function norm 1.172337576015e-11
230 TS dt 0.01 time 2.29
    0 SNES Function norm 8.394568640088e+01
    1 SNES Function norm 1.704632759632e-01
    2 SNES Function norm 4.693237797587e-06
    3 SNES Function norm 7.362335517225e-12
231 TS dt 0.01 time 2.3
    0 SNES Function norm 8.946851775433e+01
    1 SNES Function norm 1.578130028438e-01
    2 SNES Function norm 3.674996996343e-06
    3 SNES Function norm 1.219703186362e-11
232 TS dt 0.01 time 2.31
    0 SNES Function norm 9.482658446115e+01
    1 SNES Function norm 1.451936808227e-01
    2 SNES Function norm 2.807937799607e-06
    3 SNES Function norm 2.064644306156e-11
233 TS dt 0.01 time 2.32
    0 SNES Function norm 9.969242789824e+01
    1 SNES Function norm 1.329158624197e-01
    2 SNES Function norm 2.148891514207e-06
    3 SNES Function norm 1.227677547857e-11
234 TS dt 0.01 time 2.33
    0 SNES Function norm 1.037939378905e+02
    1 SNES Function norm 1.212858899093e-01
    2 SNES Function norm 1.686312586333e-06
    3 SNES Function norm 9.063676382089e-12
235 TS dt 0.01 time 2.34
    0 SNES Function norm 1.069093065517e+02
    1 SNES Function norm 1.105691834641e-01
    2 SNES Function norm 1.364879949364e-06
    3 SNES Function norm 3.923911585733e-12
236 TS dt 0.01 time 2.35
    0 SNES Function norm 1.088616173978e+02
    1 SNES Function norm 1.009521533273e-01
    2 SNES Function norm 1.128450888520e-06
    3 SNES Function norm 8.399379155026e-12
237 TS dt 0.01 time 2.36
    0 SNES Function norm 1.095144819861e+02
    1 SNES Function norm 9.251069364277e-02
    2 SNES Function norm 9.438974475527e-07
238 TS dt 0.01 time 2.37
    0 SNES Function norm 1.087691343821e+02
    1 SNES Function norm 8.519664852905e-02
    2 SNES Function norm 7.984111687474e-07
239 TS dt 0.01 time 2.38
    0 SNES Function norm 1.065630366093e+02
    1 SNES Function norm 7.885245042920e-02
    2 SNES Function norm 6.926775033724e-07
240 TS dt 0.01 time 2.39
    0 SNES Function norm 1.028698973329e+02
    1 SNES Function norm 7.325625183166e-02
    2 SNES Function norm 6.515712794764e-07
241 TS dt 0.01 time 2.4
    0 SNES Function norm 9.770094320037e+01
    1 SNES Function norm 6.818710674014e-02
    2 SNES Function norm 7.550349386036e-07
242 TS dt 0.01 time 2.41
    0 SNES Function norm 9.110727152016e+01
    1 SNES Function norm 6.349093765802e-02
    2 SNES Function norm 1.102769779376e-06
    3 SNES Function norm 1.160943473533e-11
243 TS dt 0.01 time 2.42
    0 SNES Function norm 8.318328122192e+01
    1 SNES Function norm 5.912722896862e-02
    2 SNES Function norm 1.720913444171e-06
    3 SNES Function norm 6.686574525950e-12
244 TS dt 0.01 time 2.43
    0 SNES Function norm 7.407176592462e+01
    1 SNES Function norm 5.518098117337e-02
    2 SNES Function norm 2.573361489479e-06
    3 SNES Function norm 1.440858346572e-11
245 TS dt 0.01 time 2.44
    0 SNES Function norm 6.397297149822e+01
    1 SNES Function norm 5.182915608956e-02
    2 SNES Function norm 3.580386423895e-06
    3 SNES Function norm 7.599643740080e-12
246 TS dt 0.01 time 2.45
    0 SNES Function norm 5.316493549280e+01
    1 SNES Function norm 4.925955100416e-02
    2 SNES Function norm 4.618354557490e-06
    3 SNES Function norm 2.899032311289e-12
247 TS dt 0.01 time 2.46
    0 SNES Function norm 4.205853616596e+01
    1 SNES Function norm 4.756305454531e-02
    2 SNES Function norm 5.533879893844e-06
    3 SNES Function norm 1.153950875376e-11
248 TS dt 0.01 time 2.47
    0 SNES Function norm 3.136832091630e+01
    1 SNES Function norm 4.665349923309e-02
    2 SNES Function norm 6.174023327383e-06
    3 SNES Function norm 5.454786080075e-12
249 TS dt 0.01 time 2.48
    0 SNES Function norm 2.266731239605e+01
    1 SNES Function norm 4.627176649450e-02
    2 SNES Function norm 6.422559840435e-06
    3 SNES Function norm 3.844852224537e-12
250 TS dt 0.01 time 2.49
    0 SNES Function norm 1.936058111066e+01
    1 SNES Function norm 4.607522225589e-02
    2 SNES Function norm 6.230444798198e-06
    3 SNES Function norm 2.001015263752e-11
251 TS dt 0.01 time 2.5
    0 SNES Function norm 2.359490194209e+01
    1 SNES Function norm 4.575381176576e-02
    2 SNES Function norm 5.629563996453e-06
    3 SNES Function norm 1.827176488595e-11
252 TS dt 0.01 time 2.51
    0 SNES Function norm 3.200306502091e+01
    1 SNES Function norm 4.511463443845e-02
    2 SNES Function norm 4.724798725039e-06
    3 SNES Function norm 7.623306924759e-12
253 TS dt 0.01 time 2.52
    0 SNES Function norm 4.148839091508e+01
    1 SNES Function norm 4.411605917738e-02
    2 SNES Function norm 3.666609121950e-06
    3 SNES Function norm 1.058858797736e-11
254 TS dt 0.01 time 2.53
    0 SNES Function norm 5.076754859587e+01
    1 SNES Function norm 4.286078344092e-02
    2 SNES Function norm 2.613781978670e-06
    3 SNES Function norm 1.134114640328e-11
255 TS dt 0.01 time 2.54
    0 SNES Function norm 5.927913762240e+01
    1 SNES Function norm 4.156269294342e-02
    2 SNES Function norm 1.698156379845e-06
    3 SNES Function norm 1.321751101152e-11
256 TS dt 0.01 time 2.55
    0 SNES Function norm 6.672530526184e+01
    1 SNES Function norm 4.049753629918e-02
    2 SNES Function norm 1.002033748377e-06
    3 SNES Function norm 1.796405811178e-12
257 TS dt 0.01 time 2.56
    0 SNES Function norm 7.292944168707e+01
    1 SNES Function norm 3.994293901342e-02
    2 SNES Function norm 5.528535924037e-07
258 TS dt 0.01 time 2.57
    0 SNES Function norm 7.778622311222e+01
    1 SNES Function norm 4.011607230500e-02
    2 SNES Function norm 3.257282075339e-07
259 TS dt 0.01 time 2.58
    0 SNES Function norm 8.124039545485e+01
    1 SNES Function norm 4.112618624363e-02
    2 SNES Function norm 2.381567616098e-07
260 TS dt 0.01 time 2.59
    0 SNES Function norm 8.327577011281e+01
    1 SNES Function norm 4.296163746671e-02
    2 SNES Function norm 1.975644272899e-07
261 TS dt 0.01 time 2.6
    0 SNES Function norm 8.390848592404e+01
    1 SNES Function norm 4.551440509151e-02
    2 SNES Function norm 1.693966570730e-07
262 TS dt 0.01 time 2.61
    0 SNES Function norm 8.318247801373e+01
    1 SNES Function norm 4.862325805411e-02
    2 SNES Function norm 1.493515748848e-07
263 TS dt 0.01 time 2.62
    0 SNES Function norm 8.116642568780e+01
    1 SNES Function norm 5.211248006113e-02
    2 SNES Function norm 1.359387303174e-07
264 TS dt 0.01 time 2.63
    0 SNES Function norm 7.795195139530e+01
    1 SNES Function norm 5.581574353251e-02
    2 SNES Function norm 1.299000041185e-07
265 TS dt 0.01 time 2.64
    0 SNES Function norm 7.365311327853e+01
    1 SNES Function norm 5.958639851921e-02
    2 SNES Function norm 1.528096152509e-07
266 TS dt 0.01 time 2.65
    0 SNES Function norm 6.840750697898e+01
    1 SNES Function norm 6.329930022393e-02
    2 SNES Function norm 2.595753617027e-07
267 TS dt 0.01 time 2.66
    0 SNES Function norm 6.237977699054e+01
    1 SNES Function norm 6.684797619716e-02
    2 SNES Function norm 4.723556833010e-07
268 TS dt 0.01 time 2.67
    0 SNES Function norm 5.576928517656e+01
    1 SNES Function norm 7.013947845175e-02
    2 SNES Function norm 7.754206780511e-07
    3 SNES Function norm 1.116396598774e-11
269 TS dt 0.01 time 2.68
    0 SNES Function norm 4.882558261954e+01
    1 SNES Function norm 7.308843323299e-02
    2 SNES Function norm 1.134216848176e-06
    3 SNES Function norm 1.180661032124e-11
270 TS dt 0.01 time 2.69
    0 SNES Function norm 4.187876396806e+01
    1 SNES Function norm 7.561212982232e-02
    2 SNES Function norm 1.498093576354e-06
    3 SNES Function norm 1.497141293543e-11
271 TS dt 0.01 time 2.7
    0 SNES Function norm 3.539548524307e+01
    1 SNES Function norm 7.762837555077e-02
    2 SNES Function norm 1.808895851355e-06
    3 SNES Function norm 1.087233933675e-11
272 TS dt 0.01 time 2.71
    0 SNES Function norm 3.005960263934e+01
    1 SNES Function norm 7.905756497539e-02
    2 SNES Function norm 2.014142760889e-06
    3 SNES Function norm 1.211756307818e-11
273 TS dt 0.01 time 2.72
    0 SNES Function norm 2.678077426254e+01
    1 SNES Function norm 7.982900829296e-02
    2 SNES Function norm 2.079795664878e-06
    3 SNES Function norm 6.404440703078e-12
274 TS dt 0.01 time 2.73
    0 SNES Function norm 2.632755429846e+01
    1 SNES Function norm 7.989034070062e-02
    2 SNES Function norm 1.998138520172e-06
    3 SNES Function norm 7.724064014177e-12
275 TS dt 0.01 time 2.74
    0 SNES Function norm 2.862811860336e+01
    1 SNES Function norm 7.921748615023e-02
    2 SNES Function norm 1.788609305404e-06
    3 SNES Function norm 1.014154733754e-12
276 TS dt 0.01 time 2.75
    0 SNES Function norm 3.278442967344e+01
    1 SNES Function norm 7.782254151267e-02
    2 SNES Function norm 1.491512783318e-06
    3 SNES Function norm 5.762554379254e-12
277 TS dt 0.01 time 2.76
    0 SNES Function norm 3.780666125144e+01
    1 SNES Function norm 7.575721872875e-02
    2 SNES Function norm 1.157040700576e-06
    3 SNES Function norm 4.327224191918e-12
278 TS dt 0.01 time 2.77
    0 SNES Function norm 4.299119306323e+01
    1 SNES Function norm 7.311078152165e-02
    2 SNES Function norm 8.332324472198e-07
    3 SNES Function norm 1.184126125274e-11
279 TS dt 0.01 time 2.78
    0 SNES Function norm 4.789633800025e+01
    1 SNES Function norm 7.000240972501e-02
    2 SNES Function norm 5.564575101741e-07
    3 SNES Function norm 1.493653544377e-11
280 TS dt 0.01 time 2.79
    0 SNES Function norm 5.224593777656e+01
    1 SNES Function norm 6.656921175877e-02
    2 SNES Function norm 3.466095328293e-07
281 TS dt 0.01 time 2.8
    0 SNES Function norm 5.586429145862e+01
    1 SNES Function norm 6.295162080464e-02
    2 SNES Function norm 2.074391706817e-07
282 TS dt 0.01 time 2.81
    0 SNES Function norm 5.864106110254e+01
    1 SNES Function norm 5.927857286846e-02
    2 SNES Function norm 1.304767095775e-07
283 TS dt 0.01 time 2.82
    0 SNES Function norm 6.051310868763e+01
    1 SNES Function norm 5.565479533241e-02
    2 SNES Function norm 9.970078949384e-08
284 TS dt 0.01 time 2.83
    0 SNES Function norm 6.145504364239e+01
    1 SNES Function norm 5.215259953211e-02
    2 SNES Function norm 9.767974957998e-08
285 TS dt 0.01 time 2.84
    0 SNES Function norm 6.147431750255e+01
    1 SNES Function norm 4.880966736414e-02
    2 SNES Function norm 1.128199950112e-07
286 TS dt 0.01 time 2.85
    0 SNES Function norm 6.060887055172e+01
    1 SNES Function norm 4.563329310122e-02
    2 SNES Function norm 1.387127694622e-07
287 TS dt 0.01 time 2.86
    0 SNES Function norm 5.892640941233e+01
    1 SNES Function norm 4.260965669838e-02
    2 SNES Function norm 1.705374374023e-07
288 TS dt 0.01 time 2.87
    0 SNES Function norm 5.652493259220e+01
    1 SNES Function norm 3.971550179822e-02
    2 SNES Function norm 2.041554299043e-07
289 TS dt 0.01 time 2.88
    0 SNES Function norm 5.353439563539e+01
    1 SNES Function norm 3.692880807612e-02
    2 SNES Function norm 2.366356538153e-07
290 TS dt 0.01 time 2.89
    0 SNES Function norm 5.011946605610e+01
    1 SNES Function norm 3.423584693927e-02
    2 SNES Function norm 2.664696919814e-07
291 TS dt 0.01 time 2.9
    0 SNES Function norm 4.648300425572e+01
    1 SNES Function norm 3.163321758202e-02
    2 SNES Function norm 2.930310213643e-07
292 TS dt 0.01 time 2.91
    0 SNES Function norm 4.286868259265e+01
    1 SNES Function norm 2.912534692953e-02
    2 SNES Function norm 3.147543255535e-07
293 TS dt 0.01 time 2.92
    0 SNES Function norm 3.955810681513e+01
    1 SNES Function norm 2.671914113714e-02
    2 SNES Function norm 3.281383284569e-07
294 TS dt 0.01 time 2.93
    0 SNES Function norm 3.685253282054e+01
    1 SNES Function norm 2.441843296882e-02
    2 SNES Function norm 3.284234757781e-07
295 TS dt 0.01 time 2.94
    0 SNES Function norm 3.502606345549e+01
    1 SNES Function norm 2.222059391298e-02
    2 SNES Function norm 3.119460090742e-07
296 TS dt 0.01 time 2.95
    0 SNES Function norm 3.424975780789e+01
    1 SNES Function norm 2.011686739066e-02
    2 SNES Function norm 2.782119931400e-07
297 TS dt 0.01 time 2.96
    0 SNES Function norm 3.452223860254e+01
    1 SNES Function norm 1.809625542372e-02
    2 SNES Function norm 2.307123900158e-07
298 TS dt 0.01 time 2.97
    0 SNES Function norm 3.566316478352e+01
    1 SNES Function norm 1.615148712912e-02
    2 SNES Function norm 1.760628308707e-07
299 TS dt 0.01 time 2.98
    0 SNES Function norm 3.738002147432e+01
    1 SNES Function norm 1.428478540139e-02
    2 SNES Function norm 1.221261382092e-07
300 TS dt 0.01 time 2.99
    0 SNES Function norm 3.935582846022e+01
    1 SNES Function norm 1.251158118813e-02
    2 SNES Function norm 7.568267285424e-08
301 TS dt 0.01 time 3.
    0 SNES Function norm 4.130814445700e+01
    1 SNES Function norm 1.086103977748e-02
    2 SNES Function norm 4.089434784892e-08
302 TS dt 0.01 time 3.01
    0 SNES Function norm 4.301158442814e+01
    1 SNES Function norm 9.373009000393e-03
    2 SNES Function norm 1.865503840828e-08
303 TS dt 0.01 time 3.02
    0 SNES Function norm 4.429857445897e+01
    1 SNES Function norm 8.090887783039e-03
    2 SNES Function norm 7.084771321638e-09
304 TS dt 0.01 time 3.03
    0 SNES Function norm 4.505209240146e+01
    1 SNES Function norm 7.049774868543e-03
    2 SNES Function norm 2.970892003321e-09
305 TS dt 0.01 time 3.04
    0 SNES Function norm 4.519733491392e+01
    1 SNES Function norm 6.260867475837e-03
    2 SNES Function norm 2.219814877534e-09
306 TS dt 0.01 time 3.05
    0 SNES Function norm 4.469468494529e+01
    1 SNES Function norm 5.698960137179e-03
    2 SNES Function norm 2.073220399969e-09
307 TS dt 0.01 time 3.06
    0 SNES Function norm 4.353442693691e+01
    1 SNES Function norm 5.304751603408e-03
    2 SNES Function norm 3.980542774535e-09
308 TS dt 0.01 time 3.07
    0 SNES Function norm 4.173307973537e+01
    1 SNES Function norm 5.005593831295e-03
    2 SNES Function norm 1.067887809008e-08
309 TS dt 0.01 time 3.08
    0 SNES Function norm 3.933122835112e+01
    1 SNES Function norm 4.742068559732e-03
    2 SNES Function norm 2.409575921675e-08
310 TS dt 0.01 time 3.09
    0 SNES Function norm 3.639297505111e+01
    1 SNES Function norm 4.485561263244e-03
    2 SNES Function norm 4.610417693093e-08
311 TS dt 0.01 time 3.1
    0 SNES Function norm 3.300763134421e+01
    1 SNES Function norm 4.242791201934e-03
    2 SNES Function norm 7.709517749907e-08
312 TS dt 0.01 time 3.11
    0 SNES Function norm 2.929519216803e+01
    1 SNES Function norm 4.049117529813e-03
    2 SNES Function norm 1.150733640541e-07
313 TS dt 0.01 time 3.12
    0 SNES Function norm 2.541895580643e+01
    1 SNES Function norm 3.950533361633e-03
    2 SNES Function norm 1.556799808495e-07
314 TS dt 0.01 time 3.13
    0 SNES Function norm 2.161167517755e+01
    1 SNES Function norm 3.976229858335e-03
    2 SNES Function norm 1.930638198901e-07
315 TS dt 0.01 time 3.14
    0 SNES Function norm 1.822260288315e+01
    1 SNES Function norm 4.116179638701e-03
    2 SNES Function norm 2.211571305628e-07
    3 SNES Function norm 8.460280623508e-12
316 TS dt 0.01 time 3.15
    0 SNES Function norm 1.576622679487e+01
    1 SNES Function norm 4.322274947054e-03
    2 SNES Function norm 2.352956759458e-07
    3 SNES Function norm 7.370721964842e-12
317 TS dt 0.01 time 3.16
    0 SNES Function norm 1.483189441952e+01
    1 SNES Function norm 4.529653097343e-03
    2 SNES Function norm 2.333143975313e-07
    3 SNES Function norm 7.463158122155e-12
318 TS dt 0.01 time 3.17
    0 SNES Function norm 1.566741212957e+01
    1 SNES Function norm 4.678346359452e-03
    2 SNES Function norm 2.160291315998e-07
    3 SNES Function norm 6.535044010041e-12
319 TS dt 0.01 time 3.18
    0 SNES Function norm 1.789314192656e+01
    1 SNES Function norm 4.724902754105e-03
    2 SNES Function norm 1.869429223790e-07
    3 SNES Function norm 1.283611449949e-11
320 TS dt 0.01 time 3.19
    0 SNES Function norm 2.087328044449e+01
    1 SNES Function norm 4.645679260014e-03
    2 SNES Function norm 1.511549060640e-07
321 TS dt 0.01 time 3.2
    0 SNES Function norm 2.410224345312e+01
    1 SNES Function norm 4.435856212165e-03
    2 SNES Function norm 1.141369654597e-07
322 TS dt 0.01 time 3.21
    0 SNES Function norm 2.725620641589e+01
    1 SNES Function norm 4.106501601874e-03
    2 SNES Function norm 8.046551217730e-08
323 TS dt 0.01 time 3.22
    0 SNES Function norm 3.013246996648e+01
    1 SNES Function norm 3.680783875080e-03
    2 SNES Function norm 5.307821941534e-08
324 TS dt 0.01 time 3.23
    0 SNES Function norm 3.260013588425e+01
    1 SNES Function norm 3.189989874694e-03
    2 SNES Function norm 3.297185092051e-08
325 TS dt 0.01 time 3.24
    0 SNES Function norm 3.457303406403e+01
    1 SNES Function norm 2.670196224473e-03
    2 SNES Function norm 1.954206914734e-08
326 TS dt 0.01 time 3.25
    0 SNES Function norm 3.599589999642e+01
    1 SNES Function norm 2.161013054272e-03
    2 SNES Function norm 1.129619246582e-08
327 TS dt 0.01 time 3.26
    0 SNES Function norm 3.683722136262e+01
    1 SNES Function norm 1.709162461213e-03
    2 SNES Function norm 6.580524452617e-09
328 TS dt 0.01 time 3.27
    0 SNES Function norm 3.708537606211e+01
    1 SNES Function norm 1.379500015916e-03
    2 SNES Function norm 4.009466941944e-09
329 TS dt 0.01 time 3.28
    0 SNES Function norm 3.674645498557e+01
    1 SNES Function norm 1.256741864362e-03
    2 SNES Function norm 2.636411372334e-09
330 TS dt 0.01 time 3.29
    0 SNES Function norm 3.584303596852e+01
    1 SNES Function norm 1.381191874736e-03
    2 SNES Function norm 2.021013639034e-09
331 TS dt 0.01 time 3.3
    0 SNES Function norm 3.441362101127e+01
    1 SNES Function norm 1.692896478332e-03
    2 SNES Function norm 2.747541627572e-09
332 TS dt 0.01 time 3.31
    0 SNES Function norm 3.251272631089e+01
    1 SNES Function norm 2.109557869234e-03
    2 SNES Function norm 5.915312233376e-09
333 TS dt 0.01 time 3.32
    0 SNES Function norm 3.021185578469e+01
    1 SNES Function norm 2.577973589515e-03
    2 SNES Function norm 1.177262821056e-08
334 TS dt 0.01 time 3.33
    0 SNES Function norm 2.760189740285e+01
    1 SNES Function norm 3.063460843107e-03
    2 SNES Function norm 2.018753888426e-08
335 TS dt 0.01 time 3.34
    0 SNES Function norm 2.479790781327e+01
    1 SNES Function norm 3.536650061002e-03
    2 SNES Function norm 3.036005322121e-08
336 TS dt 0.01 time 3.35
    0 SNES Function norm 2.194769980565e+01
    1 SNES Function norm 3.968828854298e-03
    2 SNES Function norm 4.102287996281e-08
337 TS dt 0.01 time 3.36
    0 SNES Function norm 1.924515360915e+01
    1 SNES Function norm 4.332085648341e-03
    2 SNES Function norm 5.061080175522e-08
338 TS dt 0.01 time 3.37
    0 SNES Function norm 1.694379305481e+01
    1 SNES Function norm 4.601333428764e-03
    2 SNES Function norm 5.756486760550e-08
339 TS dt 0.01 time 3.38
    0 SNES Function norm 1.534665571937e+01
    1 SNES Function norm 4.756778921630e-03
    2 SNES Function norm 6.085521269802e-08
340 TS dt 0.01 time 3.39
    0 SNES Function norm 1.472064915792e+01
    1 SNES Function norm 4.786120642937e-03
    2 SNES Function norm 6.007790493095e-08
341 TS dt 0.01 time 3.4
    0 SNES Function norm 1.513543351495e+01
    1 SNES Function norm 4.686166620003e-03
    2 SNES Function norm 5.565156216814e-08
342 TS dt 0.01 time 3.41
    0 SNES Function norm 1.639508786561e+01
    1 SNES Function norm 4.463759677140e-03
    2 SNES Function norm 4.856502399160e-08
343 TS dt 0.01 time 3.42
    0 SNES Function norm 1.816799524904e+01
    1 SNES Function norm 4.136100834495e-03
    2 SNES Function norm 4.014941429390e-08
344 TS dt 0.01 time 3.43
    0 SNES Function norm 2.014430042959e+01
    1 SNES Function norm 3.730686961522e-03
    2 SNES Function norm 3.174977718916e-08
345 TS dt 0.01 time 3.44
    0 SNES Function norm 2.209332068522e+01
    1 SNES Function norm 3.285182640055e-03
    2 SNES Function norm 2.431164771519e-08
346 TS dt 0.01 time 3.45
    0 SNES Function norm 2.385672960021e+01
    1 SNES Function norm 2.847241188808e-03
    2 SNES Function norm 1.833491913061e-08
347 TS dt 0.01 time 3.46
    0 SNES Function norm 2.532849254493e+01
    1 SNES Function norm 2.472708484137e-03
    2 SNES Function norm 1.379124750869e-08
348 TS dt 0.01 time 3.47
    0 SNES Function norm 2.643903112310e+01
    1 SNES Function norm 2.216442346051e-03
    2 SNES Function norm 1.043920142269e-08
349 TS dt 0.01 time 3.48
    0 SNES Function norm 2.714515262957e+01
    1 SNES Function norm 2.108880089477e-03
    2 SNES Function norm 8.021265877291e-09
350 TS dt 0.01 time 3.49
    0 SNES Function norm 2.742397492172e+01
    1 SNES Function norm 2.132306909770e-03
    2 SNES Function norm 6.423640749223e-09
351 TS dt 0.01 time 3.5
    0 SNES Function norm 2.726926412403e+01
    1 SNES Function norm 2.230718919772e-03
    2 SNES Function norm 5.683839324515e-09
352 TS dt 0.01 time 3.51
    0 SNES Function norm 2.668923275157e+01
    1 SNES Function norm 2.344908510346e-03
    2 SNES Function norm 6.008024802562e-09
353 TS dt 0.01 time 3.52
    0 SNES Function norm 2.570532623319e+01
    1 SNES Function norm 2.434622899704e-03
    2 SNES Function norm 7.695509413681e-09
354 TS dt 0.01 time 3.53
    0 SNES Function norm 2.435186427529e+01
    1 SNES Function norm 2.481873604980e-03
    2 SNES Function norm 1.113764961596e-08
355 TS dt 0.01 time 3.54
    0 SNES Function norm 2.267669609258e+01
    1 SNES Function norm 2.487358948911e-03
    2 SNES Function norm 1.651088102258e-08
356 TS dt 0.01 time 3.55
    0 SNES Function norm 2.074338368049e+01
    1 SNES Function norm 2.466115279498e-03
    2 SNES Function norm 2.371540493217e-08
357 TS dt 0.01 time 3.56
    0 SNES Function norm 1.863596610097e+01
    1 SNES Function norm 2.442726234319e-03
    2 SNES Function norm 3.221746094347e-08
358 TS dt 0.01 time 3.57
    0 SNES Function norm 1.646810672067e+01
    1 SNES Function norm 2.444663508448e-03
    2 SNES Function norm 4.108841682755e-08
359 TS dt 0.01 time 3.58
    0 SNES Function norm 1.439868923846e+01
    1 SNES Function norm 2.493466212726e-03
    2 SNES Function norm 4.917897450275e-08
360 TS dt 0.01 time 3.59
    0 SNES Function norm 1.265148505447e+01
    1 SNES Function norm 2.596894588220e-03
    2 SNES Function norm 5.536947573483e-08
361 TS dt 0.01 time 3.6
    0 SNES Function norm 1.151443245636e+01
    1 SNES Function norm 2.747115188665e-03
    2 SNES Function norm 5.870807260537e-08
362 TS dt 0.01 time 3.61
    0 SNES Function norm 1.125426566079e+01
    1 SNES Function norm 2.925993538516e-03
    2 SNES Function norm 5.872396947162e-08
363 TS dt 0.01 time 3.62
    0 SNES Function norm 1.194063228058e+01
    1 SNES Function norm 3.113157262090e-03
    2 SNES Function norm 5.546408048512e-08
364 TS dt 0.01 time 3.63
    0 SNES Function norm 1.338555305129e+01
    1 SNES Function norm 3.292392772912e-03
    2 SNES Function norm 4.951034378409e-08
365 TS dt 0.01 time 3.64
    0 SNES Function norm 1.529474878194e+01
    1 SNES Function norm 3.455172178686e-03
    2 SNES Function norm 4.181826345445e-08
366 TS dt 0.01 time 3.65
    0 SNES Function norm 1.741246804732e+01
    1 SNES Function norm 3.601997131786e-03
    2 SNES Function norm 3.357011730331e-08
367 TS dt 0.01 time 3.66
    0 SNES Function norm 1.955608778818e+01
    1 SNES Function norm 3.742335039872e-03
    2 SNES Function norm 2.594217571958e-08
368 TS dt 0.01 time 3.67
    0 SNES Function norm 2.160057177302e+01
    1 SNES Function norm 3.893368109408e-03
    2 SNES Function norm 1.986480463807e-08
369 TS dt 0.01 time 3.68
    0 SNES Function norm 2.345899433296e+01
    1 SNES Function norm 4.077433314858e-03
    2 SNES Function norm 1.577395889772e-08
370 TS dt 0.01 time 3.69
    0 SNES Function norm 2.506952433430e+01
    1 SNES Function norm 4.318130133168e-03
    2 SNES Function norm 1.338349367157e-08
371 TS dt 0.01 time 3.7
    0 SNES Function norm 2.638787703408e+01
    1 SNES Function norm 4.635801531462e-03
    2 SNES Function norm 1.196370729802e-08
372 TS dt 0.01 time 3.71
    0 SNES Function norm 2.738305483930e+01
    1 SNES Function norm 5.043813015682e-03
    2 SNES Function norm 1.090675995960e-08
373 TS dt 0.01 time 3.72
    0 SNES Function norm 2.803490623276e+01
    1 SNES Function norm 5.546972877954e-03
    2 SNES Function norm 9.974603949062e-09
374 TS dt 0.01 time 3.73
    0 SNES Function norm 2.833266509731e+01
    1 SNES Function norm 6.142209645072e-03
    2 SNES Function norm 9.152096124029e-09
375 TS dt 0.01 time 3.74
    0 SNES Function norm 2.827402377693e+01
    1 SNES Function norm 6.820524531927e-03
    2 SNES Function norm 8.471646564577e-09
376 TS dt 0.01 time 3.75
    0 SNES Function norm 2.786449773039e+01
    1 SNES Function norm 7.569008816476e-03
    2 SNES Function norm 7.955198030999e-09
377 TS dt 0.01 time 3.76
    0 SNES Function norm 2.711696248300e+01
    1 SNES Function norm 8.372340513457e-03
    2 SNES Function norm 7.624876024110e-09
378 TS dt 0.01 time 3.77
    0 SNES Function norm 2.605130691980e+01
    1 SNES Function norm 9.213685179464e-03
    2 SNES Function norm 7.509961063537e-09
379 TS dt 0.01 time 3.78
    0 SNES Function norm 2.469420356392e+01
    1 SNES Function norm 1.007525860168e-02
    2 SNES Function norm 7.647194594662e-09
380 TS dt 0.01 time 3.79
    0 SNES Function norm 2.307904146238e+01
    1 SNES Function norm 1.093874902527e-02
    2 SNES Function norm 8.102777352405e-09
381 TS dt 0.01 time 3.8
    0 SNES Function norm 2.124614440345e+01
    1 SNES Function norm 1.178579295428e-02
    2 SNES Function norm 8.979721886350e-09
382 TS dt 0.01 time 3.81
    0 SNES Function norm 1.924351151336e+01
    1 SNES Function norm 1.259852520452e-02
    2 SNES Function norm 1.034742982372e-08
383 TS dt 0.01 time 3.82
    0 SNES Function norm 1.712854241463e+01
    1 SNES Function norm 1.336024344940e-02
    2 SNES Function norm 1.215110669581e-08
384 TS dt 0.01 time 3.83
    0 SNES Function norm 1.497159772888e+01
    1 SNES Function norm 1.405609484085e-02
    2 SNES Function norm 1.420932591461e-08
385 TS dt 0.01 time 3.84
    0 SNES Function norm 1.286285723398e+01
    1 SNES Function norm 1.467376560450e-02
    2 SNES Function norm 1.625879184314e-08
386 TS dt 0.01 time 3.85
    0 SNES Function norm 1.092421054561e+01
    1 SNES Function norm 1.520405079226e-02
    2 SNES Function norm 1.806043068088e-08
387 TS dt 0.01 time 3.86
    0 SNES Function norm 9.324309932489e+00
    1 SNES Function norm 1.564128799299e-02
    2 SNES Function norm 1.943867149331e-08
388 TS dt 0.01 time 3.87
    0 SNES Function norm 8.275558531798e+00
    1 SNES Function norm 1.598354883077e-02
    2 SNES Function norm 2.032207817236e-08
389 TS dt 0.01 time 3.88
    0 SNES Function norm 7.956572545196e+00
    1 SNES Function norm 1.623260890723e-02
    2 SNES Function norm 2.069403634250e-08
390 TS dt 0.01 time 3.89
    0 SNES Function norm 8.365103773053e+00
    1 SNES Function norm 1.639363251454e-02
    2 SNES Function norm 2.061556440259e-08
391 TS dt 0.01 time 3.9
    0 SNES Function norm 9.296434991103e+00
    1 SNES Function norm 1.647464605487e-02
    2 SNES Function norm 2.015414567137e-08
392 TS dt 0.01 time 3.91
    0 SNES Function norm 1.049462888913e+01
    1 SNES Function norm 1.648578754844e-02
    2 SNES Function norm 1.936930922314e-08
393 TS dt 0.01 time 3.92
    0 SNES Function norm 1.176208286758e+01
    1 SNES Function norm 1.643845803309e-02
    2 SNES Function norm 1.833210632730e-08
394 TS dt 0.01 time 3.93
    0 SNES Function norm 1.297041505686e+01
    1 SNES Function norm 1.634440179111e-02
    2 SNES Function norm 1.709513035450e-08
395 TS dt 0.01 time 3.94
    0 SNES Function norm 1.403966885930e+01
    1 SNES Function norm 1.621486845859e-02
    2 SNES Function norm 1.572481036866e-08
396 TS dt 0.01 time 3.95
    0 SNES Function norm 1.492032906899e+01
    1 SNES Function norm 1.605988687617e-02
    2 SNES Function norm 1.430312924002e-08
397 TS dt 0.01 time 3.96
    0 SNES Function norm 1.558248948108e+01
    1 SNES Function norm 1.588778226127e-02
    2 SNES Function norm 1.291396412226e-08
398 TS dt 0.01 time 3.97
    0 SNES Function norm 1.600981681651e+01
    1 SNES Function norm 1.570491645274e-02
    2 SNES Function norm 1.163138287210e-08
399 TS dt 0.01 time 3.98
    0 SNES Function norm 1.619617046093e+01
    1 SNES Function norm 1.551571342499e-02
    2 SNES Function norm 1.051145762976e-08
400 TS dt 0.01 time 3.99
    0 SNES Function norm 1.614364400622e+01
    1 SNES Function norm 1.532287179058e-02
    2 SNES Function norm 9.587842149719e-09
401 TS dt 0.01 time 4.
    0 SNES Function norm 1.586139559579e+01
    1 SNES Function norm 1.512775820700e-02
    2 SNES Function norm 8.872247444602e-09
402 TS dt 0.01 time 4.01
    0 SNES Function norm 1.536496241205e+01
    1 SNES Function norm 1.493083943747e-02
    2 SNES Function norm 8.360125794953e-09
403 TS dt 0.01 time 4.02
    0 SNES Function norm 1.467593934227e+01
    1 SNES Function norm 1.473213564200e-02
    2 SNES Function norm 8.035514606134e-09
404 TS dt 0.01 time 4.03
    0 SNES Function norm 1.382201877823e+01
    1 SNES Function norm 1.453157357002e-02
    2 SNES Function norm 7.883562170022e-09
405 TS dt 0.01 time 4.04
    0 SNES Function norm 1.283748327049e+01
    1 SNES Function norm 1.432926472675e-02
    2 SNES Function norm 7.890529608198e-09
406 TS dt 0.01 time 4.05
    0 SNES Function norm 1.176433034596e+01
    1 SNES Function norm 1.412564001452e-02
    2 SNES Function norm 8.036666466774e-09
407 TS dt 0.01 time 4.06
    0 SNES Function norm 1.065425313128e+01
    1 SNES Function norm 1.392151353572e-02
    2 SNES Function norm 8.282640289206e-09
408 TS dt 0.01 time 4.07
    0 SNES Function norm 9.571521438063e+00
    1 SNES Function norm 1.371804352039e-02
    2 SNES Function norm 8.572721188388e-09
409 TS dt 0.01 time 4.08
    0 SNES Function norm 8.595821920278e+00
    1 SNES Function norm 1.351668018291e-02
    2 SNES Function norm 8.817383030374e-09
410 TS dt 0.01 time 4.09
    0 SNES Function norm 7.821181805789e+00
    1 SNES Function norm 1.331907061558e-02
    2 SNES Function norm 8.968389056139e-09
411 TS dt 0.01 time 4.1
    0 SNES Function norm 7.342326350183e+00
    1 SNES Function norm 1.312699666898e-02
    2 SNES Function norm 8.942541208035e-09
412 TS dt 0.01 time 4.11
    0 SNES Function norm 7.221855382649e+00
    1 SNES Function norm 1.294229699417e-02
    2 SNES Function norm 8.742255795489e-09
413 TS dt 0.01 time 4.12
    0 SNES Function norm 7.455075957530e+00
    1 SNES Function norm 1.276682630304e-02
    2 SNES Function norm 8.399064355284e-09
414 TS dt 0.01 time 4.13
    0 SNES Function norm 7.969447222901e+00
    1 SNES Function norm 1.260238777046e-02
    2 SNES Function norm 7.959274654089e-09
415 TS dt 0.01 time 4.14
    0 SNES Function norm 8.661123394131e+00
    1 SNES Function norm 1.245068202610e-02
    2 SNES Function norm 7.476972597568e-09
416 TS dt 0.01 time 4.15
    0 SNES Function norm 9.431171445205e+00
    1 SNES Function norm 1.231321196690e-02
    2 SNES Function norm 7.008770566454e-09
417 TS dt 0.01 time 4.16
    0 SNES Function norm 1.020079054042e+01
    1 SNES Function norm 1.219119526967e-02
    2 SNES Function norm 6.592758704287e-09
418 TS dt 0.01 time 4.17
    0 SNES Function norm 1.091185655326e+01
    1 SNES Function norm 1.208543984802e-02
    2 SNES Function norm 6.238431086140e-09
419 TS dt 0.01 time 4.18
    0 SNES Function norm 1.152281615575e+01
    1 SNES Function norm 1.199624679831e-02
    2 SNES Function norm 5.954335134376e-09
420 TS dt 0.01 time 4.19
    0 SNES Function norm 1.200459008024e+01
    1 SNES Function norm 1.192330704079e-02
    2 SNES Function norm 5.736214750971e-09
421 TS dt 0.01 time 4.2
    0 SNES Function norm 1.233758318698e+01
    1 SNES Function norm 1.186565691626e-02
    2 SNES Function norm 5.584651228342e-09
422 TS dt 0.01 time 4.21
    0 SNES Function norm 1.250971109084e+01
    1 SNES Function norm 1.182165446729e-02
    2 SNES Function norm 5.500297492786e-09
423 TS dt 0.01 time 4.22
    0 SNES Function norm 1.251513616256e+01
    1 SNES Function norm 1.178902879483e-02
    2 SNES Function norm 5.484734726649e-09
424 TS dt 0.01 time 4.23
    0 SNES Function norm 1.235347104057e+01
    1 SNES Function norm 1.176495111935e-02
    2 SNES Function norm 5.538503540519e-09
425 TS dt 0.01 time 4.24
    0 SNES Function norm 1.202929355374e+01
    1 SNES Function norm 1.174616622441e-02
    2 SNES Function norm 5.660336053650e-09
426 TS dt 0.01 time 4.25
    0 SNES Function norm 1.155190388284e+01
    1 SNES Function norm 1.172912516621e-02
    2 SNES Function norm 5.847831975500e-09
427 TS dt 0.01 time 4.26
    0 SNES Function norm 1.093531553394e+01
    1 SNES Function norm 1.171015406560e-02
    2 SNES Function norm 6.095673199030e-09
428 TS dt 0.01 time 4.27
    0 SNES Function norm 1.019854968096e+01
    1 SNES Function norm 1.168560201171e-02
    2 SNES Function norm 6.397751266122e-09
429 TS dt 0.01 time 4.28
    0 SNES Function norm 9.366388706890e+00
    1 SNES Function norm 1.165200686471e-02
    2 SNES Function norm 6.739730503776e-09
430 TS dt 0.01 time 4.29
    0 SNES Function norm 8.470885693580e+00
    1 SNES Function norm 1.160622752736e-02
    2 SNES Function norm 7.109178138924e-09
431 TS dt 0.01 time 4.3
    0 SNES Function norm 7.554079404915e+00
    1 SNES Function norm 1.154558521827e-02
    2 SNES Function norm 7.487310812022e-09
432 TS dt 0.01 time 4.31
    0 SNES Function norm 6.672348601334e+00
    1 SNES Function norm 1.146796467437e-02
    2 SNES Function norm 7.847079338779e-09
433 TS dt 0.01 time 4.32
    0 SNES Function norm 5.901675969092e+00
    1 SNES Function norm 1.137191767674e-02
    2 SNES Function norm 8.167201891170e-09
434 TS dt 0.01 time 4.33
    0 SNES Function norm 5.338197752378e+00
    1 SNES Function norm 1.125671891346e-02
    2 SNES Function norm 8.420442492931e-09
435 TS dt 0.01 time 4.34
    0 SNES Function norm 5.078907258621e+00
    1 SNES Function norm 1.112241495488e-02
    2 SNES Function norm 8.587925859509e-09
436 TS dt 0.01 time 4.35
    0 SNES Function norm 5.173318962244e+00
    1 SNES Function norm 1.096981611360e-02
    2 SNES Function norm 8.653808707478e-09
437 TS dt 0.01 time 4.36
    0 SNES Function norm 5.586017176888e+00
    1 SNES Function norm 1.080047285213e-02
    2 SNES Function norm 8.613524548605e-09
438 TS dt 0.01 time 4.37
    0 SNES Function norm 6.221510037533e+00
    1 SNES Function norm 1.061659003087e-02
    2 SNES Function norm 8.464146158522e-09
439 TS dt 0.01 time 4.38
    0 SNES Function norm 6.977518936548e+00
    1 SNES Function norm 1.042092561596e-02
    2 SNES Function norm 8.213505325020e-09
440 TS dt 0.01 time 4.39
    0 SNES Function norm 7.772762203965e+00
    1 SNES Function norm 1.021663420731e-02
    2 SNES Function norm 7.874304929457e-09
441 TS dt 0.01 time 4.4
    0 SNES Function norm 8.549231641407e+00
    1 SNES Function norm 1.000710915344e-02
    2 SNES Function norm 7.462389121640e-09
442 TS dt 0.01 time 4.41
    0 SNES Function norm 9.266491987977e+00
    1 SNES Function norm 9.795791002429e-03
    2 SNES Function norm 6.997570816498e-09
443 TS dt 0.01 time 4.42
    0 SNES Function norm 9.896265904377e+00
    1 SNES Function norm 9.586001138109e-03
    2 SNES Function norm 6.500786148540e-09
444 TS dt 0.01 time 4.43
    0 SNES Function norm 1.041881593500e+01
    1 SNES Function norm 9.380771295296e-03
    2 SNES Function norm 5.992588878264e-09
445 TS dt 0.01 time 4.44
    0 SNES Function norm 1.082075063280e+01
    1 SNES Function norm 9.182726448836e-03
    2 SNES Function norm 5.491527800651e-09
446 TS dt 0.01 time 4.45
    0 SNES Function norm 1.109371747335e+01
    1 SNES Function norm 8.993986816478e-03
    2 SNES Function norm 5.013428967434e-09
447 TS dt 0.01 time 4.46
    0 SNES Function norm 1.123361474677e+01
    1 SNES Function norm 8.816137451753e-03
    2 SNES Function norm 4.568302525854e-09
448 TS dt 0.01 time 4.47
    0 SNES Function norm 1.124010324844e+01
    1 SNES Function norm 8.650220071077e-03
    2 SNES Function norm 4.163666679686e-09
449 TS dt 0.01 time 4.48
    0 SNES Function norm 1.111630151417e+01
    1 SNES Function norm 8.496783988446e-03
    2 SNES Function norm 3.802140145361e-09
450 TS dt 0.01 time 4.49
    0 SNES Function norm 1.086860360065e+01
    1 SNES Function norm 8.355941223277e-03
    2 SNES Function norm 3.483736564982e-09
451 TS dt 0.01 time 4.5
    0 SNES Function norm 1.050660069566e+01
    1 SNES Function norm 8.227457119692e-03
    2 SNES Function norm 3.205386652941e-09
452 TS dt 0.01 time 4.51
    0 SNES Function norm 1.004310990397e+01
    1 SNES Function norm 8.110820646761e-03
    2 SNES Function norm 2.963608733729e-09
453 TS dt 0.01 time 4.52
    0 SNES Function norm 9.494340562810e+00
    1 SNES Function norm 8.005329885353e-03
    2 SNES Function norm 2.755022460190e-09
454 TS dt 0.01 time 4.53
    0 SNES Function norm 8.880242046429e+00
    1 SNES Function norm 7.910143582808e-03
    2 SNES Function norm 2.578182762941e-09
455 TS dt 0.01 time 4.54
    0 SNES Function norm 8.225088210504e+00
    1 SNES Function norm 7.824342779210e-03
    2 SNES Function norm 2.426599939894e-09
456 TS dt 0.01 time 4.55
    0 SNES Function norm 7.558309592885e+00
    1 SNES Function norm 7.746959866602e-03
    2 SNES Function norm 2.303815015430e-09
457 TS dt 0.01 time 4.56
    0 SNES Function norm 6.915416701363e+00
    1 SNES Function norm 7.677023920846e-03
    2 SNES Function norm 2.194844760546e-09
458 TS dt 0.01 time 4.57
    0 SNES Function norm 6.338367592406e+00
    1 SNES Function norm 7.613580058131e-03
    2 SNES Function norm 2.096184806835e-09
459 TS dt 0.01 time 4.58
    0 SNES Function norm 5.873773178772e+00
    1 SNES Function norm 7.555730296703e-03
    2 SNES Function norm 1.996839077994e-09
460 TS dt 0.01 time 4.59
    0 SNES Function norm 5.566395257810e+00
    1 SNES Function norm 7.502649190430e-03
    2 SNES Function norm 1.882614889985e-09
461 TS dt 0.01 time 4.6
    0 SNES Function norm 5.446882048159e+00
    1 SNES Function norm 7.453618141932e-03
    2 SNES Function norm 1.754861327678e-09
462 TS dt 0.01 time 4.61
    0 SNES Function norm 5.518970152732e+00
    1 SNES Function norm 7.408027708548e-03
    2 SNES Function norm 1.626470093484e-09
463 TS dt 0.01 time 4.62
    0 SNES Function norm 5.756550419305e+00
    1 SNES Function norm 7.365391170526e-03
    2 SNES Function norm 1.480172863544e-09
464 TS dt 0.01 time 4.63
    0 SNES Function norm 6.113952894144e+00
    1 SNES Function norm 7.325319046648e-03
    2 SNES Function norm 1.346247066799e-09
465 TS dt 0.01 time 4.64
    0 SNES Function norm 6.540665254961e+00
    1 SNES Function norm 7.287501562396e-03
    2 SNES Function norm 1.209602726732e-09
466 TS dt 0.01 time 4.65
    0 SNES Function norm 6.991279396161e+00
    1 SNES Function norm 7.251652734576e-03
    2 SNES Function norm 1.088861763622e-09
467 TS dt 0.01 time 4.66
    0 SNES Function norm 7.429105480895e+00
    1 SNES Function norm 7.217468573196e-03
    2 SNES Function norm 9.806016879436e-10
468 TS dt 0.01 time 4.67
    0 SNES Function norm 7.826116692663e+00
    1 SNES Function norm 7.184557001130e-03
    2 SNES Function norm 8.869019896799e-10
469 TS dt 0.01 time 4.68
    0 SNES Function norm 8.161665089726e+00
    1 SNES Function norm 7.152395331415e-03
    2 SNES Function norm 8.038510111518e-10
470 TS dt 0.01 time 4.69
    0 SNES Function norm 8.421138622349e+00
    1 SNES Function norm 7.120273491794e-03
    2 SNES Function norm 7.332560150333e-10
471 TS dt 0.01 time 4.7
    0 SNES Function norm 8.594913688440e+00
    1 SNES Function norm 7.087277857978e-03
    2 SNES Function norm 6.733902663848e-10
472 TS dt 0.01 time 4.71
    0 SNES Function norm 8.677634919302e+00
    1 SNES Function norm 7.052270548323e-03
    2 SNES Function norm 6.238329061213e-10
473 TS dt 0.01 time 4.72
    0 SNES Function norm 8.667761650054e+00
    1 SNES Function norm 7.013914776602e-03
    2 SNES Function norm 5.841281325226e-10
474 TS dt 0.01 time 4.73
    0 SNES Function norm 8.567323690111e+00
    1 SNES Function norm 6.970696227652e-03
    2 SNES Function norm 5.537639136899e-10
475 TS dt 0.01 time 4.74
    0 SNES Function norm 8.381845086745e+00
    1 SNES Function norm 6.920986586319e-03
    2 SNES Function norm 5.324120958131e-10
476 TS dt 0.01 time 4.75
    0 SNES Function norm 8.120421932873e+00
    1 SNES Function norm 6.863095895087e-03
    2 SNES Function norm 5.192438740572e-10
477 TS dt 0.01 time 4.76
    0 SNES Function norm 7.795949102772e+00
    1 SNES Function norm 6.795357610421e-03
    2 SNES Function norm 5.139016378942e-10
478 TS dt 0.01 time 4.77
    0 SNES Function norm 7.425493215121e+00
    1 SNES Function norm 6.716192626643e-03
    2 SNES Function norm 5.164777837350e-10
479 TS dt 0.01 time 4.78
    0 SNES Function norm 7.030760025496e+00
    1 SNES Function norm 6.624196128546e-03
    2 SNES Function norm 5.262811184391e-10
480 TS dt 0.01 time 4.79
    0 SNES Function norm 6.638483639855e+00
    1 SNES Function norm 6.518195122995e-03
    2 SNES Function norm 5.428218677606e-10
481 TS dt 0.01 time 4.8
    0 SNES Function norm 6.280288249570e+00
    1 SNES Function norm 6.397321275813e-03
    2 SNES Function norm 5.680599964656e-10
482 TS dt 0.01 time 4.81
    0 SNES Function norm 5.991172154268e+00
    1 SNES Function norm 6.261048995825e-03
    2 SNES Function norm 5.924180496571e-10
483 TS dt 0.01 time 4.82
    0 SNES Function norm 5.805528403314e+00
    1 SNES Function norm 6.109243744456e-03
    2 SNES Function norm 6.215377834467e-10
484 TS dt 0.01 time 4.83
    0 SNES Function norm 5.750416806615e+00
    1 SNES Function norm 5.942172456225e-03
    2 SNES Function norm 6.404382103575e-10
485 TS dt 0.01 time 4.84
    0 SNES Function norm 5.838192340063e+00
    1 SNES Function norm 5.760520799333e-03
    2 SNES Function norm 6.571362566791e-10
486 TS dt 0.01 time 4.85
    0 SNES Function norm 6.062770881523e+00
    1 SNES Function norm 5.565371198503e-03
    2 SNES Function norm 6.528708318244e-10
487 TS dt 0.01 time 4.86
    0 SNES Function norm 6.402202886772e+00
    1 SNES Function norm 5.358185966664e-03
    2 SNES Function norm 6.442361101943e-10
488 TS dt 0.01 time 4.87
    0 SNES Function norm 6.825575011973e+00
    1 SNES Function norm 5.140752073412e-03
    2 SNES Function norm 6.179892203592e-10
489 TS dt 0.01 time 4.88
    0 SNES Function norm 7.299945749341e+00
    1 SNES Function norm 4.915131739813e-03
    2 SNES Function norm 5.840025547186e-10
490 TS dt 0.01 time 4.89
    0 SNES Function norm 7.794768417700e+00
    1 SNES Function norm 4.683578793358e-03
    2 SNES Function norm 5.387573971181e-10
491 TS dt 0.01 time 4.9
    0 SNES Function norm 8.283767190203e+00
    1 SNES Function norm 4.448465027869e-03
    2 SNES Function norm 4.867320725794e-10
492 TS dt 0.01 time 4.91
    0 SNES Function norm 8.745265912079e+00
    1 SNES Function norm 4.212180369485e-03
    2 SNES Function norm 4.326671934066e-10
493 TS dt 0.01 time 4.92
    0 SNES Function norm 9.161853000724e+00
    1 SNES Function norm 3.977050969002e-03
    2 SNES Function norm 3.770410498730e-10
494 TS dt 0.01 time 4.93
    0 SNES Function norm 9.519874023539e+00
    1 SNES Function norm 3.745242651897e-03
    2 SNES Function norm 3.214677435805e-10
495 TS dt 0.01 time 4.94
    0 SNES Function norm 9.808955648919e+00
    1 SNES Function norm 3.518692699796e-03
    2 SNES Function norm 2.691474185884e-10
496 TS dt 0.01 time 4.95
    0 SNES Function norm 1.002161867093e+01
    1 SNES Function norm 3.299039724207e-03
    2 SNES Function norm 2.217788486274e-10
497 TS dt 0.01 time 4.96
    0 SNES Function norm 1.015297972518e+01
    1 SNES Function norm 3.087591308993e-03
    2 SNES Function norm 1.801695355577e-10
498 TS dt 0.01 time 4.97
    0 SNES Function norm 1.020052339909e+01
    1 SNES Function norm 2.885299012784e-03
    2 SNES Function norm 1.448526125916e-10
499 TS dt 0.01 time 4.98
    0 SNES Function norm 1.016392644916e+01
    1 SNES Function norm 2.692774185085e-03
    2 SNES Function norm 1.158420638085e-10
500 TS dt 0.01 time 4.99
    0 SNES Function norm 1.004491901864e+01
    1 SNES Function norm 2.510311439811e-03
    2 SNES Function norm 9.378180128112e-11
501 TS dt 0.01 time 5.
