
---- Minimum Surface Area Problem -----
mx: 10     my: 10   

  0 TAO,  Function value: 1.46076,  Residual: 0.207785 
  1 TAO,  Function value: 1.43496,  Residual: 0.126468 
  2 TAO,  Function value: 1.42314,  Residual: 0.0822064 
  3 TAO,  Function value: 1.41923,  Residual: 0.055373 
  4 TAO,  Function value: 1.41849,  Residual: 0.00941383 
  5 TAO,  Function value: 1.41848,  Residual: 0.00351767 
  6 TAO,  Function value: 1.41847,  Residual: 0.00237548 
  7 TAO,  Function value: 1.41847,  Residual: 0.00190227 
  8 TAO,  Function value: 1.41847,  Residual: 0.00145434 
  9 TAO,  Function value: 1.41847,  Residual: 0.000880069 
 10 TAO,  Function value: 1.41847,  Residual: 0.000549563 
 11 TAO,  Function value: 1.41847,  Residual: 0.000170076 
 12 TAO,  Function value: 1.41847,  Residual: 4.85476e-05 
Tao Object: 3 MPI processes
  type: snes
  SNES Object: 3 MPI processes
    type: ncg
      type: FR
    maximum iterations=10000, maximum function evaluations=30000
    tolerances: relative=1e-08, absolute=0.0001, solution=1e-20
    total number of function evaluations=25
    norm schedule ALWAYS
    SNESLineSearch Object: 3 MPI processes
      type: cp
      maxlambda=1.000000e+00, minlambda=1.000000e-12
      tolerances: relative=1.000000e-08, absolute=1.000000e-15, lambda=1.000000e-08
      maximum iterations=1
  solution vector:
    Vec Object: 3 MPI processes
      type: mpi
      length=100
      length=100
  convergence tolerances: gatol=1e-08,   grtol=1e-08,   steptol=0.,   gttol=0.
  Residual in Function/Gradient:=4.85476e-05
  Objective value=1.41847
  total number of iterations=12,                          (max: 10000)
  total number of function evaluations=13,                  (max: unlimited)
  total number of function/gradient evaluations=25,      (max: unlimited)
  Solution converged:    User Terminated
