
---- Minimum Surface Area Problem -----
mx: 10     my: 10   

  0 TAO,  Function value: 1.46076,  Residual: 0.207785 
  1 TAO,  Function value: 1.43295,  Residual: 0.149451 
  2 TAO,  Function value: 1.42259,  Residual: 0.0971236 
  3 TAO,  Function value: 1.42074,  Residual: 0.103371 
  4 TAO,  Function value: 1.41874,  Residual: 0.0179884 
  5 TAO,  Function value: 1.41862,  Residual: 0.0198601 
  6 TAO,  Function value: 1.41855,  Residual: 0.0102512 
  7 TAO,  Function value: 1.41853,  Residual: 0.0162476 
  8 TAO,  Function value: 1.41849,  Residual: 0.00651095 
  9 TAO,  Function value: 1.41848,  Residual: 0.0042853 
 10 TAO,  Function value: 1.41848,  Residual: 0.00743558 
 11 TAO,  Function value: 1.41847,  Residual: 0.00245715 
 12 TAO,  Function value: 1.41847,  Residual: 0.00149195 
 13 TAO,  Function value: 1.41847,  Residual: 0.00107913 
 14 TAO,  Function value: 1.41847,  Residual: 0.000655218 
Tao Object: 3 MPI processes
  type: cg
    CG Type: fr
    Gradient steps: 0
    Reset steps: 0
  TaoLineSearch Object: 3 MPI processes
    type: more-thuente
    maximum function evaluations=30
    tolerances: ftol=0.0001, rtol=1e-10, gtol=0.9
    total number of function evaluations=0
    total number of gradient evaluations=0
    total number of function/gradient evaluations=1
    Termination reason: SUCCESS
  convergence tolerances: gatol=0.001,   grtol=1e-08,   steptol=0.,   gttol=0.
  Residual in Function/Gradient:=0.000655218
  Objective value=1.41847
  total number of iterations=14,                          (max: 2000)
  total number of function/gradient evaluations=24,      (max: 4000)
  Solution converged:    ||g(X)|| <= gatol
