  0 TAO,  Function value: 9.,  Residual: 6. 
  1 TAO,  Function value: 7.21816,  Residual: 5.95088 
  2 TAO,  Function value: 5.65482,  Residual: 5.01816 
  3 TAO,  Function value: 4.75704,  Residual: 10.5299 
  4 TAO,  Function value: 4.06716,  Residual: 21.3356 
  5 TAO,  Function value: 2.0834,  Residual: 11.9903 
  6 TAO,  Function value: 0.875035,  Residual: 7.25708 
  7 TAO,  Function value: 0.467193,  Residual: 3.63911 
  8 TAO,  Function value: 0.38936,  Residual: 2.7394 
  9 TAO,  Function value: 0.351087,  Residual: 1.16118 
 10 TAO,  Function value: 0.334967,  Residual: 1.24013 
 11 TAO,  Function value: 0.284302,  Residual: 1.9873 
 12 TAO,  Function value: 0.22851,  Residual: 2.21358 
 13 TAO,  Function value: 0.170904,  Residual: 4.12079 
 14 TAO,  Function value: 0.0657284,  Residual: 1.4624 
 15 TAO,  Function value: 0.0240229,  Residual: 0.710403 
 16 TAO,  Function value: 0.00818341,  Residual: 1.02122 
 17 TAO,  Function value: 0.00287008,  Residual: 0.316575 
 18 TAO,  Function value: 0.000848176,  Residual: 0.154295 
 19 TAO,  Function value: 0.00027607,  Residual: 0.0873042 
 20 TAO,  Function value: 9.59067e-05,  Residual: 0.0521027 
 21 TAO,  Function value: 7.34959e-05,  Residual: 0.0318312 
 22 TAO,  Function value: 5.86586e-05,  Residual: 0.0161977 
 23 TAO,  Function value: 5.51076e-05,  Residual: 0.0164518 
 24 TAO,  Function value: 5.33172e-05,  Residual: 0.0133414 
 25 TAO,  Function value: 5.19044e-05,  Residual: 0.0115436 
 26 TAO,  Function value: 4.17492e-05,  Residual: 0.0161901 
 27 TAO,  Function value: 3.14629e-05,  Residual: 0.0296413 
 28 TAO,  Function value: 1.44459e-05,  Residual: 0.0296495 
 29 TAO,  Function value: 7.3315e-06,  Residual: 0.0210632 
 30 TAO,  Function value: 3.77034e-06,  Residual: 0.0302388 
 31 TAO,  Function value: 3.75718e-07,  Residual: 0.00898583 
 32 TAO,  Function value: 1.77511e-09,  Residual: 0.000405209 
 33 TAO,  Function value: 7.00757e-10,  Residual: 0.000191886 
 34 TAO,  Function value: 1.89244e-10,  Residual: 0.000105791 
 35 TAO,  Function value: 2.53528e-11,  Residual: 6.86713e-05 
Tao Object: 1 MPI process
  type: blmvm
  Gradient steps: 0
  Mat Object: (tao_blmvm_) 1 MPI process
    type: lmvmbfgs
    rows=10, cols=10
      Max. storage: 5
      Used storage: 5
      Number of updates: 29
      Number of rejects: 5
      Number of resets: 2
      J0:
        Mat Object: (tao_blmvm_mat_lmvm_J0_) 1 MPI process
          type: constantdiagonal
          Diagonal value: 48.2013
      Rescale type: scalar
      Rescale history: 1
      Rescale params: alpha=1., beta=0.5, rho=1.
  TaoLineSearch Object: 1 MPI process
    type: more-thuente
    maximum function evaluations=30
    tolerances: ftol=0.0001, rtol=1e-10, gtol=0.9
    total number of function evaluations=0
    total number of gradient evaluations=0
    total number of function/gradient evaluations=1
    Termination reason: SUCCESS
  convergence tolerances: gatol=0.0001,   grtol=1e-08,   steptol=0.,   gttol=0.
  Residual in Function/Gradient:=6.86713e-05
  Objective value=2.53528e-11
  total number of iterations=35,                          (max: 2000)
  total number of function/gradient evaluations=42,      (max: 4000)
  Solution converged:    ||g(X)|| <= gatol
