  0 TAO,  Function value: 1.,  Residual: 2. 
  0 TAO,  Function value: 0.771065,  Residual: 4.79162 
    Iteration information for tao_bnk_cg_ solve.
    0 TAO,    Function value: 0.771065,    Residual: 4.79162 
    1 TAO,    Function value: 0.711445,    Residual: 1.7108 
    2 TAO,    Function value: 0.543976,    Residual: 2.8265 
    3 TAO,    Function value: 0.480062,    Residual: 5.1227 
  1 TAO,  Function value: 0.305188,  Residual: 2.87585 
    Iteration information for tao_bnk_cg_ solve.
    0 TAO,    Function value: 0.305188,    Residual: 2.87585 
    1 TAO,    Function value: 0.293047,    Residual: 0.837871 
    2 TAO,    Function value: 0.20406,    Residual: 2.78894 
    3 TAO,    Function value: 0.146055,    Residual: 4.76767 
  2 TAO,  Function value: 0.0742808,  Residual: 1.95808 
    Iteration information for tao_bnk_cg_ solve.
    0 TAO,    Function value: 0.0742808,    Residual: 1.95808 
    1 TAO,    Function value: 0.0711924,    Residual: 0.394663 
    2 TAO,    Function value: 0.0570566,    Residual: 0.328396 
    3 TAO,    Function value: 0.0200675,    Residual: 0.159374 
  3 TAO,  Function value: 0.0128149,  Residual: 1.16842 
    Iteration information for tao_bnk_cg_ solve.
    0 TAO,    Function value: 0.0128149,    Residual: 1.16842 
    1 TAO,    Function value: 0.0121778,    Residual: 0.584312 
    2 TAO,    Function value: 0.0108486,    Residual: 0.101434 
    3 TAO,    Function value: 0.00751251,    Residual: 1.64208 
  4 TAO,  Function value: 0.00147658,  Residual: 0.663097 
    Iteration information for tao_bnk_cg_ solve.
    0 TAO,    Function value: 0.00147658,    Residual: 0.663097 
    1 TAO,    Function value: 0.00124715,    Residual: 0.108649 
    2 TAO,    Function value: 0.00118213,    Residual: 0.0316369 
    3 TAO,    Function value: 0.000783469,    Residual: 0.446996 
  5 TAO,  Function value: 4.10179e-05,  Residual: 0.184619 
    Iteration information for tao_bnk_cg_ solve.
    0 TAO,    Function value: 4.10179e-05,    Residual: 0.184619 
    1 TAO,    Function value: 2.36921e-05,    Residual: 0.00436824 
    2 TAO,    Function value: 1.27129e-05,    Residual: 0.00323115 
    3 TAO,    Function value: 1.26621e-05,    Residual: 0.0100326 
  6 TAO,  Function value: 1.59753e-08,  Residual: 0.00562872 
    Iteration information for tao_bnk_cg_ solve.
    0 TAO,    Function value: 1.59753e-08,    Residual: 0.00562872 
    1 TAO,    Function value: 2.85401e-11,    Residual: 0.000237901 
    2 TAO,    Function value: 5.67799e-15,    Residual: 6.73711e-08 
