  0 TAO,  Function value: 1.,  Residual: 2. 
    Iteration information for tao_bnk_cg_ solve.
    0 TAO,    Function value: 1.,    Residual: 2. 
    0 TAO,    Function value: 0.773446,    Residual: 6.07754 
    1 TAO,    Function value: 0.685143,    Residual: 1.61524 
    2 TAO,    Function value: 0.510078,    Residual: 5.20164 
    3 TAO,    Function value: 0.412678,    Residual: 3.90101 
  1 TAO,  Function value: 0.264743,  Residual: 4.49436 
    Iteration information for tao_bnk_cg_ solve.
    0 TAO,    Function value: 0.264743,    Residual: 4.49436 
    1 TAO,    Function value: 0.239638,    Residual: 0.701683 
    2 TAO,    Function value: 0.170506,    Residual: 1.71288 
    3 TAO,    Function value: 0.106912,    Residual: 2.95349 
  2 TAO,  Function value: 0.0543545,  Residual: 3.59477 
    Iteration information for tao_bnk_cg_ solve.
    0 TAO,    Function value: 0.0543545,    Residual: 3.59477 
    1 TAO,    Function value: 0.0450575,    Residual: 0.273876 
    2 TAO,    Function value: 0.0281084,    Residual: 1.37413 
    3 TAO,    Function value: 0.0112387,    Residual: 2.25195 
  3 TAO,  Function value: 0.00254324,  Residual: 0.636613 
    Iteration information for tao_bnk_cg_ solve.
    0 TAO,    Function value: 0.00254324,    Residual: 0.636613 
    1 TAO,    Function value: 0.00232625,    Residual: 0.10699 
    2 TAO,    Function value: 0.00153073,    Residual: 0.422338 
    3 TAO,    Function value: 0.000285342,    Residual: 0.650372 
  4 TAO,  Function value: 3.28984e-06,  Residual: 0.0125884 
    Iteration information for tao_bnk_cg_ solve.
    0 TAO,    Function value: 3.28984e-06,    Residual: 0.0125884 
    1 TAO,    Function value: 3.21106e-06,    Residual: 0.00297202 
    2 TAO,    Function value: 2.87146e-06,    Residual: 0.00912473 
    3 TAO,    Function value: 1.73358e-06,    Residual: 0.0227914 
  5 TAO,  Function value: 3.63446e-10,  Residual: 0.000591484 
    Iteration information for tao_bnk_cg_ solve.
    0 TAO,    Function value: 3.63446e-10,    Residual: 0.000591484 
    1 TAO,    Function value: 1.86959e-10,    Residual: 1.22305e-05 
