  0 KSP Residual norm 7.071067811865e-01
  1 KSP Residual norm 3.162277660168e-01
  2 KSP Residual norm 1.889822365046e-01
  3 KSP Residual norm 1.290994448736e-01
  4 KSP Residual norm 9.534625892456e-02
  5 KSP Residual norm 0.000000000000e+00
KSP Object: 1 MPI process
  type: gmres
    restart=30, using classical (unmodified) Gram-Schmidt orthogonalization with one step of iterative refinement
    happy breakdown tolerance=1e-30
  maximum iterations=10000, initial guess is zero
  tolerances: relative=1e-05, absolute=1e-50, divergence=10000.
  left preconditioning
  using PRECONDITIONED norm type for convergence test
PC Object: 1 MPI process
  type: jacobi
    type DIAGONAL
  linear system matrix, which is also used to construct the preconditioner:
  Mat Object: 1 MPI process
    type: seqaijcusparse
    rows=10, cols=10
    total: nonzeros=28, allocated nonzeros=28
    total number of mallocs used during MatSetValues calls=0
      not using I-node routines
Norm of error 8.30815e-16, Iterations 5
  0 KSP Residual norm 3.535533905933e-01
  1 KSP Residual norm 8.574929257125e-02
  2 KSP Residual norm 2.272727272727e-02
  3 KSP Residual norm 6.083103193616e-03
  4 KSP Residual norm 1.629797545433e-03
  5 KSP Residual norm 0.000000000000e+00
KSP Object: 1 MPI process
  type: gmres
    restart=30, using classical (unmodified) Gram-Schmidt orthogonalization with one step of iterative refinement
    happy breakdown tolerance=1e-30
  maximum iterations=10000, initial guess is zero
  tolerances: relative=1e-05, absolute=1e-50, divergence=10000.
  left preconditioning
  using PRECONDITIONED norm type for convergence test
PC Object: 1 MPI process
  type: jacobi
    type DIAGONAL
  linear system matrix, which is also used to construct the preconditioner:
  Mat Object: 1 MPI process
    type: seqaijcusparse
    rows=10, cols=10
    total: nonzeros=28, allocated nonzeros=28
    total number of mallocs used during MatSetValues calls=0
      not using I-node routines
