  0 KSP Residual norm 7.071067811865e-01
  1 KSP Residual norm 3.162277660168e-01
  2 KSP Residual norm 1.889822365046e-01
  3 KSP Residual norm 1.290994448736e-01
  4 KSP Residual norm 9.534625892456e-02
  5 KSP Residual norm 6.316825885498e-16
  Linear solve converged due to CONVERGED_RTOL iterations 5
KSP Object: 1 MPI process
  type: gmres
    restart=30, using classical (unmodified) Gram-Schmidt orthogonalization with no iterative refinement
    happy breakdown tolerance=1e-30
  maximum iterations=10000, initial guess is zero
  tolerances: relative=1e-07, absolute=1e-50, divergence=10000.
  left preconditioning
  using PRECONDITIONED norm type for convergence test
PC Object: 1 MPI process
  type: jacobi
    type DIAGONAL
  linear system matrix, which is also used to construct the preconditioner:
  Mat Object: 1 MPI process
    type: seqaij
    rows=10, cols=10
    total: nonzeros=28, allocated nonzeros=28
    total number of mallocs used during MatSetValues calls=0
      not using I-node routines
Norm of error  0.2826E-14,  Iterations =     5
