  0 KSP Residual norm 1.414213562373e+00
  1 KSP Residual norm 6.324555320337e-01
  2 KSP Residual norm 3.779644730092e-01
  3 KSP Residual norm 2.581988897472e-01
  4 KSP Residual norm 1.906925178491e-01
  5 KSP Residual norm 0.000000000000e+00
KSP Object: 2 MPI processes
  type: pipefgmres
    restart=30
    happy breakdown tolerance=1e-30
    shift=1.
  maximum iterations=10000, initial guess is zero
  tolerances: relative=1e-06, absolute=1e-50, divergence=10000.
  right preconditioning
  using UNPRECONDITIONED norm type for convergence test
PC Object: 2 MPI processes
  type: jacobi
    type DIAGONAL
  linear system matrix, which is also used to construct the preconditioner:
  Mat Object: 2 MPI processes
    type: mpiaij
    rows=10, cols=10
    total: nonzeros=28, allocated nonzeros=28
    total number of mallocs used during MatSetValues calls=0
      not using I-node (on process 0) routines
