  Linear rap_ solve converged due to CONVERGED_RTOL iterations 15
KSP Object: (rap_) 1 MPI process
  type: gmres
    restart=30, using classical (unmodified) Gram-Schmidt orthogonalization with no iterative refinement
    happy breakdown tolerance=1e-30
  maximum iterations=10000, initial guess is zero
  tolerances: relative=1e-05, absolute=1e-50, divergence=10000.
  left preconditioning
  using PRECONDITIONED norm type for convergence test
PC Object: (rap_) 1 MPI process
  type: mg
    type is MULTIPLICATIVE, levels=2 cycles=v
      Cycles per PCApply=1
      Using Galerkin computed coarse grid matrices for pmat
  Coarse grid solver -- level 0 -------------------------------
    KSP Object: (rap_mg_coarse_) 1 MPI process
      type: cg
      maximum iterations=10000, initial guess is zero
      tolerances: relative=1e-05, absolute=1e-50, divergence=10000.
      left preconditioning
      using PRECONDITIONED norm type for convergence test
    PC Object: (rap_mg_coarse_) 1 MPI process
      type: jacobi
        type DIAGONAL
      linear system matrix, which is also used to construct the preconditioner:
      Mat Object: 1 MPI process
        type: seqaijhipsparse
        rows=102, cols=102, bs=6
        total: nonzeros=7740, allocated nonzeros=7740
        total number of mallocs used during MatSetValues calls=0
          not using I-node routines
  Down solver (pre-smoother) on level 1 -------------------------------
    KSP Object: (rap_mg_levels_1_) 1 MPI process
      type: richardson
        damping factor=1.
      maximum iterations=2, nonzero initial guess
      tolerances: relative=1e-05, absolute=1e-50, divergence=10000.
      left preconditioning
      not checking for convergence
    PC Object: (rap_mg_levels_1_) 1 MPI process
      type: jacobi
        type ROWL1 (l1-norm off-diagonal scaling 5.000000e-01)
      linear system matrix, which is also used to construct the preconditioner:
      Mat Object: 1 MPI process
        type: seqaijhipsparse
        rows=1536, cols=1536, bs=3
        total: nonzeros=95832, allocated nonzeros=95832
        total number of mallocs used during MatSetValues calls=0
          has attached near null space
          not using I-node routines
  Up solver (post-smoother) same as down solver (pre-smoother)
  linear system matrix, which is also used to construct the preconditioner:
  Mat Object: 1 MPI process
    type: seqaijhipsparse
    rows=1536, cols=1536, bs=3
    total: nonzeros=95832, allocated nonzeros=95832
    total number of mallocs used during MatSetValues calls=0
      has attached near null space
      not using I-node routines
Mat Object: 1 MPI process
  type: seqaijhipsparse
  rows=102, cols=102, bs=6
  total: nonzeros=7740, allocated nonzeros=7740
  total number of mallocs used during MatSetValues calls=0
    not using I-node routines
