[0]Nv: 27
[0]  1 3 9 [0-3)
[0]  0 2 4 10 [3-7)
[0]  1 5 11 [7-10)
[0]  0 4 6 12 [10-14)
[0]  1 3 5 7 13 [14-19)
[0]  2 4 8 14 [19-23)
[0]  3 7 15 [23-26)
[0]  4 6 8 16 [26-30)
[0]  5 7 17 [30-33)
[0]  0 10 12 18 [33-37)
[0]  1 9 11 13 19 [37-42)
[0]  2 10 14 20 [42-46)
[0]  3 9 13 15 21 [46-51)
[0]  4 10 12 14 16 22 [51-57)
[0]  5 11 13 17 23 [57-62)
[0]  6 12 16 24 [62-66)
[0]  7 13 15 17 25 [66-71)
[0]  8 14 16 26 [71-75)
[0]  9 19 21 [75-78)
[0]  10 18 20 22 [78-82)
[0]  11 19 23 [82-85)
[0]  12 18 22 24 [85-89)
[0]  13 19 21 23 25 [89-94)
[0]  14 20 22 26 [94-98)
[0]  15 21 25 [98-101)
[0]  16 22 24 26 [101-105)
[0]  17 23 25 [105-108)
Graph Partitioner: 1 MPI Process
  type: simple
  edge cut: 0
  balance: 0
  use vertex weights: 1
  use edge weights: 0
[0]Nv: 9
[0]  1 3 [0-2)
[0]  0 2 4 [2-5)
[0]  1 5 [5-7)
[0]  0 4 6 [7-10)
[0]  1 3 5 7 [10-14)
[0]  2 4 8 [14-17)
[0]  3 7 [17-19)
[0]  4 6 8 [19-22)
[0]  5 7 [22-24)
Graph Partitioner: 1 MPI Process
  type: simple
  edge cut: 0
  balance: 0
  use vertex weights: 1
  use edge weights: 0
[0]Nv: 3
[0]  1 [0-1)
[0]  0 2 [1-3)
[0]  1 [3-4)
Graph Partitioner: 1 MPI Process
  type: simple
  edge cut: 0
  balance: 0
  use vertex weights: 1
  use edge weights: 0
  Linear solve converged due to CONVERGED_RTOL iterations 3
