[0]Nv: 16
[0]  1 4 [0-2)
[0]  0 2 5 [2-5)
[0]  1 3 6 [5-8)
[0]  2 7 [8-10)
[0]  0 5 8 [10-13)
[0]  1 4 6 9 [13-17)
[0]  2 5 7 10 [17-21)
[0]  3 6 11 [21-24)
[0]  4 9 12 [24-27)
[0]  5 8 10 13 [27-31)
[0]  6 9 11 14 [31-35)
[0]  7 10 15 [35-38)
[0]  8 13 [38-40)
[0]  9 12 14 [40-43)
[0]  10 13 15 [43-46)
[0]  11 14 [46-48)
Graph Partitioner: 1 MPI Process
  type: simple
  edge cut: 0
  balance: 0
  use vertex weights: 1
  use edge weights: 0
[0]Nv: 8
[0]  1 2 [0-2)
[0]  0 3 [2-4)
[0]  0 3 4 [4-7)
[0]  1 2 5 [7-10)
[0]  2 5 6 [10-13)
[0]  3 4 7 [13-16)
[0]  4 7 [16-18)
[0]  5 6 [18-20)
Graph Partitioner: 1 MPI Process
  type: simple
  edge cut: 0
  balance: 0
  use vertex weights: 1
  use edge weights: 0
[0]Nv: 4
[0]  1 [0-1)
[0]  0 2 [1-3)
[0]  1 3 [3-5)
[0]  2 [5-6)
Graph Partitioner: 1 MPI Process
  type: simple
  edge cut: 0
  balance: 0
  use vertex weights: 1
  use edge weights: 0
  Linear solve converged due to CONVERGED_RTOL iterations 3
