  0 KSP Residual norm 1.572646942446e+00
  1 KSP Residual norm 2.827955159229e-01
  2 KSP Residual norm 2.391453661149e-02
  3 KSP Residual norm 3.623714052943e-03
  4 KSP Residual norm 1.871855526091e-04
  5 KSP Residual norm 2.184606399326e-05
  6 KSP Residual norm 3.616202488051e-06
  7 KSP Residual norm 5.145956577391e-07
  8 KSP Residual norm 1.069966028561e-07
  9 KSP Residual norm 1.537037806782e-08
 10 KSP Residual norm 2.674812438413e-09
 11 KSP Residual norm 2.885289089676e-10
 12 KSP Residual norm 3.894169136709e-11
 13 KSP Residual norm 3.603623155772e-12
 14 KSP Residual norm 2.923732503701e-13
 15 KSP Residual norm 1.899586950061e-14
 16 KSP Residual norm 2.886753538659e-15
 17 KSP Residual norm 4.621898726062e-16
Number of iterations =  17
Residual norm 5.31998e-15
