  0 KSP Residual norm 1.451588680082e+00
  1 KSP Residual norm 2.862416015992e-01
  2 KSP Residual norm 1.501159746966e-01
  3 KSP Residual norm 6.689344247868e-02
  4 KSP Residual norm 5.105691719264e-03
  5 KSP Residual norm 1.523476000467e-03
  6 KSP Residual norm 3.797815113842e-04
  7 KSP Residual norm 6.394340944099e-05
  8 KSP Residual norm 2.418836902027e-05
  9 KSP Residual norm 1.423572961093e-05
 10 KSP Residual norm 6.914640219913e-06
 11 KSP Residual norm 2.358966183742e-06
 12 KSP Residual norm 1.060152059366e-06
 13 KSP Residual norm 4.450283677419e-07
 14 KSP Residual norm 1.700509378087e-07
 15 KSP Residual norm 6.110922907276e-08
 16 KSP Residual norm 2.202773890745e-08
 17 KSP Residual norm 8.028197161043e-09
 18 KSP Residual norm 3.276609026902e-09
 19 KSP Residual norm 1.440401032688e-09
 20 KSP Residual norm 7.370902618829e-10
 21 KSP Residual norm 2.674039748601e-10
 22 KSP Residual norm 6.715680037764e-11
 23 KSP Residual norm 3.093066554828e-11
 24 KSP Residual norm 7.502687953104e-12
 25 KSP Residual norm 2.738227279504e-12
 26 KSP Residual norm 1.254008678644e-12
 27 KSP Residual norm 3.814494173339e-13
 28 KSP Residual norm 2.044116762774e-13
 29 KSP Residual norm 7.688627121946e-14
 30 KSP Residual norm 4.396315888104e-14
 31 KSP Residual norm 5.126418744183e-15
 32 KSP Residual norm 2.038899206920e-15
 33 KSP Residual norm 7.766826543153e-16
Number of iterations =  33
Residual norm 3.75772e-15
