  0 KSP Residual norm 1.066599790993e+00
  1 KSP Residual norm 6.663838703318e-01
  2 KSP Residual norm 4.027092523276e-01
  3 KSP Residual norm 2.702440454087e-01
  4 KSP Residual norm 2.352769779945e-12
  0 KSP Residual norm 6.518175725561e-01
  1 KSP Residual norm 4.072387041684e-01
  2 KSP Residual norm 2.461025864760e-01
  3 KSP Residual norm 1.651508083571e-01
  4 KSP Residual norm 6.742335436016e-08
  0 KSP Residual norm 3.983369877632e-01
  1 KSP Residual norm 2.488706128050e-01
  2 KSP Residual norm 1.503975454457e-01
  3 KSP Residual norm 1.009265197463e-01
  4 KSP Residual norm 1.523853041328e-03
  5 KSP Residual norm 2.173417110122e-04
  6 KSP Residual norm 2.536231751777e-05
  7 KSP Residual norm 2.256523288885e-06
  0 KSP Residual norm 2.434306201172e-01
  1 KSP Residual norm 1.520891344944e-01
  2 KSP Residual norm 9.191058642749e-02
  3 KSP Residual norm 6.169020906422e-02
  4 KSP Residual norm 4.100688811283e-02
  5 KSP Residual norm 7.903923737558e-03
  6 KSP Residual norm 9.375476054061e-04
  7 KSP Residual norm 9.202764143438e-05
  8 KSP Residual norm 8.656036522987e-06
  9 KSP Residual norm 1.372250757598e-06
  0 KSP Residual norm 1.487646606352e-01
  1 KSP Residual norm 9.294429958757e-02
  2 KSP Residual norm 5.616815191832e-02
  3 KSP Residual norm 3.770066149099e-02
  4 KSP Residual norm 2.550360242024e-02
  5 KSP Residual norm 5.031106543482e-03
  6 KSP Residual norm 6.123156101702e-04
  7 KSP Residual norm 8.061123044731e-05
  8 KSP Residual norm 1.313988002078e-05
  9 KSP Residual norm 1.993858930292e-06
 10 KSP Residual norm 5.146366695368e-07
L2 norm of the numerical error = 0.000304758 (time=0.625)
Number of time steps: 5 (34 Krylov iterations)
