  0 KSP Residual norm 8.944271909999e+00
  1 KSP Residual norm 6.949080842620e+00
  2 KSP Residual norm 3.226824737043e+00
  3 KSP Residual norm 1.239684154661e+00
  4 KSP Residual norm 3.604128670012e-01
  5 KSP Residual norm 7.288619060067e-02
  6 KSP Residual norm 1.366815803555e-02
  7 KSP Residual norm 2.159137282160e-03
  8 KSP Residual norm 6.725603519573e-12
  0 KSP Residual norm 8.944271909999e+00
  1 KSP Residual norm 6.949080842620e+00
  2 KSP Residual norm 3.226824737043e+00
  3 KSP Residual norm 1.239684154661e+00
  4 KSP Residual norm 3.604128670012e-01
  5 KSP Residual norm 7.288619060067e-02
  6 KSP Residual norm 1.366815803559e-02
  7 KSP Residual norm 2.159137282918e-03
  8 KSP Residual norm 8.977071256598e-08
  0 KSP Residual norm 8.944271910001e+00
  1 KSP Residual norm 6.949080842622e+00
  2 KSP Residual norm 3.226824737047e+00
  3 KSP Residual norm 1.239684154890e+00
  4 KSP Residual norm 3.604128760358e-01
  5 KSP Residual norm 7.288650511841e-02
  6 KSP Residual norm 1.367569306213e-02
  7 KSP Residual norm 2.305972251766e-03
  8 KSP Residual norm 1.115358260791e-03
  9 KSP Residual norm 8.329010928011e-04
 10 KSP Residual norm 2.586413393179e-04
 11 KSP Residual norm 2.585428371195e-04
 12 KSP Residual norm 4.556338962366e-05
L2 norm of the numerical error = 0.0181154 (time=0.99)
Number of time steps: 3 (28 Krylov iterations)
