  0 KSP Residual norm 8.944271909999e+00
  1 KSP Residual norm 6.949080842620e+00
  2 KSP Residual norm 3.226824737043e+00
  3 KSP Residual norm 1.239684154661e+00
  4 KSP Residual norm 3.604128670012e-01
  5 KSP Residual norm 7.288619060067e-02
  6 KSP Residual norm 1.366815803555e-02
  7 KSP Residual norm 2.159137282160e-03
  8 KSP Residual norm 7.148330563450e-12
KSP final norm of residual 1.82123e-10
  0 KSP Residual norm 4.528650869267e+00
  1 KSP Residual norm 7.091848590791e-01
  2 KSP Residual norm 4.649327533616e-02
  3 KSP Residual norm 1.327703123825e-08
KSP final norm of residual 5.76578e-07
  0 KSP Residual norm 5.320776321701e+00
  1 KSP Residual norm 1.742002565263e+00
  2 KSP Residual norm 3.001827287115e-01
  3 KSP Residual norm 6.032497464910e-06
KSP final norm of residual 6.25288e-05
L2 norm of the numerical error = 0.0181154 (time=0.99)
Number of time steps: 3 (14 Krylov iterations)
