  0 SNES Function norm 3.393268657492e+03
    0 SNES Function norm 3.393268657492e+03
    1 SNES Function norm 9.376582148510e+02
      0 SNES Function norm 8.589099303408e+02
      1 SNES Function norm 3.436477337630e+02
        0 SNES Function norm 2.809750374530e+02
        1 SNES Function norm 1.937997568398e+02
        2 SNES Function norm 6.148334606613e+04
        3 SNES Function norm 1.817264920240e+04
        4 SNES Function norm 5.338437101699e+03
        5 SNES Function norm 1.535533952137e+03
        6 SNES Function norm 4.112168113700e+02
        7 SNES Function norm 8.689273423075e+01
        8 SNES Function norm 8.803628860187e+00
        9 SNES Function norm 1.296755956823e-01
       10 SNES Function norm 2.957463134146e-05
       11 SNES Function norm 1.475715451090e-12
      0 SNES Function norm 2.703251772272e+02
      1 SNES Function norm 1.603107776625e+02
    0 SNES Function norm 7.614585133188e+02
    1 SNES Function norm 2.261172163125e+02
  1 SNES Function norm 2.261172163125e+02
    0 SNES Function norm 2.261172163125e+02
    1 SNES Function norm 6.739392156796e+01
      0 SNES Function norm 4.657989641929e+01
      1 SNES Function norm 1.911736425312e+01
        0 SNES Function norm 1.492798218627e+01
        1 SNES Function norm 3.293534789200e+01
        2 SNES Function norm 7.818018848055e+00
        3 SNES Function norm 1.116112774996e+00
        4 SNES Function norm 4.180231538803e-02
        5 SNES Function norm 1.980140414120e-04
        6 SNES Function norm 2.549541127259e-08
      0 SNES Function norm 2.905507046659e+01
      1 SNES Function norm 1.719928929128e+01
    0 SNES Function norm 3.222783441537e+01
    1 SNES Function norm 8.040135602327e+00
  2 SNES Function norm 8.040135602327e+00
    0 SNES Function norm 8.040135602327e+00
    1 SNES Function norm 2.063943632344e+00
      0 SNES Function norm 1.457789238006e+00
      1 SNES Function norm 1.684776288495e-01
        0 SNES Function norm 1.650736760952e-01
        1 SNES Function norm 2.224549870401e-03
        2 SNES Function norm 4.884221096419e-07
        3 SNES Function norm 2.855561820402e-14
      0 SNES Function norm 9.943329513383e-02
      1 SNES Function norm 1.708978881572e-03
    0 SNES Function norm 1.304743181114e+00
    1 SNES Function norm 1.138080425808e-01
  3 SNES Function norm 1.138080425808e-01
    0 SNES Function norm 1.138080425808e-01
    1 SNES Function norm 2.413667696200e-03
      0 SNES Function norm 1.397713950108e-03
      1 SNES Function norm 2.406325829245e-07
        0 SNES Function norm 1.982959947325e-07
        1 SNES Function norm 2.554153969639e-15
        2 SNES Function norm 1.247457973266e-15
      0 SNES Function norm 1.730412268547e-07
      1 SNES Function norm 7.634210734751e-15
    0 SNES Function norm 2.086146648654e-03
    1 SNES Function norm 3.381748455220e-06
  4 SNES Function norm 3.381748455220e-06
  L_2 Error: 0.00362874
  Nonlinear solve converged due to CONVERGED_FNORM_RELATIVE iterations 4
SNES Object: 1 MPI process
  type: fas
    type is MULTIPLICATIVE, levels=3, cycles=1
    Not using Galerkin computed coarse grid function evaluation
    Coarse grid solver -- level 0 -------------------------------
    SNES Object: (fas_coarse_) 1 MPI process
      type: newtonls
      maximum iterations=50, maximum function evaluations=10000
      tolerances: relative=1e-08, absolute=1e-50, solution=1e-08
      total number of linear solver iterations=2
      total number of function evaluations=2
      norm schedule ALWAYS
      SNESLineSearch Object: (fas_coarse_) 1 MPI process
        type: none
        maxlambda=1.000000e+00, minlambda=1.000000e-12
        tolerances: relative=1.000000e-08, absolute=1.000000e-15, lambda=1.000000e-08
        maximum iterations=40
      KSP Object: (fas_coarse_) 1 MPI process
        type: gmres
          restart=30, using classical (unmodified) Gram-Schmidt orthogonalization with no iterative refinement
          happy breakdown tolerance=1e-30
        maximum iterations=10000, initial guess is zero
        tolerances: relative=1e-10, absolute=1e-50, divergence=10000.
        left preconditioning
        using PRECONDITIONED norm type for convergence test
      PC Object: (fas_coarse_) 1 MPI process
        type: svd
          All singular values smaller than 1e-12 treated as zero
          Provided essential rank of the matrix 0 (all other eigenvalues are zeroed)
        linear system matrix, which is also used to construct the preconditioner:
        Mat Object: 1 MPI process
          type: seqaij
          rows=5, cols=5
          total: nonzeros=13, allocated nonzeros=13
          total number of mallocs used during MatSetValues calls=0
            not using I-node routines
    Down solver (pre-smoother) on level 1 -------------------------------
    SNES Object: (fas_levels_1_) 1 MPI process
      type: newtonls
      maximum iterations=1, maximum function evaluations=10000
      tolerances: relative=0., absolute=0., solution=0.
      total number of linear solver iterations=1
      total number of function evaluations=2
      norm schedule FINALONLY
      SNESLineSearch Object: (fas_levels_1_) 1 MPI process
        type: bt
          interpolation: cubic
          alpha=1.000000e-04
        maxlambda=1.000000e+00, minlambda=1.000000e-12
        tolerances: relative=1.000000e-08, absolute=1.000000e-15, lambda=1.000000e-08
        maximum iterations=40
      KSP Object: (fas_levels_1_) 1 MPI process
        type: gmres
          restart=30, using classical (unmodified) Gram-Schmidt orthogonalization with no iterative refinement
          happy breakdown tolerance=1e-30
        maximum iterations=10000, initial guess is zero
        tolerances: relative=1e-10, absolute=1e-50, divergence=10000.
        left preconditioning
        using PRECONDITIONED norm type for convergence test
      PC Object: (fas_levels_1_) 1 MPI process
        type: svd
          All singular values smaller than 1e-12 treated as zero
          Provided essential rank of the matrix 0 (all other eigenvalues are zeroed)
        linear system matrix, which is also used to construct the preconditioner:
        Mat Object: 1 MPI process
          type: seqaij
          rows=25, cols=25
          total: nonzeros=137, allocated nonzeros=137
          total number of mallocs used during MatSetValues calls=0
            not using I-node routines
    Up solver (post-smoother) same as down solver (pre-smoother)
    Down solver (pre-smoother) on level 2 -------------------------------
    SNES Object: (fas_levels_2_) 1 MPI process
      type: newtonls
      maximum iterations=1, maximum function evaluations=10000
      tolerances: relative=0., absolute=1e-11, solution=0.
      total number of linear solver iterations=1
      total number of function evaluations=2
      norm schedule FINALONLY
      SNESLineSearch Object: (fas_levels_2_) 1 MPI process
        type: bt
          interpolation: cubic
          alpha=1.000000e-04
        maxlambda=1.000000e+00, minlambda=1.000000e-12
        tolerances: relative=1.000000e-08, absolute=1.000000e-15, lambda=1.000000e-08
        maximum iterations=40
      KSP Object: (fas_levels_2_) 1 MPI process
        type: gmres
          restart=30, using classical (unmodified) Gram-Schmidt orthogonalization with no iterative refinement
          happy breakdown tolerance=1e-30
        maximum iterations=10000, initial guess is zero
        tolerances: relative=1e-10, absolute=1e-50, divergence=10000.
        left preconditioning
        using PRECONDITIONED norm type for convergence test
      PC Object: (fas_levels_2_) 1 MPI process
        type: svd
          All singular values smaller than 1e-12 treated as zero
          Provided essential rank of the matrix 0 (all other eigenvalues are zeroed)
        linear system matrix, which is also used to construct the preconditioner:
        Mat Object: 1 MPI process
          type: seqaij
          rows=113, cols=113
          total: nonzeros=721, allocated nonzeros=721
          total number of mallocs used during MatSetValues calls=0
            not using I-node routines
    Up solver (post-smoother) same as down solver (pre-smoother)
  maximum iterations=10000, maximum function evaluations=30000
  tolerances: relative=1e-08, absolute=1e-50, solution=1e-08
  total number of function evaluations=1
  norm schedule ALWAYS
solution vector:
  Vec Object: Updated Fine solution 1 MPI process
    type: seq
    length=113
