  0 SNES Function norm 6.756938081129e+03
    0 SNES Function norm 6.756938081129e+03
    1 SNES Function norm 1.979646424016e+03
      0 SNES Function norm 9.487939257063e+02
      1 SNES Function norm 4.401625356512e+02
      2 SNES Function norm 7.286532989827e+03
      3 SNES Function norm 2.135283091328e+03
      4 SNES Function norm 6.005562932754e+02
      5 SNES Function norm 1.524895175878e+02
      6 SNES Function norm 2.960068083913e+01
      7 SNES Function norm 4.303559384264e+00
      8 SNES Function norm 9.678735530372e-01
      9 SNES Function norm 1.427672847978e-01
     10 SNES Function norm 4.639936970852e-03
     11 SNES Function norm 5.391626731574e-06
    0 SNES Function norm 3.646234339923e+03
    1 SNES Function norm 1.081028732327e+03
  1 SNES Function norm 1.081028732327e+03
    0 SNES Function norm 1.081028732327e+03
    1 SNES Function norm 3.209491623888e+02
      0 SNES Function norm 1.518222808526e+02
      1 SNES Function norm 4.799601666749e+03
      2 SNES Function norm 1.411119560934e+03
      3 SNES Function norm 4.057908799581e+02
      4 SNES Function norm 1.089792685909e+02
      5 SNES Function norm 2.185202811299e+01
      6 SNES Function norm 1.752701226732e+00
      7 SNES Function norm 1.733674527427e-02
      8 SNES Function norm 2.077789568794e-06
      9 SNES Function norm 5.504367447818e-14
    0 SNES Function norm 4.013641136335e+02
    1 SNES Function norm 1.191446407964e+02
  2 SNES Function norm 1.191446407964e+02
    0 SNES Function norm 1.191446407964e+02
    1 SNES Function norm 3.542345941160e+01
      0 SNES Function norm 2.386963020634e+01
      1 SNES Function norm 6.342491242573e+01
      2 SNES Function norm 4.819996988666e+01
      3 SNES Function norm 1.419421634494e+01
      4 SNES Function norm 4.093230435974e+00
      5 SNES Function norm 1.023860264753e+00
      6 SNES Function norm 1.140619749954e-01
      7 SNES Function norm 2.133674004833e-03
      8 SNES Function norm 7.791998779417e-07
      9 SNES Function norm 1.080834307950e-13
    0 SNES Function norm 2.960794059116e+02
    1 SNES Function norm 8.800366922289e+01
  3 SNES Function norm 8.800366922289e+01
    0 SNES Function norm 8.800366922289e+01
    1 SNES Function norm 2.634283081420e+01
      0 SNES Function norm 1.823161874576e+01
      1 SNES Function norm 1.995395611300e+02
      2 SNES Function norm 5.582439002633e+01
      3 SNES Function norm 1.370209333617e+01
      4 SNES Function norm 2.247314568866e+00
      5 SNES Function norm 1.298718583920e-01
      6 SNES Function norm 9.009198447225e-04
      7 SNES Function norm 3.314131134358e-07
      8 SNES Function norm 6.349780077140e-13
    0 SNES Function norm 8.826044543687e+01
    1 SNES Function norm 2.618682598872e+01
  4 SNES Function norm 2.618682598872e+01
    0 SNES Function norm 2.618682598872e+01
    1 SNES Function norm 7.785607235542e+00
      0 SNES Function norm 6.158634022640e+00
      1 SNES Function norm 3.230258935658e+00
      2 SNES Function norm 9.636424089975e+01
      3 SNES Function norm 2.796227931635e+01
      4 SNES Function norm 7.866544308452e+00
      5 SNES Function norm 2.070440524454e+00
      6 SNES Function norm 4.618422549818e-01
      7 SNES Function norm 5.786463354804e-02
      8 SNES Function norm 1.450461915198e-03
      9 SNES Function norm 1.034439949693e-06
     10 SNES Function norm 5.541363000623e-13
    0 SNES Function norm 3.105130430035e+01
    1 SNES Function norm 9.571453004318e+00
  5 SNES Function norm 9.571453004318e+00
    0 SNES Function norm 9.571453004318e+00
    1 SNES Function norm 3.089225489600e+00
      0 SNES Function norm 2.422655957878e+00
      1 SNES Function norm 1.757395221076e+01
      2 SNES Function norm 4.775646666803e+00
      3 SNES Function norm 1.067242467603e+00
      4 SNES Function norm 1.259133594357e-01
      5 SNES Function norm 2.678856804889e-03
      6 SNES Function norm 2.040533433867e-06
      7 SNES Function norm 1.157468792269e-09
    0 SNES Function norm 2.294586215134e+00
    1 SNES Function norm 7.348183867131e-01
  6 SNES Function norm 7.348183867131e-01
    0 SNES Function norm 7.348183867131e-01
    1 SNES Function norm 1.619525031310e-01
      0 SNES Function norm 1.050500215058e-01
      1 SNES Function norm 7.184700027962e-03
      2 SNES Function norm 1.166133391574e-04
      3 SNES Function norm 7.923803927408e-08
      4 SNES Function norm 4.126480675619e-14
    0 SNES Function norm 1.125543866708e-01
    1 SNES Function norm 7.822606547067e-03
  7 SNES Function norm 7.822606547067e-03
    0 SNES Function norm 7.822606547067e-03
    1 SNES Function norm 2.298465511037e-04
      0 SNES Function norm 1.841773820884e-04
      1 SNES Function norm 1.973615673233e-07
      2 SNES Function norm 2.030749910659e-13
    0 SNES Function norm 1.861758817016e-04
    1 SNES Function norm 2.725806538743e-07
  8 SNES Function norm 2.725806538743e-07
  L_2 Error: 0.00137489
  Nonlinear solve converged due to CONVERGED_FNORM_RELATIVE iterations 8
SNES Object: 1 MPI process
  type: fas
    type is MULTIPLICATIVE, levels=2, cycles=1
    Not using Galerkin computed coarse grid function evaluation
    Coarse grid solver -- level 0 -------------------------------
    SNES Object: (fas_coarse_) 1 MPI process
      type: newtonls
      maximum iterations=50, maximum function evaluations=10000
      tolerances: relative=1e-08, absolute=1e-50, solution=1e-08
      total number of linear solver iterations=2
      total number of function evaluations=2
      norm schedule ALWAYS
      SNESLineSearch Object: (fas_coarse_) 1 MPI process
        type: none
        maxlambda=1.000000e+00, minlambda=1.000000e-12
        tolerances: relative=1.000000e-08, absolute=1.000000e-15, lambda=1.000000e-08
        maximum iterations=40
      KSP Object: (fas_coarse_) 1 MPI process
        type: gmres
          restart=30, using classical (unmodified) Gram-Schmidt orthogonalization with no iterative refinement
          happy breakdown tolerance=1e-30
        maximum iterations=10000, initial guess is zero
        tolerances: relative=1e-10, absolute=1e-50, divergence=10000.
        left preconditioning
        using PRECONDITIONED norm type for convergence test
      PC Object: (fas_coarse_) 1 MPI process
        type: svd
          All singular values smaller than 1e-12 treated as zero
          Provided essential rank of the matrix 0 (all other eigenvalues are zeroed)
        linear system matrix, which is also used to construct the preconditioner:
        Mat Object: 1 MPI process
          type: seqaij
          rows=103, cols=103
          total: nonzeros=819, allocated nonzeros=819
          total number of mallocs used during MatSetValues calls=0
            not using I-node routines
    Down solver (pre-smoother) on level 1 -------------------------------
    SNES Object: (fas_levels_1_) 1 MPI process
      type: newtonls
      maximum iterations=1, maximum function evaluations=10000
      tolerances: relative=0., absolute=0., solution=0.
      total number of linear solver iterations=1
      total number of function evaluations=2
      norm schedule FINALONLY
      SNESLineSearch Object: (fas_levels_1_) 1 MPI process
        type: bt
          interpolation: cubic
          alpha=1.000000e-04
        maxlambda=1.000000e+00, minlambda=1.000000e-12
        tolerances: relative=1.000000e-08, absolute=1.000000e-15, lambda=1.000000e-08
        maximum iterations=40
      KSP Object: (fas_levels_1_) 1 MPI process
        type: gmres
          restart=30, using classical (unmodified) Gram-Schmidt orthogonalization with no iterative refinement
          happy breakdown tolerance=1e-30
        maximum iterations=10000, initial guess is zero
        tolerances: relative=1e-10, absolute=1e-50, divergence=10000.
        left preconditioning
        using PRECONDITIONED norm type for convergence test
      PC Object: (fas_levels_1_) 1 MPI process
        type: svd
          All singular values smaller than 1e-12 treated as zero
          Provided essential rank of the matrix 0 (all other eigenvalues are zeroed)
        linear system matrix, which is also used to construct the preconditioner:
        Mat Object: 1 MPI process
          type: seqaij
          rows=319, cols=319
          total: nonzeros=2741, allocated nonzeros=2741
          total number of mallocs used during MatSetValues calls=0
            not using I-node routines
    Up solver (post-smoother) same as down solver (pre-smoother)
  maximum iterations=10000, maximum function evaluations=30000
  tolerances: relative=1e-08, absolute=1e-50, solution=1e-08
  total number of function evaluations=1
  norm schedule ALWAYS
solution vector:
  Vec Object: Updated Fine solution 1 MPI process
    type: seq
    length=319
