  0 SNES Function norm 1.300000000000e+01
      Residual norms for mg_levels_2_ solve.
      0 KSP Residual norm 0.000000000000e+00
      1 KSP Residual norm 0.000000000000e+00
      2 KSP Residual norm 0.000000000000e+00
        Residual norms for mg_levels_1_ solve.
        0 KSP Residual norm 0.000000000000e+00
        1 KSP Residual norm 0.000000000000e+00
        2 KSP Residual norm 0.000000000000e+00
        Residual norms for mg_levels_1_ solve.
        0 KSP Residual norm 0.000000000000e+00
        1 KSP Residual norm 0.000000000000e+00
        2 KSP Residual norm 0.000000000000e+00
      Residual norms for mg_levels_2_ solve.
      0 KSP Residual norm 0.000000000000e+00
      1 KSP Residual norm 0.000000000000e+00
      2 KSP Residual norm 0.000000000000e+00
    0 KSP Residual norm 6.501436614050e+01
      Residual norms for mg_levels_2_ solve.
      0 KSP Residual norm 0.000000000000e+00
      1 KSP Residual norm 0.000000000000e+00
      2 KSP Residual norm 0.000000000000e+00
        Residual norms for mg_levels_1_ solve.
        0 KSP Residual norm 0.000000000000e+00
        1 KSP Residual norm 0.000000000000e+00
        2 KSP Residual norm 0.000000000000e+00
        Residual norms for mg_levels_1_ solve.
        0 KSP Residual norm 0.000000000000e+00
        1 KSP Residual norm 0.000000000000e+00
        2 KSP Residual norm 0.000000000000e+00
      Residual norms for mg_levels_2_ solve.
      0 KSP Residual norm 0.000000000000e+00
      1 KSP Residual norm 0.000000000000e+00
      2 KSP Residual norm 0.000000000000e+00
    1 KSP Residual norm 5.547403805387e+00
      Residual norms for mg_levels_2_ solve.
      0 KSP Residual norm 0.000000000000e+00
      1 KSP Residual norm 0.000000000000e+00
      2 KSP Residual norm 0.000000000000e+00
        Residual norms for mg_levels_1_ solve.
        0 KSP Residual norm 0.000000000000e+00
        1 KSP Residual norm 0.000000000000e+00
        2 KSP Residual norm 0.000000000000e+00
        Residual norms for mg_levels_1_ solve.
        0 KSP Residual norm 0.000000000000e+00
        1 KSP Residual norm 0.000000000000e+00
        2 KSP Residual norm 0.000000000000e+00
      Residual norms for mg_levels_2_ solve.
      0 KSP Residual norm 0.000000000000e+00
      1 KSP Residual norm 0.000000000000e+00
      2 KSP Residual norm 0.000000000000e+00
    2 KSP Residual norm 3.772091376054e-01
      Residual norms for mg_levels_2_ solve.
      0 KSP Residual norm 0.000000000000e+00
      1 KSP Residual norm 0.000000000000e+00
      2 KSP Residual norm 0.000000000000e+00
        Residual norms for mg_levels_1_ solve.
        0 KSP Residual norm 0.000000000000e+00
        1 KSP Residual norm 0.000000000000e+00
        2 KSP Residual norm 0.000000000000e+00
        Residual norms for mg_levels_1_ solve.
        0 KSP Residual norm 0.000000000000e+00
        1 KSP Residual norm 0.000000000000e+00
        2 KSP Residual norm 0.000000000000e+00
      Residual norms for mg_levels_2_ solve.
      0 KSP Residual norm 0.000000000000e+00
      1 KSP Residual norm 0.000000000000e+00
      2 KSP Residual norm 0.000000000000e+00
    3 KSP Residual norm 2.973995414656e-02
      Residual norms for mg_levels_2_ solve.
      0 KSP Residual norm 0.000000000000e+00
      1 KSP Residual norm 0.000000000000e+00
      2 KSP Residual norm 0.000000000000e+00
        Residual norms for mg_levels_1_ solve.
        0 KSP Residual norm 0.000000000000e+00
        1 KSP Residual norm 0.000000000000e+00
        2 KSP Residual norm 0.000000000000e+00
        Residual norms for mg_levels_1_ solve.
        0 KSP Residual norm 0.000000000000e+00
        1 KSP Residual norm 0.000000000000e+00
        2 KSP Residual norm 0.000000000000e+00
      Residual norms for mg_levels_2_ solve.
      0 KSP Residual norm 0.000000000000e+00
      1 KSP Residual norm 0.000000000000e+00
      2 KSP Residual norm 0.000000000000e+00
    4 KSP Residual norm 2.511858536139e-03
      Residual norms for mg_levels_2_ solve.
      0 KSP Residual norm 0.000000000000e+00
      1 KSP Residual norm 0.000000000000e+00
      2 KSP Residual norm 0.000000000000e+00
        Residual norms for mg_levels_1_ solve.
        0 KSP Residual norm 0.000000000000e+00
        1 KSP Residual norm 0.000000000000e+00
        2 KSP Residual norm 0.000000000000e+00
        Residual norms for mg_levels_1_ solve.
        0 KSP Residual norm 0.000000000000e+00
        1 KSP Residual norm 0.000000000000e+00
        2 KSP Residual norm 0.000000000000e+00
      Residual norms for mg_levels_2_ solve.
      0 KSP Residual norm 0.000000000000e+00
      1 KSP Residual norm 0.000000000000e+00
      2 KSP Residual norm 0.000000000000e+00
    5 KSP Residual norm 2.109683388982e-04
  1 SNES Function norm 3.902343483198e-05
      Residual norms for mg_levels_2_ solve.
      0 KSP Residual norm 0.000000000000e+00
      1 KSP Residual norm 0.000000000000e+00
      2 KSP Residual norm 0.000000000000e+00
        Residual norms for mg_levels_1_ solve.
        0 KSP Residual norm 0.000000000000e+00
        1 KSP Residual norm 0.000000000000e+00
        2 KSP Residual norm 0.000000000000e+00
        Residual norms for mg_levels_1_ solve.
        0 KSP Residual norm 0.000000000000e+00
        1 KSP Residual norm 0.000000000000e+00
        2 KSP Residual norm 0.000000000000e+00
      Residual norms for mg_levels_2_ solve.
      0 KSP Residual norm 0.000000000000e+00
      1 KSP Residual norm 0.000000000000e+00
      2 KSP Residual norm 0.000000000000e+00
    0 KSP Residual norm 2.109683388982e-04
      Residual norms for mg_levels_2_ solve.
      0 KSP Residual norm 0.000000000000e+00
      1 KSP Residual norm 0.000000000000e+00
      2 KSP Residual norm 0.000000000000e+00
        Residual norms for mg_levels_1_ solve.
        0 KSP Residual norm 0.000000000000e+00
        1 KSP Residual norm 0.000000000000e+00
        2 KSP Residual norm 0.000000000000e+00
        Residual norms for mg_levels_1_ solve.
        0 KSP Residual norm 0.000000000000e+00
        1 KSP Residual norm 0.000000000000e+00
        2 KSP Residual norm 0.000000000000e+00
      Residual norms for mg_levels_2_ solve.
      0 KSP Residual norm 0.000000000000e+00
      1 KSP Residual norm 0.000000000000e+00
      2 KSP Residual norm 0.000000000000e+00
    1 KSP Residual norm 1.737499444511e-05
      Residual norms for mg_levels_2_ solve.
      0 KSP Residual norm 0.000000000000e+00
      1 KSP Residual norm 0.000000000000e+00
      2 KSP Residual norm 0.000000000000e+00
        Residual norms for mg_levels_1_ solve.
        0 KSP Residual norm 0.000000000000e+00
        1 KSP Residual norm 0.000000000000e+00
        2 KSP Residual norm 0.000000000000e+00
        Residual norms for mg_levels_1_ solve.
        0 KSP Residual norm 0.000000000000e+00
        1 KSP Residual norm 0.000000000000e+00
        2 KSP Residual norm 0.000000000000e+00
      Residual norms for mg_levels_2_ solve.
      0 KSP Residual norm 0.000000000000e+00
      1 KSP Residual norm 0.000000000000e+00
      2 KSP Residual norm 0.000000000000e+00
    2 KSP Residual norm 1.404637201538e-06
      Residual norms for mg_levels_2_ solve.
      0 KSP Residual norm 0.000000000000e+00
      1 KSP Residual norm 0.000000000000e+00
      2 KSP Residual norm 0.000000000000e+00
        Residual norms for mg_levels_1_ solve.
        0 KSP Residual norm 0.000000000000e+00
        1 KSP Residual norm 0.000000000000e+00
        2 KSP Residual norm 0.000000000000e+00
        Residual norms for mg_levels_1_ solve.
        0 KSP Residual norm 0.000000000000e+00
        1 KSP Residual norm 0.000000000000e+00
        2 KSP Residual norm 0.000000000000e+00
      Residual norms for mg_levels_2_ solve.
      0 KSP Residual norm 0.000000000000e+00
      1 KSP Residual norm 0.000000000000e+00
      2 KSP Residual norm 0.000000000000e+00
    3 KSP Residual norm 1.129114366592e-07
      Residual norms for mg_levels_2_ solve.
      0 KSP Residual norm 0.000000000000e+00
      1 KSP Residual norm 0.000000000000e+00
      2 KSP Residual norm 0.000000000000e+00
        Residual norms for mg_levels_1_ solve.
        0 KSP Residual norm 0.000000000000e+00
        1 KSP Residual norm 0.000000000000e+00
        2 KSP Residual norm 0.000000000000e+00
        Residual norms for mg_levels_1_ solve.
        0 KSP Residual norm 0.000000000000e+00
        1 KSP Residual norm 0.000000000000e+00
        2 KSP Residual norm 0.000000000000e+00
      Residual norms for mg_levels_2_ solve.
      0 KSP Residual norm 0.000000000000e+00
      1 KSP Residual norm 0.000000000000e+00
      2 KSP Residual norm 0.000000000000e+00
    4 KSP Residual norm 9.240465636672e-09
      Residual norms for mg_levels_2_ solve.
      0 KSP Residual norm 0.000000000000e+00
      1 KSP Residual norm 0.000000000000e+00
      2 KSP Residual norm 0.000000000000e+00
        Residual norms for mg_levels_1_ solve.
        0 KSP Residual norm 0.000000000000e+00
        1 KSP Residual norm 0.000000000000e+00
        2 KSP Residual norm 0.000000000000e+00
        Residual norms for mg_levels_1_ solve.
        0 KSP Residual norm 0.000000000000e+00
        1 KSP Residual norm 0.000000000000e+00
        2 KSP Residual norm 0.000000000000e+00
      Residual norms for mg_levels_2_ solve.
      0 KSP Residual norm 0.000000000000e+00
      1 KSP Residual norm 0.000000000000e+00
      2 KSP Residual norm 0.000000000000e+00
    5 KSP Residual norm 7.872759170877e-10
  2 SNES Function norm 1.576609497511e-10
