  0 SNES Function norm 1.300000000000e+01
  1 SNES Function norm 3.769016907569e+00
  2 SNES Function norm 1.425042422570e+00
  3 SNES Function norm 5.099310675744e-01
  4 SNES Function norm 1.761567581642e-01
  5 SNES Function norm 6.092031044828e-02
  6 SNES Function norm 2.107720179384e-02
  7 SNES Function norm 7.290838512289e-03
  8 SNES Function norm 2.520571640821e-03
  9 SNES Function norm 8.709785163791e-04
 10 SNES Function norm 3.008293461978e-04
 11 SNES Function norm 1.038698362574e-04
  Nonlinear solve converged due to CONVERGED_FNORM_RELATIVE iterations 11
SNES Object: 1 MPI process
  type: fas
    type is MULTIPLICATIVE, levels=3, cycles=1
    Not using Galerkin computed coarse grid function evaluation
    Coarse grid solver -- level 0 -------------------------------
    SNES Object: (fas_coarse_) 1 MPI process
      type: newtonls
      maximum iterations=50, maximum function evaluations=10000
      tolerances: relative=1.e-08, absolute=1.e-50, solution=1.e-08
      total number of linear solver iterations=1
      total number of function evaluations=1
      norm schedule ALWAYS
      SNESLineSearch Object: (fas_coarse_) 1 MPI process
        type: bt
          interpolation: cubic
          alpha=1.000000e-04
        maxlambda=1.000000e+00, minlambda=1.000000e-12
        tolerances: relative=1.000000e-08, absolute=1.000000e-15, lambda=1.000000e-08
        maximum iterations=40
      KSP Object: (fas_coarse_) 1 MPI process
        type: preonly
        maximum iterations=10000, initial guess is zero
        tolerances: relative=1.e-05, absolute=1.e-50, divergence=10000.
        left preconditioning
        not checking for convergence
      PC Object: (fas_coarse_) 1 MPI process
        type: lu
          out-of-place factorization
          tolerance for zero pivot 2.22045e-14
          matrix ordering: nd
          factor fill ratio given 5., needed 1.875
            Factored matrix:
              Mat Object: (fas_coarse_) 1 MPI process
                type: seqaij
                rows=16, cols=16
                package used to perform factorization: petsc
                total: nonzeros=120, allocated nonzeros=120
                  using I-node routines: found 12 nodes, limit used is 5
        linear system matrix, which is also used to construct the preconditioner:
        Mat Object: 1 MPI process
          type: seqaij
          rows=16, cols=16
          total: nonzeros=64, allocated nonzeros=64
          total number of mallocs used during MatSetValues calls=0
            not using I-node routines
    Down solver (pre-smoother) on level 1 -------------------------------
    SNES Object: (fas_levels_1_) 1 MPI process
      type: nrichardson
      maximum iterations=1, maximum function evaluations=30000
      tolerances: relative=0., absolute=0., solution=0.
      total number of function evaluations=4
      norm schedule FINALONLY
      SNESLineSearch Object: (fas_levels_1_) 1 MPI process
        type: secant
        maxlambda=1.000000e+00, minlambda=1.000000e-12
        tolerances: relative=1.000000e-08, absolute=1.000000e-15, lambda=1.000000e-08
        maximum iterations=1
    solution vector:
      Vec Object: Coarse correction 1 MPI process
        type: seq
        length=49
        length=49
    Up solver (post-smoother) same as down solver (pre-smoother)
    Coarse correction line search on level 1 -------------------------------
    SNESLineSearch Object: (fas_coarse_correction_1_) 1 MPI process
      type: secant
      maxlambda=1.000000e+00, minlambda=1.000000e-12
      tolerances: relative=1.000000e-08, absolute=1.000000e-15, lambda=1.000000e-08
      maximum iterations=5
    Down solver (pre-smoother) on level 2 -------------------------------
    SNES Object: (fas_levels_2_) 1 MPI process
      type: nrichardson
      maximum iterations=1, maximum function evaluations=30000
      tolerances: relative=0., absolute=0., solution=0.
      total number of function evaluations=4
      norm schedule FINALONLY
      SNESLineSearch Object: (fas_levels_2_) 1 MPI process
        type: secant
        maxlambda=1.000000e+00, minlambda=1.000000e-12
        tolerances: relative=1.000000e-08, absolute=1.000000e-15, lambda=1.000000e-08
        maximum iterations=1
    solution vector:
      Vec Object: Updated Fine solution 1 MPI process
        type: seq
        length=169
        length=169
    Up solver (post-smoother) same as down solver (pre-smoother)
    Coarse correction line search on level 2 -------------------------------
    SNESLineSearch Object: (fas_coarse_correction_2_) 1 MPI process
      type: secant
      maxlambda=1.000000e+00, minlambda=1.000000e-12
      tolerances: relative=1.000000e-08, absolute=1.000000e-15, lambda=1.000000e-08
      maximum iterations=5
  maximum iterations=10000, maximum function evaluations=30000
  tolerances: relative=1.e-05, absolute=1.e-50, solution=1.e-08
  total number of function evaluations=68
  norm schedule ALWAYS
solution vector:
  Vec Object: Updated Fine solution 1 MPI process
    type: seq
    length=169
    length=169
