  0 SNES Function norm 1.300000000000e+01
  1 SNES Function norm 6.108380794757e+00
  2 SNES Function norm 3.238079890815e+00
  3 SNES Function norm 1.931788861712e+00
  4 SNES Function norm 1.158234068905e+00
  5 SNES Function norm 6.942045056116e-01
  6 SNES Function norm 4.161820012883e-01
  7 SNES Function norm 2.495221145330e-01
  8 SNES Function norm 1.496025579206e-01
  9 SNES Function norm 8.969489721274e-02
 10 SNES Function norm 5.377671161642e-02
 11 SNES Function norm 3.224176320265e-02
 12 SNES Function norm 1.933044570937e-02
 13 SNES Function norm 1.158947997387e-02
 14 SNES Function norm 6.948408897067e-03
 15 SNES Function norm 4.165876161868e-03
 16 SNES Function norm 2.497624044456e-03
 17 SNES Function norm 1.497433690443e-03
 18 SNES Function norm 8.977760573119e-04
 19 SNES Function norm 5.382553612897e-04
 20 SNES Function norm 3.227072047373e-04
 21 SNES Function norm 1.934768140557e-04
 22 SNES Function norm 1.159976450463e-04
  Nonlinear solve converged due to CONVERGED_FNORM_RELATIVE iterations 22
SNES Object: 1 MPI process
  type: fas
    type is MULTIPLICATIVE, levels=3, cycles=1
    Not using Galerkin computed coarse grid function evaluation
    Coarse grid solver -- level 0 -------------------------------
    SNES Object: (fas_coarse_) 1 MPI process
      type: newtonls
      maximum iterations=50, maximum function evaluations=10000
      tolerances: relative=1e-08, absolute=1e-50, solution=1e-08
      total number of linear solver iterations=1
      total number of function evaluations=1
      norm schedule ALWAYS
      SNESLineSearch Object: (fas_coarse_) 1 MPI process
        type: bt
          interpolation: cubic
          alpha=1.000000e-04
        maxlambda=1.000000e+00, minlambda=1.000000e-12
        tolerances: relative=1.000000e-08, absolute=1.000000e-15, lambda=1.000000e-08
        maximum iterations=40
      KSP Object: (fas_coarse_) 1 MPI process
        type: preonly
        maximum iterations=10000, initial guess is zero
        tolerances: relative=1e-05, absolute=1e-50, divergence=10000.
        left preconditioning
        not checking for convergence
      PC Object: (fas_coarse_) 1 MPI process
        type: lu
          out-of-place factorization
          tolerance for zero pivot 2.22045e-14
          matrix ordering: nd
          factor fill ratio given 5., needed 1.875
            Factored matrix:
              Mat Object: (fas_coarse_) 1 MPI process
                type: seqaij
                rows=16, cols=16
                package used to perform factorization: petsc
                total: nonzeros=120, allocated nonzeros=120
                  using I-node routines: found 12 nodes, limit used is 5
        linear system matrix, which is also used to construct the preconditioner:
        Mat Object: 1 MPI process
          type: seqaij
          rows=16, cols=16
          total: nonzeros=64, allocated nonzeros=64
          total number of mallocs used during MatSetValues calls=0
            not using I-node routines
    Down solver (pre-smoother) on level 1 -------------------------------
    SNES Object: (fas_levels_1_) 1 MPI process
      type: nrichardson
      maximum iterations=1, maximum function evaluations=30000
      tolerances: relative=0., absolute=0., solution=0.
      total number of function evaluations=4
      norm schedule FINALONLY
      SNESLineSearch Object: (fas_levels_1_) 1 MPI process
        type: secant
        maxlambda=1.000000e+00, minlambda=1.000000e-12
        tolerances: relative=1.000000e-08, absolute=1.000000e-15, lambda=1.000000e-08
        maximum iterations=1
    solution vector:
      Vec Object: Coarse correction 1 MPI process
        type: seq
        length=49
        length=49
    Up solver (post-smoother) same as down solver (pre-smoother)
    Coarse correction line search on level 1 -------------------------------
    SNESLineSearch Object: (fas_coarse_correction_1_) 1 MPI process
      type: none
        damping factor: 0.5
      maxlambda=1.000000e+00, minlambda=1.000000e-12
      tolerances: relative=1.000000e-08, absolute=1.000000e-15, lambda=1.000000e-08
      maximum iterations=1
    Down solver (pre-smoother) on level 2 -------------------------------
    SNES Object: (fas_levels_2_) 1 MPI process
      type: nrichardson
      maximum iterations=1, maximum function evaluations=30000
      tolerances: relative=0., absolute=0., solution=0.
      total number of function evaluations=4
      norm schedule FINALONLY
      SNESLineSearch Object: (fas_levels_2_) 1 MPI process
        type: secant
        maxlambda=1.000000e+00, minlambda=1.000000e-12
        tolerances: relative=1.000000e-08, absolute=1.000000e-15, lambda=1.000000e-08
        maximum iterations=1
    solution vector:
      Vec Object: Updated Fine solution 1 MPI process
        type: seq
        length=169
        length=169
    Up solver (post-smoother) same as down solver (pre-smoother)
    Coarse correction line search on level 2 -------------------------------
    SNESLineSearch Object: (fas_coarse_correction_2_) 1 MPI process
      type: none
        damping factor: 0.5
      maxlambda=1.000000e+00, minlambda=1.000000e-12
      tolerances: relative=1.000000e-08, absolute=1.000000e-15, lambda=1.000000e-08
      maximum iterations=1
  maximum iterations=10000, maximum function evaluations=30000
  tolerances: relative=1e-05, absolute=1e-50, solution=1e-08
  total number of function evaluations=23
  norm schedule ALWAYS
solution vector:
  Vec Object: Updated Fine solution 1 MPI process
    type: seq
    length=169
    length=169
