    0 KSP Residual norm 1.027266415838e+02
    1 KSP Residual norm 2.761642783691e+01
    2 KSP Residual norm 7.498413655009e-15
  Linear solve converged due to CONVERGED_RTOL iterations 2
    0 KSP Residual norm 2.835867173071e+02
    1 KSP Residual norm 1.461452734173e+01
    2 KSP Residual norm 3.611773228771e+00
    3 KSP Residual norm 6.913075123169e-01
    4 KSP Residual norm 1.756408610837e-01
    5 KSP Residual norm 2.979514466216e-02
    6 KSP Residual norm 6.217516194475e-03
    7 KSP Residual norm 1.455871483410e-03
    8 KSP Residual norm 2.230278159904e-04
    9 KSP Residual norm 4.486510015199e-05
   10 KSP Residual norm 9.020757581582e-06
   11 KSP Residual norm 1.498680311915e-06
   12 KSP Residual norm 3.286236494633e-07
   13 KSP Residual norm 7.027649519551e-08
   14 KSP Residual norm 1.377159265404e-08
  Linear solve converged due to CONVERGED_RTOL iterations 14
[0] 0) N=          27, max displ=4.1232123e+01, error=1.850e+01
[0] 1) N=         441, max displ=5.3174288e+01, disp diff= 1.19e+01, error=6.557e+00, rate=1.5
