DM Object: box 4 MPI processes
  type: plex
box in 3 dimensions:
  Number of 0-cells per rank: 8 8 8 8
  Number of 1-cells per rank: 12 12 12 12
  Number of 2-cells per rank: 6 6 6 6
  Number of 3-cells per rank: 1 1 1 1
Labels:
  depth: 4 strata with value/size (0 (8), 1 (12), 2 (6), 3 (1))
  marker: 1 strata with value/size (1 (23))
  Face Sets: 4 strata with value/size (1 (1), 2 (1), 3 (1), 6 (1))
  celltype: 4 strata with value/size (0 (8), 1 (12), 4 (6), 7 (1))
  boundary: 1 strata with value/size (1 (4))
  0 SNES Function norm 7.066526692708e+01
    0 KSP Residual norm 7.066526692708e+01
    1 KSP Residual norm 1.253860691158e+01
    2 KSP Residual norm 1.582584922475e+00
    3 KSP Residual norm 9.891472209937e-02
    4 KSP Residual norm 1.551689706081e-02
    5 KSP Residual norm 1.417627742668e-03
    6 KSP Residual norm 1.571682752375e-04
    7 KSP Residual norm 5.754454429215e-06
    8 KSP Residual norm 7.892650428596e-07
    9 KSP Residual norm 2.822408378905e-08
   10 KSP Residual norm 7.513182580226e-19
  Linear solve converged due to CONVERGED_RTOL iterations 10
  1 SNES Function norm 2.931389317759e-14
DM Object: Mesh 4 MPI processes
  type: plex
Mesh in 3 dimensions:
  Number of 0-cells per rank: 27 27 27 27
  Number of 1-cells per rank: 54 54 54 54
  Number of 2-cells per rank: 36 36 36 36
  Number of 3-cells per rank: 8 8 8 8
Labels:
  celltype: 4 strata with value/size (0 (27), 1 (54), 4 (36), 7 (8))
  depth: 4 strata with value/size (0 (27), 1 (54), 2 (36), 3 (8))
  marker: 1 strata with value/size (1 (77))
  Face Sets: 4 strata with value/size (1 (9), 2 (9), 3 (9), 6 (9))
  boundary: 1 strata with value/size (1 (77))
Field deformation:
  adjacency FEM
  0 SNES Function norm 2.870043531222e+01
    0 KSP Residual norm 2.870043531222e+01
    1 KSP Residual norm 7.178358704903e+00
    2 KSP Residual norm 1.324439146240e+00
    3 KSP Residual norm 2.151093272352e-01
    4 KSP Residual norm 3.506335741036e-02
    5 KSP Residual norm 6.077023715720e-03
    6 KSP Residual norm 9.713401359300e-04
    7 KSP Residual norm 1.638589471521e-04
    8 KSP Residual norm 2.898454940062e-05
    9 KSP Residual norm 4.391188485452e-06
   10 KSP Residual norm 7.374947664484e-07
   11 KSP Residual norm 1.241844801613e-07
   12 KSP Residual norm 2.083810555253e-08
   13 KSP Residual norm 3.663276062566e-09
   14 KSP Residual norm 6.283979328663e-10
  Linear solve converged due to CONVERGED_RTOL iterations 14
  1 SNES Function norm 6.283952549533e-10
[0] 0) N=          27, max displ=4.1232123e+01, error=1.852e+01
[0] 1) N=         441, max displ=5.3174288e+01, disp diff= 1.19e+01, error=6.579e+00, rate=1.5
