    0 KSP Residual norm 1.027266415838e+02
    1 KSP Residual norm 2.761642783691e+01
    2 KSP Residual norm 5.521176777392e-15
    Linear solve converged due to CONVERGED_RTOL iterations 2
    0 KSP Residual norm 2.277189679623e+02
    1 KSP Residual norm 2.158759399712e+01
    2 KSP Residual norm 6.557992361166e+00
    3 KSP Residual norm 2.394893769189e+00
    4 KSP Residual norm 6.725341086975e-01
    5 KSP Residual norm 1.468391833116e-01
    6 KSP Residual norm 3.230949564497e-02
    7 KSP Residual norm 6.148764759524e-03
    8 KSP Residual norm 1.559660087806e-03
    9 KSP Residual norm 3.312406185179e-04
   10 KSP Residual norm 7.556568235761e-05
   11 KSP Residual norm 1.558648872850e-05
   12 KSP Residual norm 3.299545655787e-06
   13 KSP Residual norm 9.150282671947e-07
   14 KSP Residual norm 2.113981706638e-07
   15 KSP Residual norm 4.751291405904e-08
   16 KSP Residual norm 1.091229181002e-08
    Linear solve converged due to CONVERGED_RTOL iterations 16
[0] 0) N=          27, max displ=4.1232123e+01, error=1.852e+01
[0] 1) N=         441, max displ=5.3174288e+01, disp diff= 1.19e+01, error=6.579e+00, rate=1.5
