  0 SNES VI Function norm 0.0946221 Active lower constraints 202/7417 upper constraints 0/0 Percent of total 0.0214688 Percent of bounded 0.
    0 KSP Residual norm 2.455791652278e+00
    1 KSP Residual norm 1.116928880525e-03
    2 KSP Residual norm 1.915568535968e-05
  1 SNES VI Function norm 0.0749539 Active lower constraints 1671/4490 upper constraints 0/0 Percent of total 0.177596 Percent of bounded 0.
    0 KSP Residual norm 1.789412601977e+00
    1 KSP Residual norm 1.172982427779e-03
    2 KSP Residual norm 4.118630563127e-05
    3 KSP Residual norm 3.184058360116e-06
  2 SNES VI Function norm 0.0704816 Active lower constraints 775/3661 upper constraints 0/0 Percent of total 0.0823679 Percent of bounded 0.
    0 KSP Residual norm 1.693191551145e+00
    1 KSP Residual norm 1.107538544991e-03
    2 KSP Residual norm 4.510114663983e-05
    3 KSP Residual norm 3.315941411585e-06
  3 SNES VI Function norm 0.0683928 Active lower constraints 368/2829 upper constraints 0/0 Percent of total 0.0391115 Percent of bounded 0.
    0 KSP Residual norm 2.097515938983e+00
    1 KSP Residual norm 1.279917082519e-03
    2 KSP Residual norm 6.810925300786e-05
    3 KSP Residual norm 4.483819299848e-06
  4 SNES VI Function norm 0.0648403 Active lower constraints 255/1971 upper constraints 0/0 Percent of total 0.0271017 Percent of bounded 0.
    0 KSP Residual norm 2.854642720955e+00
    1 KSP Residual norm 1.564188016675e-03
    2 KSP Residual norm 9.393154443458e-05
    3 KSP Residual norm 5.562842044503e-06
  5 SNES VI Function norm 0.0579161 Active lower constraints 202/1113 upper constraints 0/0 Percent of total 0.0214688 Percent of bounded 0.
    0 KSP Residual norm 3.509660275309e+00
    1 KSP Residual norm 1.670517272450e-03
    2 KSP Residual norm 1.050720951758e-04
    3 KSP Residual norm 6.251201223603e-06
  6 SNES VI Function norm 0.0528488 Active lower constraints 186/592 upper constraints 0/0 Percent of total 0.0197683 Percent of bounded 0.
    0 KSP Residual norm 3.843335082347e+00
    1 KSP Residual norm 1.506751216673e-03
    2 KSP Residual norm 1.018714712835e-04
    3 KSP Residual norm 6.297079659687e-06
  7 SNES VI Function norm 0.043283 Active lower constraints 189/281 upper constraints 0/0 Percent of total 0.0200872 Percent of bounded 0.
    0 KSP Residual norm 3.904276038530e+00
    1 KSP Residual norm 1.259921912691e-03
    2 KSP Residual norm 8.470009589311e-05
    3 KSP Residual norm 5.324551231559e-06
  8 SNES VI Function norm 0.0304302 Active lower constraints 190/190 upper constraints 0/0 Percent of total 0.0201934 Percent of bounded 0.
    0 KSP Residual norm 3.984225673245e+00
    1 KSP Residual norm 8.213128203654e-04
    2 KSP Residual norm 4.982069142125e-05
    3 KSP Residual norm 2.753107314927e-06
  9 SNES VI Function norm 0.028709 Active lower constraints 188/188 upper constraints 0/0 Percent of total 0.0199809 Percent of bounded 0.
    0 KSP Residual norm 1.275506577956e+00
    1 KSP Residual norm 2.688228274685e-04
    2 KSP Residual norm 2.305039740514e-05
    3 KSP Residual norm 2.539670113071e-06
 10 SNES VI Function norm 0.0356855 Active lower constraints 183/183 upper constraints 0/0 Percent of total 0.0194495 Percent of bounded 0.
    0 KSP Residual norm 3.903993973131e-01
    1 KSP Residual norm 1.020605758612e-04
    2 KSP Residual norm 1.088017318426e-05
    3 KSP Residual norm 1.774448948965e-07
 11 SNES VI Function norm 0.0147899 Active lower constraints 194/194 upper constraints 0/0 Percent of total 0.0206186 Percent of bounded 0.
    0 KSP Residual norm 2.835706845520e-02
    1 KSP Residual norm 1.873638478052e-05
    2 KSP Residual norm 1.261149110259e-06
    3 KSP Residual norm 2.875511500755e-08
 12 SNES VI Function norm 1.65717e-05 Active lower constraints 198/198 upper constraints 0/0 Percent of total 0.0210437 Percent of bounded 0.
    0 KSP Residual norm 3.348852067234e-04
    1 KSP Residual norm 4.047506630549e-07
    2 KSP Residual norm 1.846271070486e-08
    3 KSP Residual norm 3.246461716076e-10
 13 SNES VI Function norm 5.03848e-09 Active lower constraints 198/198 upper constraints 0/0 Percent of total 0.0210437 Percent of bounded 0.
    0 KSP Residual norm 6.194222226357e-08
    1 KSP Residual norm 1.970289336554e-10
    2 KSP Residual norm 6.015671110607e-12
    3 KSP Residual norm 2.784471022946e-13
 14 SNES VI Function norm 6.41303e-13 Active lower constraints 198/198 upper constraints 0/0 Percent of total 0.0210437 Percent of bounded 0.
  Nonlinear solve converged due to CONVERGED_FNORM_RELATIVE iterations 14
