  0 SNES Function norm 1.178874535106e+00
    0 KSP Residual norm 8.832335179842e-01
    1 KSP Residual norm 4.481201362827e-01
    2 KSP Residual norm 2.982355064890e-01
    3 KSP Residual norm 2.252897220619e-01
    4 KSP Residual norm 1.840121525876e-01
    5 KSP Residual norm 1.499882343463e-01
    6 KSP Residual norm 1.265205769023e-01
    7 KSP Residual norm 1.122167133857e-01
    8 KSP Residual norm 1.021396770161e-01
    9 KSP Residual norm 9.301647675944e-02
   10 KSP Residual norm 8.520484905695e-02
   11 KSP Residual norm 7.842342979213e-02
   12 KSP Residual norm 7.236175651897e-02
   13 KSP Residual norm 6.607656150410e-02
   14 KSP Residual norm 6.001330497157e-02
   15 KSP Residual norm 5.416351953960e-02
   16 KSP Residual norm 4.673933823615e-02
   17 KSP Residual norm 3.546223053368e-02
   18 KSP Residual norm 2.493694646628e-02
   19 KSP Residual norm 1.527738625542e-02
   20 KSP Residual norm 8.570706572272e-03
   21 KSP Residual norm 5.247071041055e-03
   22 KSP Residual norm 3.052777496967e-03
   23 KSP Residual norm 1.753130130016e-03
   24 KSP Residual norm 1.085689149322e-03
   25 KSP Residual norm 8.174691453656e-04
   26 KSP Residual norm 7.045025123012e-04
   27 KSP Residual norm 6.096188701175e-04
   28 KSP Residual norm 5.022578826777e-04
   29 KSP Residual norm 3.758506863224e-04
   30 KSP Residual norm 2.739327238948e-04
   31 KSP Residual norm 2.372587771293e-04
   32 KSP Residual norm 2.011780066435e-04
   33 KSP Residual norm 1.731205150970e-04
   34 KSP Residual norm 1.411602918193e-04
   35 KSP Residual norm 1.088733911291e-04
   36 KSP Residual norm 8.286617825434e-05
   37 KSP Residual norm 6.579429325159e-05
   38 KSP Residual norm 5.411013383009e-05
   39 KSP Residual norm 4.144359644214e-05
   40 KSP Residual norm 2.897270916736e-05
   41 KSP Residual norm 1.966375868671e-05
   42 KSP Residual norm 1.337802157747e-05
   43 KSP Residual norm 9.557535709813e-06
   44 KSP Residual norm 6.931453282156e-06
  1 SNES Function norm 1.412440404747e-02
    0 KSP Residual norm 2.143256331901e-02
    1 KSP Residual norm 1.851535984998e-02
    2 KSP Residual norm 1.719882991836e-02
    3 KSP Residual norm 1.615319896070e-02
    4 KSP Residual norm 1.414912815840e-02
    5 KSP Residual norm 1.219282090740e-02
    6 KSP Residual norm 1.017341444301e-02
    7 KSP Residual norm 7.461708804969e-03
    8 KSP Residual norm 4.964005627709e-03
    9 KSP Residual norm 3.152977895235e-03
   10 KSP Residual norm 2.108468162044e-03
   11 KSP Residual norm 1.532548573891e-03
   12 KSP Residual norm 1.109993546689e-03
   13 KSP Residual norm 7.858755369252e-04
   14 KSP Residual norm 5.693609162651e-04
   15 KSP Residual norm 4.192196622365e-04
   16 KSP Residual norm 3.073746257445e-04
   17 KSP Residual norm 2.264643575060e-04
   18 KSP Residual norm 1.529604596535e-04
   19 KSP Residual norm 1.029344701935e-04
   20 KSP Residual norm 8.172422005330e-05
   21 KSP Residual norm 6.670234949431e-05
   22 KSP Residual norm 5.754515087131e-05
   23 KSP Residual norm 5.012501737942e-05
   24 KSP Residual norm 3.995615731623e-05
   25 KSP Residual norm 2.569845711176e-05
   26 KSP Residual norm 1.497442808365e-05
   27 KSP Residual norm 8.575725099648e-06
   28 KSP Residual norm 4.526028067571e-06
   29 KSP Residual norm 2.819400626453e-06
   30 KSP Residual norm 1.992524892122e-06
   31 KSP Residual norm 1.682138244373e-06
   32 KSP Residual norm 1.285419854104e-06
   33 KSP Residual norm 8.583710668945e-07
   34 KSP Residual norm 5.533372275499e-07
   35 KSP Residual norm 3.769692053553e-07
   36 KSP Residual norm 2.776535045352e-07
   37 KSP Residual norm 2.115543104201e-07
  2 SNES Function norm 2.213238785147e-04
    0 KSP Residual norm 3.262483024370e-04
    1 KSP Residual norm 2.778033923210e-04
    2 KSP Residual norm 2.611246412415e-04
    3 KSP Residual norm 2.495592528916e-04
    4 KSP Residual norm 2.284222006405e-04
    5 KSP Residual norm 2.066844472197e-04
    6 KSP Residual norm 1.799942609674e-04
    7 KSP Residual norm 1.395475356405e-04
    8 KSP Residual norm 1.037735927928e-04
    9 KSP Residual norm 7.926885582782e-05
   10 KSP Residual norm 6.203065947876e-05
   11 KSP Residual norm 4.617959482092e-05
   12 KSP Residual norm 3.018133264772e-05
   13 KSP Residual norm 1.781261700033e-05
   14 KSP Residual norm 9.719341021452e-06
   15 KSP Residual norm 5.439912143046e-06
   16 KSP Residual norm 3.312098097436e-06
   17 KSP Residual norm 2.374227639103e-06
   18 KSP Residual norm 1.827009105525e-06
   19 KSP Residual norm 1.436511022102e-06
   20 KSP Residual norm 1.212161756431e-06
   21 KSP Residual norm 9.991036908148e-07
   22 KSP Residual norm 8.176792791960e-07
   23 KSP Residual norm 6.755960024774e-07
   24 KSP Residual norm 5.451347365528e-07
   25 KSP Residual norm 3.870030135909e-07
   26 KSP Residual norm 2.425949086483e-07
   27 KSP Residual norm 1.430181321397e-07
   28 KSP Residual norm 7.949094803160e-08
   29 KSP Residual norm 5.124634116995e-08
   30 KSP Residual norm 3.850148249733e-08
   31 KSP Residual norm 3.345690107477e-08
   32 KSP Residual norm 2.702448225341e-08
   33 KSP Residual norm 1.917520986455e-08
   34 KSP Residual norm 1.300611916199e-08
   35 KSP Residual norm 8.912698976145e-09
   36 KSP Residual norm 6.459599740747e-09
   37 KSP Residual norm 4.690136787580e-09
   38 KSP Residual norm 3.347274735528e-09
   39 KSP Residual norm 2.423556723981e-09
  3 SNES Function norm 5.905439984859e-08
    0 KSP Residual norm 8.613912701561e-08
    1 KSP Residual norm 7.319830315250e-08
    2 KSP Residual norm 6.876542299951e-08
    3 KSP Residual norm 6.585356487925e-08
    4 KSP Residual norm 6.072486486796e-08
    5 KSP Residual norm 5.585166137604e-08
    6 KSP Residual norm 5.038845594263e-08
    7 KSP Residual norm 4.175267792606e-08
    8 KSP Residual norm 3.331293175771e-08
    9 KSP Residual norm 2.632813141544e-08
   10 KSP Residual norm 2.061793867666e-08
   11 KSP Residual norm 1.502211181698e-08
   12 KSP Residual norm 9.545810448720e-09
   13 KSP Residual norm 5.185218848874e-09
   14 KSP Residual norm 2.700972704608e-09
   15 KSP Residual norm 1.556017178315e-09
   16 KSP Residual norm 9.428071883159e-10
   17 KSP Residual norm 6.656141187246e-10
   18 KSP Residual norm 5.250501961091e-10
   19 KSP Residual norm 4.156206865603e-10
   20 KSP Residual norm 3.334576111357e-10
   21 KSP Residual norm 2.727427005506e-10
   22 KSP Residual norm 2.259365859882e-10
   23 KSP Residual norm 1.895369138243e-10
   24 KSP Residual norm 1.566028352453e-10
   25 KSP Residual norm 1.171406859021e-10
   26 KSP Residual norm 7.891436170880e-11
   27 KSP Residual norm 5.121998067906e-11
   28 KSP Residual norm 3.311897062459e-11
   29 KSP Residual norm 2.397841530922e-11
   30 KSP Residual norm 1.795852958937e-11
   31 KSP Residual norm 1.492634430956e-11
   32 KSP Residual norm 1.165869207352e-11
   33 KSP Residual norm 8.046380770597e-12
   34 KSP Residual norm 5.520632030020e-12
   35 KSP Residual norm 3.993581297089e-12
   36 KSP Residual norm 3.012684490841e-12
   37 KSP Residual norm 2.383307912574e-12
   38 KSP Residual norm 1.837911225247e-12
   39 KSP Residual norm 1.353937385744e-12
   40 KSP Residual norm 9.954240535073e-13
   41 KSP Residual norm 7.616808755431e-13
  4 SNES Function norm 8.457006987297e-13
  Nonlinear solve converged due to CONVERGED_FNORM_RELATIVE iterations 4
