  0 SNES Function norm 1.178874535106e+00
    0 KSP Residual norm 8.965837925464e-01
    1 KSP Residual norm 4.548391143545e-01
    2 KSP Residual norm 3.006419252183e-01
    3 KSP Residual norm 2.212199228950e-01
    4 KSP Residual norm 1.733977458527e-01
    5 KSP Residual norm 1.432374252105e-01
    6 KSP Residual norm 1.245578102952e-01
    7 KSP Residual norm 1.126721608948e-01
    8 KSP Residual norm 1.037189757396e-01
    9 KSP Residual norm 9.721325874589e-02
   10 KSP Residual norm 9.228128467705e-02
   11 KSP Residual norm 8.513188242723e-02
   12 KSP Residual norm 7.057390055730e-02
   13 KSP Residual norm 5.662882022464e-02
   14 KSP Residual norm 4.036381169411e-02
   15 KSP Residual norm 2.136208320344e-02
   16 KSP Residual norm 1.238980160929e-02
   17 KSP Residual norm 5.901049453303e-03
   18 KSP Residual norm 3.065323623212e-03
   19 KSP Residual norm 1.409094649706e-03
   20 KSP Residual norm 7.697963481469e-04
   21 KSP Residual norm 5.434406394760e-04
   22 KSP Residual norm 4.561415850328e-04
   23 KSP Residual norm 3.316167455330e-04
   24 KSP Residual norm 1.823457665077e-04
   25 KSP Residual norm 1.055246540863e-04
   26 KSP Residual norm 6.412744415123e-05
   27 KSP Residual norm 3.736664413835e-05
   28 KSP Residual norm 1.953583987284e-05
   29 KSP Residual norm 1.038017526543e-05
   30 KSP Residual norm 5.837113909492e-06
  1 SNES Function norm 1.412186250567e-02
    0 KSP Residual norm 2.370918221729e-02
    1 KSP Residual norm 2.009683186595e-02
    2 KSP Residual norm 1.714486074973e-02
    3 KSP Residual norm 1.371887638218e-02
    4 KSP Residual norm 1.000386916223e-02
    5 KSP Residual norm 6.355138034095e-03
    6 KSP Residual norm 3.615642726725e-03
    7 KSP Residual norm 2.304103403976e-03
    8 KSP Residual norm 1.799460326706e-03
    9 KSP Residual norm 1.262171285065e-03
   10 KSP Residual norm 6.416211021106e-04
   11 KSP Residual norm 3.373371252935e-04
   12 KSP Residual norm 1.876731678479e-04
   13 KSP Residual norm 9.295031728332e-05
   14 KSP Residual norm 4.545045118099e-05
   15 KSP Residual norm 2.481369771555e-05
   16 KSP Residual norm 1.259421969431e-05
   17 KSP Residual norm 7.371001305181e-06
   18 KSP Residual norm 4.815742361348e-06
   19 KSP Residual norm 3.420588338781e-06
   20 KSP Residual norm 2.773974976306e-06
   21 KSP Residual norm 2.357695887237e-06
   22 KSP Residual norm 1.784444278427e-06
   23 KSP Residual norm 1.375456755528e-06
   24 KSP Residual norm 9.548324258651e-07
   25 KSP Residual norm 5.056194229568e-07
   26 KSP Residual norm 3.060369615806e-07
   27 KSP Residual norm 2.406470872062e-07
   28 KSP Residual norm 1.975013943857e-07
  2 SNES Function norm 2.212406535540e-04
    0 KSP Residual norm 3.703168798075e-04
    1 KSP Residual norm 2.856253336783e-04
    2 KSP Residual norm 2.671676020896e-04
    3 KSP Residual norm 2.305326863057e-04
    4 KSP Residual norm 1.756326340323e-04
    5 KSP Residual norm 1.261135985111e-04
    6 KSP Residual norm 8.656767684772e-05
    7 KSP Residual norm 4.682825304857e-05
    8 KSP Residual norm 2.177908431468e-05
    9 KSP Residual norm 1.396070006655e-05
   10 KSP Residual norm 7.824267798075e-06
   11 KSP Residual norm 4.655779681658e-06
   12 KSP Residual norm 2.386722795672e-06
   13 KSP Residual norm 9.439795381761e-07
   14 KSP Residual norm 4.074185082402e-07
   15 KSP Residual norm 2.746218393204e-07
   16 KSP Residual norm 2.098132704683e-07
   17 KSP Residual norm 1.579818680302e-07
   18 KSP Residual norm 1.172665109233e-07
   19 KSP Residual norm 7.455427770012e-08
   20 KSP Residual norm 4.625705973465e-08
   21 KSP Residual norm 2.941099443059e-08
   22 KSP Residual norm 1.949410962687e-08
   23 KSP Residual norm 1.392971484868e-08
   24 KSP Residual norm 1.036043218034e-08
   25 KSP Residual norm 8.891023267548e-09
   26 KSP Residual norm 7.507246953581e-09
   27 KSP Residual norm 5.230056626451e-09
   28 KSP Residual norm 3.391896214526e-09
  3 SNES Function norm 5.910257451421e-08
    0 KSP Residual norm 9.860989702377e-08
    1 KSP Residual norm 8.200094362280e-08
    2 KSP Residual norm 7.362949227850e-08
    3 KSP Residual norm 6.819737895270e-08
    4 KSP Residual norm 5.714876053844e-08
    5 KSP Residual norm 4.244556066580e-08
    6 KSP Residual norm 2.841882025040e-08
    7 KSP Residual norm 1.826636340173e-08
    8 KSP Residual norm 1.037667274860e-08
    9 KSP Residual norm 6.398367341854e-09
   10 KSP Residual norm 3.586778864782e-09
   11 KSP Residual norm 2.100487881146e-09
   12 KSP Residual norm 1.241106377006e-09
   13 KSP Residual norm 8.913709754580e-10
   14 KSP Residual norm 7.106039198325e-10
   15 KSP Residual norm 5.846461331968e-10
   16 KSP Residual norm 4.943597635766e-10
   17 KSP Residual norm 3.529783861669e-10
   18 KSP Residual norm 2.145149747816e-10
   19 KSP Residual norm 1.218355107995e-10
   20 KSP Residual norm 7.759853880323e-11
   21 KSP Residual norm 5.609723517707e-11
   22 KSP Residual norm 4.334492581186e-11
   23 KSP Residual norm 3.317823803990e-11
   24 KSP Residual norm 2.171014057455e-11
   25 KSP Residual norm 1.277334578696e-11
   26 KSP Residual norm 6.729956627257e-12
   27 KSP Residual norm 3.743539321097e-12
   28 KSP Residual norm 2.833201120147e-12
   29 KSP Residual norm 1.789911630901e-12
   30 KSP Residual norm 9.439512211520e-13
  4 SNES Function norm 1.369957583357e-12
  Nonlinear solve converged due to CONVERGED_FNORM_RELATIVE iterations 4
