  0 SNES Function norm 1.101514109457e+00
    0 KSP Residual norm 1.101514109457e+00
    1 KSP Residual norm 1.398368346618e-01
    2 KSP Residual norm 3.047929233416e-16
    Linear solve converged due to CONVERGED_RTOL iterations 2
  1 SNES Function norm 5.287390247395e-01
    0 KSP Residual norm 5.287390247395e-01
    1 KSP Residual norm 4.283258274786e-02
    2 KSP Residual norm 7.082955912867e-16
    Linear solve converged due to CONVERGED_RTOL iterations 2
  2 SNES Function norm 1.172019459703e-01
    0 KSP Residual norm 1.172019459703e-01
    1 KSP Residual norm 8.816878614986e-03
    2 KSP Residual norm 3.504770425370e-17
    Linear solve converged due to CONVERGED_RTOL iterations 2
  3 SNES Function norm 7.978668466681e-03
    0 KSP Residual norm 7.978668466681e-03
    1 KSP Residual norm 5.325303648324e-04
    2 KSP Residual norm 4.507705046466e-18
    Linear solve converged due to CONVERGED_RTOL iterations 2
  4 SNES Function norm 2.517749372731e-05
    0 KSP Residual norm 2.517749372731e-05
    1 KSP Residual norm 1.490036237809e-06
    2 KSP Residual norm 6.624990058876e-20
    Linear solve converged due to CONVERGED_RTOL iterations 2
  5 SNES Function norm 5.359066133072e-10
  Nonlinear solve converged due to CONVERGED_FNORM_RELATIVE iterations 5
Number of SNES iterations = 5
