  0 SNES Function norm 4.472135955000e+00
    0 KSP Residual norm 5.336587654016e-03
    1 KSP Residual norm 8.544173898539e-04
  1 SNES Function norm 8.469238576525e+01
    0 KSP Residual norm 8.529923557348e-02
    1 KSP Residual norm 7.644467412637e-02
  2 SNES Function norm 7.097101289667e+01
    0 KSP Residual norm 7.610394575408e-02
    1 KSP Residual norm 6.623513276395e-02
    2 KSP Residual norm 1.342789717457e-02
  3 SNES Function norm 5.073519989794e+01
    0 KSP Residual norm 5.661851769532e-02
    1 KSP Residual norm 4.715896162028e-02
    2 KSP Residual norm 4.470506391773e-03
  4 SNES Function norm 3.047834587966e+01
    0 KSP Residual norm 3.288399290088e-02
    1 KSP Residual norm 2.774413251995e-02
    2 KSP Residual norm 3.219661571514e-03
  5 SNES Function norm 1.285125989487e+01
    0 KSP Residual norm 9.615523067160e-03
    1 KSP Residual norm 8.635887610487e-03
    2 KSP Residual norm 4.047800509693e-03
    3 KSP Residual norm 1.320279392065e-03
    4 KSP Residual norm 4.286918823985e-04
    5 KSP Residual norm 1.709048822932e-04
    6 KSP Residual norm 8.483598973493e-05
    7 KSP Residual norm 5.861657413442e-05
    8 KSP Residual norm 4.135442191635e-05
    9 KSP Residual norm 2.787063802861e-05
   10 KSP Residual norm 2.138741658667e-05
   11 KSP Residual norm 8.499970066314e-06
   12 KSP Residual norm 2.822393023335e-06
   13 KSP Residual norm 1.106509288068e-06
   14 KSP Residual norm 3.763435057439e-07
   15 KSP Residual norm 2.044513095460e-07
   16 KSP Residual norm 8.834914146576e-08
  6 SNES Function norm 2.138814335122e-04
    0 KSP Residual norm 8.834914146576e-08
    1 KSP Residual norm 4.199419744338e-08
    2 KSP Residual norm 2.254177258645e-08
    3 KSP Residual norm 9.222939090442e-09
    4 KSP Residual norm 2.966400916887e-09
    5 KSP Residual norm 1.821149507803e-09
    6 KSP Residual norm 1.122611055468e-09
    7 KSP Residual norm 9.952595083579e-10
    8 KSP Residual norm 7.099468099158e-10
    9 KSP Residual norm 3.068261145235e-10
   10 KSP Residual norm 1.915210430319e-10
   11 KSP Residual norm 8.703586837446e-11
   12 KSP Residual norm 2.902740733421e-11
   13 KSP Residual norm 1.054401189495e-11
   14 KSP Residual norm 3.190958503038e-12
   15 KSP Residual norm 2.082188484090e-12
   16 KSP Residual norm 1.742686761971e-12
   17 KSP Residual norm 9.082895057849e-13
   18 KSP Residual norm 2.116891641551e-13
  7 SNES Function norm 6.963477792274e-10
  Nonlinear solve converged due to CONVERGED_FNORM_RELATIVE iterations 7
