  0 SNES Function norm 4.472135955000e+00
    0 KSP Residual norm 5.336587654016e-03
    1 KSP Residual norm 8.544173898539e-04
  1 SNES Function norm 2.215649972747e+00
    0 KSP Residual norm 9.773855158815e-04
    1 KSP Residual norm 6.151555857339e-04
    2 KSP Residual norm 5.003796060980e-04
    3 KSP Residual norm 2.831447800892e-04
    4 KSP Residual norm 1.245977805633e-04
    5 KSP Residual norm 5.790619361817e-05
    6 KSP Residual norm 2.963955514308e-05
    7 KSP Residual norm 1.431540074666e-05
    8 KSP Residual norm 5.111962743372e-06
    9 KSP Residual norm 2.750595989283e-06
   10 KSP Residual norm 2.347731985368e-06
   11 KSP Residual norm 1.491316683756e-06
   12 KSP Residual norm 9.257841944347e-07
   13 KSP Residual norm 4.189905527584e-07
   14 KSP Residual norm 2.278879401314e-07
   15 KSP Residual norm 6.821334394954e-08
   16 KSP Residual norm 2.081485294228e-08
   17 KSP Residual norm 2.643610980668e-09
  2 SNES Function norm 8.596663682314e-06
    0 KSP Residual norm 2.643610979465e-09
    1 KSP Residual norm 6.514224036585e-10
    2 KSP Residual norm 2.155446254238e-10
    3 KSP Residual norm 1.649265253565e-10
    4 KSP Residual norm 1.340701840239e-10
    5 KSP Residual norm 9.588906579359e-11
    6 KSP Residual norm 6.761266271164e-11
    7 KSP Residual norm 3.816838517024e-11
    8 KSP Residual norm 1.796110901967e-11
    9 KSP Residual norm 2.911333726930e-12
   10 KSP Residual norm 8.019413087298e-13
   11 KSP Residual norm 4.601137882469e-13
   12 KSP Residual norm 3.099367613775e-13
   13 KSP Residual norm 2.240788371596e-13
   14 KSP Residual norm 1.683064540927e-13
   15 KSP Residual norm 1.161296098821e-13
   16 KSP Residual norm 6.314798318137e-14
   17 KSP Residual norm 1.998077602488e-14
  3 SNES Function norm 6.259935440371e-11
  Nonlinear solve converged due to CONVERGED_FNORM_RELATIVE iterations 3
