  0 SNES Function norm 4.472135955000e+00
    0 KSP Residual norm 5.336587654016e-03
    1 KSP Residual norm 8.544173898539e-04
    2 KSP Residual norm 1.602088956726e-04
    3 KSP Residual norm 7.578348479564e-05
    4 KSP Residual norm 4.224086177324e-05
    5 KSP Residual norm 2.684227680635e-05
    6 KSP Residual norm 1.886080650266e-05
    7 KSP Residual norm 1.486382841375e-05
    8 KSP Residual norm 1.131301871667e-05
    9 KSP Residual norm 5.006916393610e-06
   10 KSP Residual norm 1.273357874576e-06
   11 KSP Residual norm 6.290128177341e-07
   12 KSP Residual norm 2.809805448893e-07
   13 KSP Residual norm 1.207706820792e-07
   14 KSP Residual norm 3.789202455618e-08
  1 SNES Function norm 1.271260450684e-04
    0 KSP Residual norm 3.789202455664e-08
    1 KSP Residual norm 1.494367373825e-08
    2 KSP Residual norm 6.045634539718e-09
    3 KSP Residual norm 3.262583836536e-09
    4 KSP Residual norm 1.850147487467e-09
    5 KSP Residual norm 1.178690117497e-09
    6 KSP Residual norm 9.406852878508e-10
    7 KSP Residual norm 7.368834369218e-10
    8 KSP Residual norm 2.987449887128e-10
    9 KSP Residual norm 1.092151318815e-10
   10 KSP Residual norm 5.961603677573e-11
   11 KSP Residual norm 2.634907341695e-11
   12 KSP Residual norm 1.219738805905e-11
   13 KSP Residual norm 4.404108839177e-12
   14 KSP Residual norm 1.729249595309e-12
   15 KSP Residual norm 1.451541390648e-12
   16 KSP Residual norm 9.470050930434e-13
   17 KSP Residual norm 1.331269941096e-13
  2 SNES Function norm 5.190879375293e-10
  Nonlinear solve converged due to CONVERGED_FNORM_RELATIVE iterations 2
