DM Object: 7 MPI processes
  type: stag
Dimension: 1
Global size: 11
Boundary ghosting: NONE
Elementwise ghost stencil: STAR, width 1
1 DOF per vertex (0D)
1 DOF per element (1D)
[0] Local elements : 2 (3 with ghosts)
[0] Local native entries: 4
[0] Local entries total : 6
[1] Local elements : 2 (4 with ghosts)
[1] Local native entries: 4
[1] Local entries total : 8
[2] Local elements : 2 (4 with ghosts)
[2] Local native entries: 4
[2] Local entries total : 8
[3] Local elements : 2 (4 with ghosts)
[3] Local native entries: 4
[3] Local entries total : 8
[4] Local elements : 1 (3 with ghosts)
[4] Local native entries: 2
[4] Local entries total : 6
[5] Local elements : 1 (3 with ghosts)
[5] Local native entries: 2
[5] Local entries total : 6
[6] Local elements : 1 (3 with ghosts)
[6] Local native entries: 3
[6] Local entries total : 6
DM Object: 7 MPI processes
  type: stag
Dimension: 1
Global size: 11
Boundary ghosting: NONE
Elementwise ghost stencil: STAR, width 1
1 DOF per vertex (0D)
1 DOF per element (1D)
[0] Local elements : 2 (3 with ghosts)
[0] Local native entries: 4
[0] Local entries total : 6
[1] Local elements : 2 (4 with ghosts)
[1] Local native entries: 4
[1] Local entries total : 8
[2] Local elements : 2 (4 with ghosts)
[2] Local native entries: 4
[2] Local entries total : 8
[3] Local elements : 2 (4 with ghosts)
[3] Local native entries: 4
[3] Local entries total : 8
[4] Local elements : 1 (3 with ghosts)
[4] Local native entries: 2
[4] Local entries total : 6
[5] Local elements : 1 (3 with ghosts)
[5] Local native entries: 2
[5] Local entries total : 6
[6] Local elements : 1 (3 with ghosts)
[6] Local native entries: 3
[6] Local entries total : 6
DM Object: 7 MPI processes
  type: stag
Dimension: 1
Global size: 11
Boundary ghosting: NONE
Elementwise ghost stencil: STAR, width 1
1 DOF per vertex (0D)
0 DOF per element (1D)
[0] Local elements : 2 (3 with ghosts)
[0] Local native entries: 2
[0] Local entries total : 3
[1] Local elements : 2 (4 with ghosts)
[1] Local native entries: 2
[1] Local entries total : 4
[2] Local elements : 2 (4 with ghosts)
[2] Local native entries: 2
[2] Local entries total : 4
[3] Local elements : 2 (4 with ghosts)
[3] Local native entries: 2
[3] Local entries total : 4
[4] Local elements : 1 (3 with ghosts)
[4] Local native entries: 1
[4] Local entries total : 3
[5] Local elements : 1 (3 with ghosts)
[5] Local native entries: 1
[5] Local entries total : 3
[6] Local elements : 1 (3 with ghosts)
[6] Local native entries: 2
[6] Local entries total : 3
  0 KSP Residual norm 1.097967348012e+03
  1 KSP Residual norm 1.097967347965e+03
  2 KSP Residual norm 9.820664623864e+02
  3 KSP Residual norm 9.820664622941e+02
  4 KSP Residual norm 8.505158508837e+02
  5 KSP Residual norm 8.505158507158e+02
  6 KSP Residual norm 6.944786697492e+02
  7 KSP Residual norm 6.944786694472e+02
  8 KSP Residual norm 4.911466826539e+02
  9 KSP Residual norm 4.911466820551e+02
 10 KSP Residual norm 1.228139000332e+01
 11 KSP Residual norm 1.206651726230e+01
 12 KSP Residual norm 1.140179246366e+01
 13 KSP Residual norm 1.114507193943e+01
 14 KSP Residual norm 1.055369499243e+01
 15 KSP Residual norm 1.041882854239e+01
 16 KSP Residual norm 9.854028190665e+00
 17 KSP Residual norm 9.800421338697e+00
 18 KSP Residual norm 9.215359759831e+00
 19 KSP Residual norm 9.208272409673e+00
 20 KSP Residual norm 8.531065969922e+00
 21 KSP Residual norm 8.520935964809e+00
 22 KSP Residual norm 9.247294484470e-13
DM Object: 7 MPI processes
  type: stag
Dimension: 1
Global size: 11
Boundary ghosting: NONE
Elementwise ghost stencil: STAR, width 1
1 DOF per vertex (0D)
0 DOF per element (1D)
[0] Local elements : 2 (3 with ghosts)
[0] Local native entries: 2
[0] Local entries total : 3
[1] Local elements : 2 (4 with ghosts)
[1] Local native entries: 2
[1] Local entries total : 4
[2] Local elements : 2 (4 with ghosts)
[2] Local native entries: 2
[2] Local entries total : 4
[3] Local elements : 2 (4 with ghosts)
[3] Local native entries: 2
[3] Local entries total : 4
[4] Local elements : 1 (3 with ghosts)
[4] Local native entries: 1
[4] Local entries total : 3
[5] Local elements : 1 (3 with ghosts)
[5] Local native entries: 1
[5] Local entries total : 3
[6] Local elements : 1 (3 with ghosts)
[6] Local native entries: 2
[6] Local entries total : 3
DM Object: 7 MPI processes
  type: stag
Dimension: 1
Global size: 11
Boundary ghosting: NONE
Elementwise ghost stencil: STAR, width 1
0 DOF per vertex (0D)
1 DOF per element (1D)
[0] Local elements : 2 (3 with ghosts)
[0] Local native entries: 2
[0] Local entries total : 3
[1] Local elements : 2 (4 with ghosts)
[1] Local native entries: 2
[1] Local entries total : 4
[2] Local elements : 2 (4 with ghosts)
[2] Local native entries: 2
[2] Local entries total : 4
[3] Local elements : 2 (4 with ghosts)
[3] Local native entries: 2
[3] Local entries total : 4
[4] Local elements : 1 (3 with ghosts)
[4] Local native entries: 1
[4] Local entries total : 3
[5] Local elements : 1 (3 with ghosts)
[5] Local native entries: 1
[5] Local entries total : 3
[6] Local elements : 1 (3 with ghosts)
[6] Local native entries: 1
[6] Local entries total : 3
Vec Object: Sol_u 7 MPI processes
  type: mpi
Process [0]
1.33
-12.4817
Process [1]
-23.4239
-31.4967
Process [2]
-36.7001
-39.034
Process [3]
-38.4986
-35.0937
Process [4]
-28.8194
Process [5]
-19.6757
Process [6]
-7.66256
7.22
Vec Object: Sol_p 7 MPI processes
  type: mpi
Process [0]
-151.928
-120.365
Process [1]
-88.8009
-57.2373
Process [2]
-25.6736
5.89
Process [3]
37.4536
69.0173
Process [4]
100.581
Process [5]
132.145
Process [6]
163.708
Error (abs): 3.24839e-13
Error (rel): 9.43321e-16
