# Note: This mapping format requires the complete path (not just the 
#       relative path).

# PETSc default:  
default http://www.mcs.anl.gov/petsc/summaries.html

# PDE Solvers Module
# rect http://www.mcs.anl.gov/petsc/summaries.html#NodeGrid 106 92 221 133

# SNES Module
rect http://www.mcs.anl.gov/petsc/summaries.html#NodeSNES 20 100 207 145

# SLES Module
rect http://www.mcs.anl.gov/petsc/summaries.html#NodeSLES 222 127 392 176

# KSP Module
rect http://www.mcs.anl.gov/petsc/summaries.html#NodeKSP 21 157 193 206

# Draw Module
rect http://www.mcs.anl.gov/petsc/summaries.html#NodeDraw 318 187 392 231

# Vectors Module
rect http://www.mcs.anl.gov/petsc/summaries.html#NodeVectors 173 238 266 281

# Matrices Module
rect http://www.mcs.anl.gov/petsc/summaries.html#NodeMatrices 29 238 148 280

# Index Sets Module
rect http://www.mcs.anl.gov/petsc/summaries.html#Node 287 238 407 281 

# Preconditioners Module
rect http://www.mcs.anl.gov/petsc/summaries.html#NodePC 197 185 311 229

# MPI Module
rect http://www.mcs.anl.gov/mpi/index.html 293 307 423 347 

# Applications
rect http://www.mcs.anl.gov/petsc/petsc.html#NodeApplications 115 12 300 69

# Abstraction
# rect http://www.mcs.anl.gov/petsc/summaries.html#NodeAbstractions 12 42 57 458
